Namespace(att_w=0.01, batch_size=16, channel=64, d_llm=768, data_path='ETTm1', device='cuda:0', dropout_n=0.5, e_layer=2, epochs=100, es_patience=50, fcst_w=1, feature_w=0.01, head=4, lrate=0.0001, model_name='gpt2', num_nodes=7, num_workers=10, pred_len=36, recon_w=0.5, save='./logs/2025-10-09-15:17:18-', seed=6666, seq_len=96, weight_decay=0.001)
The number of trainable parameters: 1713352
The number of parameters: 1713352
Dual(
  (normalize_layers): Normalize()
  (length_to_feature): Linear(in_features=96, out_features=64, bias=True)
  (token_to_feature): Linear(in_features=768, out_features=64, bias=True)
  (ts_encoder): Encoder(
    (attn_layers): ModuleList(
      (0-1): 2 x EncoderLayer(
        (attention): AttentionLayer(
          (inner_attention): FullAttention(
            (dropout): Dropout(p=0.5, inplace=False)
          )
          (query_projection): Linear(in_features=64, out_features=64, bias=True)
          (key_projection): Linear(in_features=64, out_features=64, bias=True)
          (value_projection): Linear(in_features=64, out_features=64, bias=True)
          (out_projection): Linear(in_features=64, out_features=64, bias=True)
        )
        (conv1): Conv1d(64, 3072, kernel_size=(1,), stride=(1,))
        (conv2): Conv1d(3072, 64, kernel_size=(1,), stride=(1,))
        (norm1): LayerNorm((64,), eps=1e-05, elementwise_affine=True)
        (norm2): LayerNorm((64,), eps=1e-05, elementwise_affine=True)
        (dropout): Dropout(p=0.5, inplace=False)
      )
    )
    (norm): LayerNorm((64,), eps=1e-05, elementwise_affine=True)
  )
  (prompt_encoder): Encoder(
    (attn_layers): ModuleList(
      (0-1): 2 x EncoderLayer(
        (attention): AttentionLayer(
          (inner_attention): FullAttention(
            (dropout): Dropout(p=0.5, inplace=False)
          )
          (query_projection): Linear(in_features=64, out_features=64, bias=True)
          (key_projection): Linear(in_features=64, out_features=64, bias=True)
          (value_projection): Linear(in_features=64, out_features=64, bias=True)
          (out_projection): Linear(in_features=64, out_features=64, bias=True)
        )
        (conv1): Conv1d(64, 3072, kernel_size=(1,), stride=(1,))
        (conv2): Conv1d(3072, 64, kernel_size=(1,), stride=(1,))
        (norm1): LayerNorm((64,), eps=1e-05, elementwise_affine=True)
        (norm2): LayerNorm((64,), eps=1e-05, elementwise_affine=True)
        (dropout): Dropout(p=0.5, inplace=False)
      )
    )
    (norm): LayerNorm((64,), eps=1e-05, elementwise_affine=True)
  )
  (ts_proj): Linear(in_features=64, out_features=36, bias=True)
  (prompt_proj): Linear(in_features=64, out_features=36, bias=True)
)
Start training...
Epoch: 001, Training Time: 33.7201 secs
Epoch: 001, Validation Time: 4.3796 secs
-----------------------
Epoch: 001, Train Loss: 0.2762, Train MSE: 0.3154, Train MAE: 0.3836
Epoch: 001, Valid Loss: 0.3996, Valid MSE: 0.3215, Valid MAE: 0.3721
###Update tasks appear###
Updating! Valid Loss:0.3996, epoch:  1
Epoch: 002, Training Time: 33.4785 secs
Epoch: 002, Validation Time: 4.3889 secs
-----------------------
Epoch: 002, Train Loss: 0.2107, Train MSE: 0.2787, Train MAE: 0.3529
Epoch: 002, Valid Loss: 0.4108, Valid MSE: 0.3188, Valid MAE: 0.3710
No update
Epoch: 003, Training Time: 33.3628 secs
Epoch: 003, Validation Time: 4.2322 secs
-----------------------
Epoch: 003, Train Loss: 0.1894, Train MSE: 0.2647, Train MAE: 0.3422
Epoch: 003, Valid Loss: 0.4150, Valid MSE: 0.3151, Valid MAE: 0.3682
No update
Epoch: 004, Training Time: 33.2536 secs
Epoch: 004, Validation Time: 4.4490 secs
-----------------------
Epoch: 004, Train Loss: 0.1768, Train MSE: 0.2553, Train MAE: 0.3352
Epoch: 004, Valid Loss: 0.4341, Valid MSE: 0.3115, Valid MAE: 0.3648
No update
Epoch: 005, Training Time: 33.3478 secs
Epoch: 005, Validation Time: 4.3770 secs
-----------------------
Epoch: 005, Train Loss: 0.1675, Train MSE: 0.2473, Train MAE: 0.3294
Epoch: 005, Valid Loss: 0.4334, Valid MSE: 0.3050, Valid MAE: 0.3600
No update
Epoch: 006, Training Time: 33.2431 secs
Epoch: 006, Validation Time: 4.2187 secs
-----------------------
Epoch: 006, Train Loss: 0.1604, Train MSE: 0.2414, Train MAE: 0.3249
Epoch: 006, Valid Loss: 0.4313, Valid MSE: 0.3013, Valid MAE: 0.3566
No update
Epoch: 007, Training Time: 33.1778 secs
Epoch: 007, Validation Time: 4.3272 secs
-----------------------
Epoch: 007, Train Loss: 0.1543, Train MSE: 0.2348, Train MAE: 0.3203
Epoch: 007, Valid Loss: 0.4271, Valid MSE: 0.2971, Valid MAE: 0.3536
No update
Epoch: 008, Training Time: 33.3223 secs
Epoch: 008, Validation Time: 4.3403 secs
-----------------------
Epoch: 008, Train Loss: 0.1494, Train MSE: 0.2297, Train MAE: 0.3166
Epoch: 008, Valid Loss: 0.4165, Valid MSE: 0.2945, Valid MAE: 0.3513
No update
Epoch: 009, Training Time: 33.4157 secs
Epoch: 009, Validation Time: 4.4250 secs
-----------------------
Epoch: 009, Train Loss: 0.1453, Train MSE: 0.2252, Train MAE: 0.3132
Epoch: 009, Valid Loss: 0.4146, Valid MSE: 0.2919, Valid MAE: 0.3493
No update
Epoch: 010, Training Time: 33.1300 secs
Epoch: 010, Validation Time: 4.2243 secs
-----------------------
Epoch: 010, Train Loss: 0.1420, Train MSE: 0.2220, Train MAE: 0.3105
Epoch: 010, Valid Loss: 0.4051, Valid MSE: 0.2896, Valid MAE: 0.3477
No update
Epoch: 011, Training Time: 33.1820 secs
Epoch: 011, Validation Time: 4.4617 secs
-----------------------
Epoch: 011, Train Loss: 0.1391, Train MSE: 0.2192, Train MAE: 0.3082
Epoch: 011, Valid Loss: 0.4008, Valid MSE: 0.2888, Valid MAE: 0.3473
No update
Epoch: 012, Training Time: 33.2344 secs
Epoch: 012, Validation Time: 4.2528 secs
-----------------------
Epoch: 012, Train Loss: 0.1364, Train MSE: 0.2162, Train MAE: 0.3057
Epoch: 012, Valid Loss: 0.3944, Valid MSE: 0.2869, Valid MAE: 0.3463
###Update tasks appear###
Test low! Updating! Test MSE: 0.2645, Test MAE: 0.3207, Test low! Updating! Valid Loss: 0.3944, epoch:  12
Epoch: 013, Training Time: 34.0887 secs
Epoch: 013, Validation Time: 4.3390 secs
-----------------------
Epoch: 013, Train Loss: 0.1345, Train MSE: 0.2144, Train MAE: 0.3041
Epoch: 013, Valid Loss: 0.3944, Valid MSE: 0.2858, Valid MAE: 0.3448
No update
Epoch: 014, Training Time: 34.0640 secs
Epoch: 014, Validation Time: 4.3943 secs
-----------------------
Epoch: 014, Train Loss: 0.1324, Train MSE: 0.2122, Train MAE: 0.3023
Epoch: 014, Valid Loss: 0.3872, Valid MSE: 0.2847, Valid MAE: 0.3444
###Update tasks appear###
Test low! Updating! Test MSE: 0.2628, Test MAE: 0.3186, Test low! Updating! Valid Loss: 0.3872, epoch:  14
Epoch: 015, Training Time: 33.8567 secs
Epoch: 015, Validation Time: 4.2676 secs
-----------------------
Epoch: 015, Train Loss: 0.1305, Train MSE: 0.2103, Train MAE: 0.3007
Epoch: 015, Valid Loss: 0.3914, Valid MSE: 0.2841, Valid MAE: 0.3439
No update
Epoch: 016, Training Time: 33.8516 secs
Epoch: 016, Validation Time: 4.3656 secs
-----------------------
Epoch: 016, Train Loss: 0.1289, Train MSE: 0.2086, Train MAE: 0.2993
Epoch: 016, Valid Loss: 0.3858, Valid MSE: 0.2833, Valid MAE: 0.3430
###Update tasks appear###
Test low! Updating! Test MSE: 0.2598, Test MAE: 0.3160, Test low! Updating! Valid Loss: 0.3858, epoch:  16
Epoch: 017, Training Time: 34.1167 secs
Epoch: 017, Validation Time: 4.2553 secs
-----------------------
Epoch: 017, Train Loss: 0.1272, Train MSE: 0.2070, Train MAE: 0.2978
Epoch: 017, Valid Loss: 0.3911, Valid MSE: 0.2828, Valid MAE: 0.3426
No update
Epoch: 018, Training Time: 33.8446 secs
Epoch: 018, Validation Time: 4.4604 secs
-----------------------
Epoch: 018, Train Loss: 0.1257, Train MSE: 0.2055, Train MAE: 0.2966
Epoch: 018, Valid Loss: 0.3805, Valid MSE: 0.2814, Valid MAE: 0.3416
###Update tasks appear###
Test low! Updating! Test MSE: 0.2587, Test MAE: 0.3150, Test low! Updating! Valid Loss: 0.3805, epoch:  18
Epoch: 019, Training Time: 34.1734 secs
Epoch: 019, Validation Time: 4.4367 secs
-----------------------
Epoch: 019, Train Loss: 0.1242, Train MSE: 0.2036, Train MAE: 0.2952
Epoch: 019, Valid Loss: 0.3792, Valid MSE: 0.2815, Valid MAE: 0.3417
###Update tasks appear###
Test low! Updating! Test MSE: 0.2578, Test MAE: 0.3144, Test low! Updating! Valid Loss: 0.3792, epoch:  19
Epoch: 020, Training Time: 33.9508 secs
Epoch: 020, Validation Time: 4.3351 secs
-----------------------
Epoch: 020, Train Loss: 0.1231, Train MSE: 0.2025, Train MAE: 0.2941
Epoch: 020, Valid Loss: 0.3758, Valid MSE: 0.2815, Valid MAE: 0.3420
###Update tasks appear###
No update
Epoch: 021, Training Time: 33.8871 secs
Epoch: 021, Validation Time: 4.3996 secs
-----------------------
Epoch: 021, Train Loss: 0.1219, Train MSE: 0.2010, Train MAE: 0.2932
Epoch: 021, Valid Loss: 0.3757, Valid MSE: 0.2810, Valid MAE: 0.3411
###Update tasks appear###
Test low! Updating! Test MSE: 0.2565, Test MAE: 0.3133, Test low! Updating! Valid Loss: 0.3757, epoch:  21
Epoch: 022, Training Time: 33.7906 secs
Epoch: 022, Validation Time: 4.4510 secs
-----------------------
Epoch: 022, Train Loss: 0.1208, Train MSE: 0.1997, Train MAE: 0.2923
Epoch: 022, Valid Loss: 0.3738, Valid MSE: 0.2804, Valid MAE: 0.3411
###Update tasks appear###
Test low! Updating! Test MSE: 0.2564, Test MAE: 0.3133, Test low! Updating! Valid Loss: 0.3738, epoch:  22
Epoch: 023, Training Time: 34.4081 secs
Epoch: 023, Validation Time: 4.4763 secs
-----------------------
Epoch: 023, Train Loss: 0.1199, Train MSE: 0.1986, Train MAE: 0.2913
Epoch: 023, Valid Loss: 0.3728, Valid MSE: 0.2804, Valid MAE: 0.3411
###Update tasks appear###
No update
Epoch: 024, Training Time: 33.9140 secs
Epoch: 024, Validation Time: 4.2771 secs
-----------------------
Epoch: 024, Train Loss: 0.1188, Train MSE: 0.1976, Train MAE: 0.2905
Epoch: 024, Valid Loss: 0.3677, Valid MSE: 0.2801, Valid MAE: 0.3411
###Update tasks appear###
Test low! Updating! Test MSE: 0.2558, Test MAE: 0.3127, Test low! Updating! Valid Loss: 0.3677, epoch:  24
Epoch: 025, Training Time: 34.0223 secs
Epoch: 025, Validation Time: 4.4376 secs
-----------------------
Epoch: 025, Train Loss: 0.1179, Train MSE: 0.1963, Train MAE: 0.2896
Epoch: 025, Valid Loss: 0.3677, Valid MSE: 0.2812, Valid MAE: 0.3417
No update
Epoch: 026, Training Time: 34.2680 secs
Epoch: 026, Validation Time: 4.5236 secs
-----------------------
Epoch: 026, Train Loss: 0.1172, Train MSE: 0.1954, Train MAE: 0.2889
Epoch: 026, Valid Loss: 0.3707, Valid MSE: 0.2798, Valid MAE: 0.3406
No update
Epoch: 027, Training Time: 34.1559 secs
Epoch: 027, Validation Time: 4.2667 secs
-----------------------
Epoch: 027, Train Loss: 0.1163, Train MSE: 0.1946, Train MAE: 0.2881
Epoch: 027, Valid Loss: 0.3674, Valid MSE: 0.2795, Valid MAE: 0.3405
###Update tasks appear###
Test low! Updating! Test MSE: 0.2556, Test MAE: 0.3125, Test low! Updating! Valid Loss: 0.3674, epoch:  27
Epoch: 028, Training Time: 34.1694 secs
Epoch: 028, Validation Time: 4.2747 secs
-----------------------
Epoch: 028, Train Loss: 0.1154, Train MSE: 0.1935, Train MAE: 0.2873
Epoch: 028, Valid Loss: 0.3709, Valid MSE: 0.2792, Valid MAE: 0.3399
No update
Epoch: 029, Training Time: 34.1227 secs
Epoch: 029, Validation Time: 4.2858 secs
-----------------------
Epoch: 029, Train Loss: 0.1146, Train MSE: 0.1922, Train MAE: 0.2862
Epoch: 029, Valid Loss: 0.3654, Valid MSE: 0.2794, Valid MAE: 0.3406
###Update tasks appear###
No update
Epoch: 030, Training Time: 34.0735 secs
Epoch: 030, Validation Time: 4.3624 secs
-----------------------
Epoch: 030, Train Loss: 0.1138, Train MSE: 0.1912, Train MAE: 0.2857
Epoch: 030, Valid Loss: 0.3675, Valid MSE: 0.2782, Valid MAE: 0.3395
No update
Epoch: 031, Training Time: 34.4549 secs
Epoch: 031, Validation Time: 4.4386 secs
-----------------------
Epoch: 031, Train Loss: 0.1133, Train MSE: 0.1906, Train MAE: 0.2851
Epoch: 031, Valid Loss: 0.3644, Valid MSE: 0.2778, Valid MAE: 0.3392
###Update tasks appear###
Test low! Updating! Test MSE: 0.2542, Test MAE: 0.3110, Test low! Updating! Valid Loss: 0.3644, epoch:  31
Epoch: 032, Training Time: 34.2975 secs
Epoch: 032, Validation Time: 4.3627 secs
-----------------------
Epoch: 032, Train Loss: 0.1124, Train MSE: 0.1893, Train MAE: 0.2843
Epoch: 032, Valid Loss: 0.3650, Valid MSE: 0.2774, Valid MAE: 0.3392
No update
Epoch: 033, Training Time: 33.8178 secs
Epoch: 033, Validation Time: 4.4229 secs
-----------------------
Epoch: 033, Train Loss: 0.1119, Train MSE: 0.1889, Train MAE: 0.2838
Epoch: 033, Valid Loss: 0.3576, Valid MSE: 0.2770, Valid MAE: 0.3386
###Update tasks appear###
No update
Epoch: 034, Training Time: 33.8316 secs
Epoch: 034, Validation Time: 4.4458 secs
-----------------------
Epoch: 034, Train Loss: 0.1115, Train MSE: 0.1880, Train MAE: 0.2831
Epoch: 034, Valid Loss: 0.3613, Valid MSE: 0.2774, Valid MAE: 0.3387
###Update tasks appear###
Test low! Updating! Test MSE: 0.2536, Test MAE: 0.3109, Test low! Updating! Valid Loss: 0.3613, epoch:  34
Epoch: 035, Training Time: 33.9993 secs
Epoch: 035, Validation Time: 4.3985 secs
-----------------------
Epoch: 035, Train Loss: 0.1109, Train MSE: 0.1871, Train MAE: 0.2827
Epoch: 035, Valid Loss: 0.3595, Valid MSE: 0.2781, Valid MAE: 0.3392
###Update tasks appear###
No update
Epoch: 036, Training Time: 34.0078 secs
Epoch: 036, Validation Time: 4.4962 secs
-----------------------
Epoch: 036, Train Loss: 0.1102, Train MSE: 0.1864, Train MAE: 0.2821
Epoch: 036, Valid Loss: 0.3609, Valid MSE: 0.2775, Valid MAE: 0.3387
###Update tasks appear###
No update
Epoch: 037, Training Time: 33.9643 secs
Epoch: 037, Validation Time: 4.2474 secs
-----------------------
Epoch: 037, Train Loss: 0.1095, Train MSE: 0.1855, Train MAE: 0.2815
Epoch: 037, Valid Loss: 0.3565, Valid MSE: 0.2769, Valid MAE: 0.3383
###Update tasks appear###
Test low! Updating! Test MSE: 0.2528, Test MAE: 0.3098, Test low! Updating! Valid Loss: 0.3565, epoch:  37
Epoch: 038, Training Time: 33.6909 secs
Epoch: 038, Validation Time: 4.4374 secs
-----------------------
Epoch: 038, Train Loss: 0.1090, Train MSE: 0.1848, Train MAE: 0.2809
Epoch: 038, Valid Loss: 0.3600, Valid MSE: 0.2769, Valid MAE: 0.3380
No update
Epoch: 039, Training Time: 33.9682 secs
Epoch: 039, Validation Time: 4.3884 secs
-----------------------
Epoch: 039, Train Loss: 0.1086, Train MSE: 0.1842, Train MAE: 0.2805
Epoch: 039, Valid Loss: 0.3580, Valid MSE: 0.2764, Valid MAE: 0.3377
No update
Epoch: 040, Training Time: 34.0247 secs
Epoch: 040, Validation Time: 4.4273 secs
-----------------------
Epoch: 040, Train Loss: 0.1080, Train MSE: 0.1829, Train MAE: 0.2796
Epoch: 040, Valid Loss: 0.3568, Valid MSE: 0.2767, Valid MAE: 0.3379
No update
Epoch: 041, Training Time: 34.0107 secs
Epoch: 041, Validation Time: 4.4666 secs
-----------------------
Epoch: 041, Train Loss: 0.1078, Train MSE: 0.1825, Train MAE: 0.2794
Epoch: 041, Valid Loss: 0.3636, Valid MSE: 0.2769, Valid MAE: 0.3379
No update
Epoch: 042, Training Time: 34.0259 secs
Epoch: 042, Validation Time: 4.4340 secs
-----------------------
Epoch: 042, Train Loss: 0.1071, Train MSE: 0.1814, Train MAE: 0.2786
Epoch: 042, Valid Loss: 0.3573, Valid MSE: 0.2760, Valid MAE: 0.3372
No update
Epoch: 043, Training Time: 34.2624 secs
Epoch: 043, Validation Time: 4.3698 secs
-----------------------
Epoch: 043, Train Loss: 0.1066, Train MSE: 0.1809, Train MAE: 0.2784
Epoch: 043, Valid Loss: 0.3591, Valid MSE: 0.2763, Valid MAE: 0.3374
No update
Epoch: 044, Training Time: 34.2615 secs
Epoch: 044, Validation Time: 4.3785 secs
-----------------------
Epoch: 044, Train Loss: 0.1061, Train MSE: 0.1803, Train MAE: 0.2777
Epoch: 044, Valid Loss: 0.3600, Valid MSE: 0.2765, Valid MAE: 0.3374
No update
Epoch: 045, Training Time: 33.9801 secs
Epoch: 045, Validation Time: 4.3629 secs
-----------------------
Epoch: 045, Train Loss: 0.1056, Train MSE: 0.1794, Train MAE: 0.2773
Epoch: 045, Valid Loss: 0.3527, Valid MSE: 0.2757, Valid MAE: 0.3368
###Update tasks appear###
Test low! Updating! Test MSE: 0.2510, Test MAE: 0.3078, Test low! Updating! Valid Loss: 0.3527, epoch:  45
Epoch: 046, Training Time: 34.2147 secs
Epoch: 046, Validation Time: 4.4586 secs
-----------------------
Epoch: 046, Train Loss: 0.1053, Train MSE: 0.1789, Train MAE: 0.2769
Epoch: 046, Valid Loss: 0.3560, Valid MSE: 0.2756, Valid MAE: 0.3366
No update
Epoch: 047, Training Time: 33.9404 secs
Epoch: 047, Validation Time: 4.3840 secs
-----------------------
Epoch: 047, Train Loss: 0.1048, Train MSE: 0.1778, Train MAE: 0.2763
Epoch: 047, Valid Loss: 0.3528, Valid MSE: 0.2756, Valid MAE: 0.3367
No update
Epoch: 048, Training Time: 34.0515 secs
Epoch: 048, Validation Time: 4.4500 secs
-----------------------
Epoch: 048, Train Loss: 0.1046, Train MSE: 0.1774, Train MAE: 0.2759
Epoch: 048, Valid Loss: 0.3522, Valid MSE: 0.2758, Valid MAE: 0.3366
###Update tasks appear###
Test low! Updating! Test MSE: 0.2509, Test MAE: 0.3071, Test low! Updating! Valid Loss: 0.3522, epoch:  48
Epoch: 049, Training Time: 34.2517 secs
Epoch: 049, Validation Time: 4.2726 secs
-----------------------
Epoch: 049, Train Loss: 0.1041, Train MSE: 0.1768, Train MAE: 0.2754
Epoch: 049, Valid Loss: 0.3517, Valid MSE: 0.2763, Valid MAE: 0.3367
###Update tasks appear###
Test low! Updating! Test MSE: 0.2509, Test MAE: 0.3071, Test low! Updating! Valid Loss: 0.3517, epoch:  49
Epoch: 050, Training Time: 34.3323 secs
Epoch: 050, Validation Time: 4.2587 secs
-----------------------
Epoch: 050, Train Loss: 0.1036, Train MSE: 0.1761, Train MAE: 0.2751
Epoch: 050, Valid Loss: 0.3575, Valid MSE: 0.2766, Valid MAE: 0.3367
No update
Epoch: 051, Training Time: 34.6823 secs
Epoch: 051, Validation Time: 4.4574 secs
-----------------------
Epoch: 051, Train Loss: 0.1034, Train MSE: 0.1760, Train MAE: 0.2748
Epoch: 051, Valid Loss: 0.3512, Valid MSE: 0.2759, Valid MAE: 0.3362
###Update tasks appear###
Test low! Updating! Test MSE: 0.2491, Test MAE: 0.3056, Test low! Updating! Valid Loss: 0.3512, epoch:  51
Epoch: 052, Training Time: 34.2242 secs
Epoch: 052, Validation Time: 4.3252 secs
-----------------------
Epoch: 052, Train Loss: 0.1029, Train MSE: 0.1749, Train MAE: 0.2742
Epoch: 052, Valid Loss: 0.3491, Valid MSE: 0.2764, Valid MAE: 0.3364
###Update tasks appear###
No update
Epoch: 053, Training Time: 34.2295 secs
Epoch: 053, Validation Time: 4.4385 secs
-----------------------
Epoch: 053, Train Loss: 0.1025, Train MSE: 0.1742, Train MAE: 0.2736
Epoch: 053, Valid Loss: 0.3498, Valid MSE: 0.2761, Valid MAE: 0.3361
###Update tasks appear###
No update
Epoch: 054, Training Time: 34.3467 secs
Epoch: 054, Validation Time: 4.2730 secs
-----------------------
Epoch: 054, Train Loss: 0.1023, Train MSE: 0.1736, Train MAE: 0.2734
Epoch: 054, Valid Loss: 0.3557, Valid MSE: 0.2764, Valid MAE: 0.3360
No update
Epoch: 055, Training Time: 34.2213 secs
Epoch: 055, Validation Time: 4.3263 secs
-----------------------
Epoch: 055, Train Loss: 0.1019, Train MSE: 0.1730, Train MAE: 0.2730
Epoch: 055, Valid Loss: 0.3483, Valid MSE: 0.2764, Valid MAE: 0.3360
###Update tasks appear###
Test low! Updating! Test MSE: 0.2488, Test MAE: 0.3050, Test low! Updating! Valid Loss: 0.3483, epoch:  55
Epoch: 056, Training Time: 34.1286 secs
Epoch: 056, Validation Time: 4.3672 secs
-----------------------
Epoch: 056, Train Loss: 0.1015, Train MSE: 0.1720, Train MAE: 0.2724
Epoch: 056, Valid Loss: 0.3481, Valid MSE: 0.2767, Valid MAE: 0.3361
###Update tasks appear###
No update
Epoch: 057, Training Time: 34.0405 secs
Epoch: 057, Validation Time: 4.3579 secs
-----------------------
Epoch: 057, Train Loss: 0.1014, Train MSE: 0.1720, Train MAE: 0.2723
Epoch: 057, Valid Loss: 0.3484, Valid MSE: 0.2766, Valid MAE: 0.3356
No update
Epoch: 058, Training Time: 34.1876 secs
Epoch: 058, Validation Time: 4.3356 secs
-----------------------
Epoch: 058, Train Loss: 0.1009, Train MSE: 0.1712, Train MAE: 0.2718
Epoch: 058, Valid Loss: 0.3434, Valid MSE: 0.2764, Valid MAE: 0.3355
###Update tasks appear###
Test low! Updating! Test MSE: 0.2483, Test MAE: 0.3039, Test low! Updating! Valid Loss: 0.3434, epoch:  58
Epoch: 059, Training Time: 34.2738 secs
Epoch: 059, Validation Time: 4.3032 secs
-----------------------
Epoch: 059, Train Loss: 0.1006, Train MSE: 0.1708, Train MAE: 0.2716
Epoch: 059, Valid Loss: 0.3456, Valid MSE: 0.2771, Valid MAE: 0.3358
No update
Epoch: 060, Training Time: 34.2773 secs
Epoch: 060, Validation Time: 4.3967 secs
-----------------------
Epoch: 060, Train Loss: 0.1005, Train MSE: 0.1707, Train MAE: 0.2713
Epoch: 060, Valid Loss: 0.3458, Valid MSE: 0.2771, Valid MAE: 0.3353
No update
Epoch: 061, Training Time: 33.9035 secs
Epoch: 061, Validation Time: 4.2863 secs
-----------------------
Epoch: 061, Train Loss: 0.1003, Train MSE: 0.1702, Train MAE: 0.2710
Epoch: 061, Valid Loss: 0.3460, Valid MSE: 0.2772, Valid MAE: 0.3355
No update
Epoch: 062, Training Time: 34.2419 secs
Epoch: 062, Validation Time: 4.3442 secs
-----------------------
Epoch: 062, Train Loss: 0.1000, Train MSE: 0.1694, Train MAE: 0.2706
Epoch: 062, Valid Loss: 0.3421, Valid MSE: 0.2775, Valid MAE: 0.3357
###Update tasks appear###
No update
Epoch: 063, Training Time: 34.1557 secs
Epoch: 063, Validation Time: 4.3623 secs
-----------------------
Epoch: 063, Train Loss: 0.0998, Train MSE: 0.1691, Train MAE: 0.2705
Epoch: 063, Valid Loss: 0.3457, Valid MSE: 0.2769, Valid MAE: 0.3352
No update
Epoch: 064, Training Time: 33.9848 secs
Epoch: 064, Validation Time: 4.3548 secs
-----------------------
Epoch: 064, Train Loss: 0.0995, Train MSE: 0.1688, Train MAE: 0.2703
Epoch: 064, Valid Loss: 0.3439, Valid MSE: 0.2774, Valid MAE: 0.3353
No update
Epoch: 065, Training Time: 33.8089 secs
Epoch: 065, Validation Time: 4.2680 secs
-----------------------
Epoch: 065, Train Loss: 0.0993, Train MSE: 0.1685, Train MAE: 0.2700
Epoch: 065, Valid Loss: 0.3430, Valid MSE: 0.2780, Valid MAE: 0.3354
###Update tasks appear###
Test low! Updating! Test MSE: 0.2482, Test MAE: 0.3027, Test low! Updating! Valid Loss: 0.3430, epoch:  65
Epoch: 066, Training Time: 34.1431 secs
Epoch: 066, Validation Time: 4.3448 secs
-----------------------
Epoch: 066, Train Loss: 0.0989, Train MSE: 0.1673, Train MAE: 0.2693
Epoch: 066, Valid Loss: 0.3446, Valid MSE: 0.2792, Valid MAE: 0.3360
No update
Epoch: 067, Training Time: 34.1882 secs
Epoch: 067, Validation Time: 4.2370 secs
-----------------------
Epoch: 067, Train Loss: 0.0989, Train MSE: 0.1673, Train MAE: 0.2693
Epoch: 067, Valid Loss: 0.3416, Valid MSE: 0.2788, Valid MAE: 0.3354
###Update tasks appear###
Test low! Updating! Test MSE: 0.2471, Test MAE: 0.3020, Test low! Updating! Valid Loss: 0.3416, epoch:  67
Epoch: 068, Training Time: 33.7957 secs
Epoch: 068, Validation Time: 4.3762 secs
-----------------------
Epoch: 068, Train Loss: 0.0986, Train MSE: 0.1668, Train MAE: 0.2690
Epoch: 068, Valid Loss: 0.3409, Valid MSE: 0.2800, Valid MAE: 0.3361
###Update tasks appear###
Test low! Updating! Test MSE: 0.2470, Test MAE: 0.3018, Test low! Updating! Valid Loss: 0.3409, epoch:  68
Epoch: 069, Training Time: 33.8091 secs
Epoch: 069, Validation Time: 4.3588 secs
-----------------------
Epoch: 069, Train Loss: 0.0985, Train MSE: 0.1669, Train MAE: 0.2690
Epoch: 069, Valid Loss: 0.3424, Valid MSE: 0.2796, Valid MAE: 0.3357
No update
Epoch: 070, Training Time: 34.1205 secs
Epoch: 070, Validation Time: 4.3517 secs
-----------------------
Epoch: 070, Train Loss: 0.0983, Train MSE: 0.1662, Train MAE: 0.2686
Epoch: 070, Valid Loss: 0.3425, Valid MSE: 0.2801, Valid MAE: 0.3358
No update
Epoch: 071, Training Time: 34.2494 secs
Epoch: 071, Validation Time: 4.3526 secs
-----------------------
Epoch: 071, Train Loss: 0.0981, Train MSE: 0.1659, Train MAE: 0.2683
Epoch: 071, Valid Loss: 0.3429, Valid MSE: 0.2802, Valid MAE: 0.3358
No update
Epoch: 072, Training Time: 33.8452 secs
Epoch: 072, Validation Time: 4.3141 secs
-----------------------
Epoch: 072, Train Loss: 0.0980, Train MSE: 0.1657, Train MAE: 0.2684
Epoch: 072, Valid Loss: 0.3430, Valid MSE: 0.2817, Valid MAE: 0.3365
No update
Epoch: 073, Training Time: 34.3245 secs
Epoch: 073, Validation Time: 4.2381 secs
-----------------------
Epoch: 073, Train Loss: 0.0978, Train MSE: 0.1655, Train MAE: 0.2681
Epoch: 073, Valid Loss: 0.3438, Valid MSE: 0.2806, Valid MAE: 0.3358
No update
Epoch: 074, Training Time: 33.9234 secs
Epoch: 074, Validation Time: 4.2613 secs
-----------------------
Epoch: 074, Train Loss: 0.0976, Train MSE: 0.1649, Train MAE: 0.2676
Epoch: 074, Valid Loss: 0.3452, Valid MSE: 0.2820, Valid MAE: 0.3364
No update
Epoch: 075, Training Time: 33.9848 secs
Epoch: 075, Validation Time: 4.3485 secs
-----------------------
Epoch: 075, Train Loss: 0.0975, Train MSE: 0.1646, Train MAE: 0.2677
Epoch: 075, Valid Loss: 0.3447, Valid MSE: 0.2816, Valid MAE: 0.3361
No update
Epoch: 076, Training Time: 33.9833 secs
Epoch: 076, Validation Time: 4.2814 secs
-----------------------
Epoch: 076, Train Loss: 0.0975, Train MSE: 0.1647, Train MAE: 0.2677
Epoch: 076, Valid Loss: 0.3462, Valid MSE: 0.2818, Valid MAE: 0.3361
No update
Epoch: 077, Training Time: 34.2278 secs
Epoch: 077, Validation Time: 4.2686 secs
-----------------------
Epoch: 077, Train Loss: 0.0974, Train MSE: 0.1643, Train MAE: 0.2675
Epoch: 077, Valid Loss: 0.3471, Valid MSE: 0.2827, Valid MAE: 0.3364
No update
Epoch: 078, Training Time: 33.8645 secs
Epoch: 078, Validation Time: 4.2982 secs
-----------------------
Epoch: 078, Train Loss: 0.0972, Train MSE: 0.1638, Train MAE: 0.2672
Epoch: 078, Valid Loss: 0.3463, Valid MSE: 0.2840, Valid MAE: 0.3369
No update
Epoch: 079, Training Time: 34.0792 secs
Epoch: 079, Validation Time: 4.4111 secs
-----------------------
Epoch: 079, Train Loss: 0.0970, Train MSE: 0.1635, Train MAE: 0.2670
Epoch: 079, Valid Loss: 0.3477, Valid MSE: 0.2830, Valid MAE: 0.3363
No update
Epoch: 080, Training Time: 34.1533 secs
Epoch: 080, Validation Time: 4.3099 secs
-----------------------
Epoch: 080, Train Loss: 0.0972, Train MSE: 0.1638, Train MAE: 0.2672
Epoch: 080, Valid Loss: 0.3485, Valid MSE: 0.2842, Valid MAE: 0.3368
No update
Epoch: 081, Training Time: 34.3647 secs
Epoch: 081, Validation Time: 4.3399 secs
-----------------------
Epoch: 081, Train Loss: 0.0969, Train MSE: 0.1631, Train MAE: 0.2667
Epoch: 081, Valid Loss: 0.3513, Valid MSE: 0.2847, Valid MAE: 0.3370
No update
Epoch: 082, Training Time: 34.0625 secs
Epoch: 082, Validation Time: 4.3243 secs
-----------------------
Epoch: 082, Train Loss: 0.0969, Train MSE: 0.1632, Train MAE: 0.2668
Epoch: 082, Valid Loss: 0.3505, Valid MSE: 0.2849, Valid MAE: 0.3370
No update
Epoch: 083, Training Time: 34.0737 secs
Epoch: 083, Validation Time: 4.4220 secs
-----------------------
Epoch: 083, Train Loss: 0.0968, Train MSE: 0.1632, Train MAE: 0.2666
Epoch: 083, Valid Loss: 0.3503, Valid MSE: 0.2857, Valid MAE: 0.3373
No update
Epoch: 084, Training Time: 34.2688 secs
Epoch: 084, Validation Time: 4.3634 secs
-----------------------
Epoch: 084, Train Loss: 0.0968, Train MSE: 0.1628, Train MAE: 0.2664
Epoch: 084, Valid Loss: 0.3535, Valid MSE: 0.2869, Valid MAE: 0.3378
No update
Epoch: 085, Training Time: 34.1026 secs
Epoch: 085, Validation Time: 4.4181 secs
-----------------------
Epoch: 085, Train Loss: 0.0969, Train MSE: 0.1631, Train MAE: 0.2667
Epoch: 085, Valid Loss: 0.3532, Valid MSE: 0.2863, Valid MAE: 0.3375
No update
Epoch: 086, Training Time: 34.0317 secs
Epoch: 086, Validation Time: 4.3531 secs
-----------------------
Epoch: 086, Train Loss: 0.0966, Train MSE: 0.1623, Train MAE: 0.2662
Epoch: 086, Valid Loss: 0.3536, Valid MSE: 0.2871, Valid MAE: 0.3378
No update
Epoch: 087, Training Time: 34.2396 secs
Epoch: 087, Validation Time: 4.2746 secs
-----------------------
Epoch: 087, Train Loss: 0.0967, Train MSE: 0.1626, Train MAE: 0.2665
Epoch: 087, Valid Loss: 0.3547, Valid MSE: 0.2881, Valid MAE: 0.3381
No update
Epoch: 088, Training Time: 33.8594 secs
Epoch: 088, Validation Time: 4.3386 secs
-----------------------
Epoch: 088, Train Loss: 0.0965, Train MSE: 0.1621, Train MAE: 0.2661
Epoch: 088, Valid Loss: 0.3573, Valid MSE: 0.2892, Valid MAE: 0.3386
No update
Epoch: 089, Training Time: 34.3811 secs
Epoch: 089, Validation Time: 4.2554 secs
-----------------------
Epoch: 089, Train Loss: 0.0967, Train MSE: 0.1625, Train MAE: 0.2663
Epoch: 089, Valid Loss: 0.3584, Valid MSE: 0.2900, Valid MAE: 0.3389
No update
Epoch: 090, Training Time: 34.0196 secs
Epoch: 090, Validation Time: 4.3318 secs
-----------------------
Epoch: 090, Train Loss: 0.0966, Train MSE: 0.1623, Train MAE: 0.2662
Epoch: 090, Valid Loss: 0.3599, Valid MSE: 0.2908, Valid MAE: 0.3391
No update
Epoch: 091, Training Time: 34.2961 secs
Epoch: 091, Validation Time: 4.3047 secs
-----------------------
Epoch: 091, Train Loss: 0.0966, Train MSE: 0.1623, Train MAE: 0.2662
Epoch: 091, Valid Loss: 0.3606, Valid MSE: 0.2913, Valid MAE: 0.3394
No update
Epoch: 092, Training Time: 34.3299 secs
Epoch: 092, Validation Time: 4.3553 secs
-----------------------
Epoch: 092, Train Loss: 0.0968, Train MSE: 0.1625, Train MAE: 0.2664
Epoch: 092, Valid Loss: 0.3616, Valid MSE: 0.2923, Valid MAE: 0.3398
No update
Epoch: 093, Training Time: 33.8124 secs
Epoch: 093, Validation Time: 4.3838 secs
-----------------------
Epoch: 093, Train Loss: 0.0965, Train MSE: 0.1620, Train MAE: 0.2661
Epoch: 093, Valid Loss: 0.3629, Valid MSE: 0.2934, Valid MAE: 0.3402
No update
Epoch: 094, Training Time: 33.8395 secs
Epoch: 094, Validation Time: 4.3401 secs
-----------------------
Epoch: 094, Train Loss: 0.0966, Train MSE: 0.1622, Train MAE: 0.2661
Epoch: 094, Valid Loss: 0.3632, Valid MSE: 0.2936, Valid MAE: 0.3403
No update
Epoch: 095, Training Time: 33.9584 secs
Epoch: 095, Validation Time: 4.2968 secs
-----------------------
Epoch: 095, Train Loss: 0.0966, Train MSE: 0.1622, Train MAE: 0.2661
Epoch: 095, Valid Loss: 0.3642, Valid MSE: 0.2944, Valid MAE: 0.3406
No update
Epoch: 096, Training Time: 34.1237 secs
Epoch: 096, Validation Time: 4.3041 secs
-----------------------
Epoch: 096, Train Loss: 0.0965, Train MSE: 0.1619, Train MAE: 0.2660
Epoch: 096, Valid Loss: 0.3647, Valid MSE: 0.2955, Valid MAE: 0.3411
No update
Epoch: 097, Training Time: 34.0139 secs
Epoch: 097, Validation Time: 4.4165 secs
-----------------------
Epoch: 097, Train Loss: 0.0965, Train MSE: 0.1619, Train MAE: 0.2660
Epoch: 097, Valid Loss: 0.3647, Valid MSE: 0.2957, Valid MAE: 0.3412
No update
Epoch: 098, Training Time: 34.2725 secs
Epoch: 098, Validation Time: 4.3731 secs
-----------------------
Epoch: 098, Train Loss: 0.0964, Train MSE: 0.1617, Train MAE: 0.2660
Epoch: 098, Valid Loss: 0.3646, Valid MSE: 0.2959, Valid MAE: 0.3413
No update
Epoch: 099, Training Time: 33.9540 secs
Epoch: 099, Validation Time: 4.4614 secs
-----------------------
Epoch: 099, Train Loss: 0.0964, Train MSE: 0.1619, Train MAE: 0.2658
Epoch: 099, Valid Loss: 0.3646, Valid MSE: 0.2961, Valid MAE: 0.3413
No update
Epoch: 100, Training Time: 33.8425 secs
Epoch: 100, Validation Time: 4.2945 secs
-----------------------
Epoch: 100, Train Loss: 0.0964, Train MSE: 0.1617, Train MAE: 0.2659
Epoch: 100, Valid Loss: 0.3646, Valid MSE: 0.2961, Valid MAE: 0.3413
No update
Average Training Time: 33.9926 secs/epoch
Average Validation Time: 4.3549 secs
Training ends
The epoch of the best result： 68
The valid loss of the best model 0.3409
Test time (total): 27.4347 seconds
On average horizons, Test MSE: 0.2470, Test MAE: 0.3018
Average Testing Time: nan secs
Total time spent: 4698.6178
