Namespace(att_w=0.01, batch_size=16, channel=64, d_llm=768, data_path='ETTh1', device='cuda:0', dropout_n=0.5, e_layer=2, epochs=100, es_patience=50, fcst_w=1, feature_w=0.01, head=4, lrate=1e-05, model_name='gpt2', num_nodes=7, num_workers=10, pred_len=36, recon_w=0.5, save='./logs/2025-10-10-12:33:42-', seed=6666, seq_len=96, weight_decay=0.001)
The number of trainable parameters: 1713352
The number of parameters: 1713352
Dual(
  (normalize_layers): Normalize()
  (length_to_feature): Linear(in_features=96, out_features=64, bias=True)
  (token_to_feature): Linear(in_features=768, out_features=64, bias=True)
  (ts_encoder): Encoder(
    (attn_layers): ModuleList(
      (0-1): 2 x EncoderLayer(
        (attention): AttentionLayer(
          (inner_attention): FullAttention(
            (dropout): Dropout(p=0.5, inplace=False)
          )
          (query_projection): Linear(in_features=64, out_features=64, bias=True)
          (key_projection): Linear(in_features=64, out_features=64, bias=True)
          (value_projection): Linear(in_features=64, out_features=64, bias=True)
          (out_projection): Linear(in_features=64, out_features=64, bias=True)
        )
        (conv1): Conv1d(64, 3072, kernel_size=(1,), stride=(1,))
        (conv2): Conv1d(3072, 64, kernel_size=(1,), stride=(1,))
        (norm1): LayerNorm((64,), eps=1e-05, elementwise_affine=True)
        (norm2): LayerNorm((64,), eps=1e-05, elementwise_affine=True)
        (dropout): Dropout(p=0.5, inplace=False)
      )
    )
    (norm): LayerNorm((64,), eps=1e-05, elementwise_affine=True)
  )
  (prompt_encoder): Encoder(
    (attn_layers): ModuleList(
      (0-1): 2 x EncoderLayer(
        (attention): AttentionLayer(
          (inner_attention): FullAttention(
            (dropout): Dropout(p=0.5, inplace=False)
          )
          (query_projection): Linear(in_features=64, out_features=64, bias=True)
          (key_projection): Linear(in_features=64, out_features=64, bias=True)
          (value_projection): Linear(in_features=64, out_features=64, bias=True)
          (out_projection): Linear(in_features=64, out_features=64, bias=True)
        )
        (conv1): Conv1d(64, 3072, kernel_size=(1,), stride=(1,))
        (conv2): Conv1d(3072, 64, kernel_size=(1,), stride=(1,))
        (norm1): LayerNorm((64,), eps=1e-05, elementwise_affine=True)
        (norm2): LayerNorm((64,), eps=1e-05, elementwise_affine=True)
        (dropout): Dropout(p=0.5, inplace=False)
      )
    )
    (norm): LayerNorm((64,), eps=1e-05, elementwise_affine=True)
  )
  (ts_proj): Linear(in_features=64, out_features=36, bias=True)
  (prompt_proj): Linear(in_features=64, out_features=36, bias=True)
)
Start training...
Epoch: 001, Training Time: 8.5792 secs
Epoch: 001, Validation Time: 1.1848 secs
-----------------------
Epoch: 001, Train Loss: 0.4869, Train MSE: 0.4989, Train MAE: 0.5054
Epoch: 001, Valid Loss: 0.5753, Valid MSE: 0.7018, Valid MAE: 0.5792
###Update tasks appear###
Updating! Valid Loss:0.5753, epoch:  1
Epoch: 002, Training Time: 8.3096 secs
Epoch: 002, Validation Time: 1.2035 secs
-----------------------
Epoch: 002, Train Loss: 0.4343, Train MSE: 0.4390, Train MAE: 0.4705
Epoch: 002, Valid Loss: 0.5401, Valid MSE: 0.6381, Valid MAE: 0.5485
###Update tasks appear###
Updating! Valid Loss:0.5401, epoch:  2
Epoch: 003, Training Time: 8.3801 secs
Epoch: 003, Validation Time: 1.2363 secs
-----------------------
Epoch: 003, Train Loss: 0.4136, Train MSE: 0.4178, Train MAE: 0.4577
Epoch: 003, Valid Loss: 0.5184, Valid MSE: 0.6024, Valid MAE: 0.5304
###Update tasks appear###
Updating! Valid Loss:0.5184, epoch:  3
Epoch: 004, Training Time: 8.4080 secs
Epoch: 004, Validation Time: 1.1991 secs
-----------------------
Epoch: 004, Train Loss: 0.3972, Train MSE: 0.4029, Train MAE: 0.4489
Epoch: 004, Valid Loss: 0.5004, Valid MSE: 0.5777, Valid MAE: 0.5170
###Update tasks appear###
Updating! Valid Loss:0.5004, epoch:  4
Epoch: 005, Training Time: 8.3562 secs
Epoch: 005, Validation Time: 1.2349 secs
-----------------------
Epoch: 005, Train Loss: 0.3824, Train MSE: 0.3922, Train MAE: 0.4421
Epoch: 005, Valid Loss: 0.4849, Valid MSE: 0.5596, Valid MAE: 0.5070
###Update tasks appear###
Updating! Valid Loss:0.4849, epoch:  5
Epoch: 006, Training Time: 8.4975 secs
Epoch: 006, Validation Time: 1.2204 secs
-----------------------
Epoch: 006, Train Loss: 0.3682, Train MSE: 0.3825, Train MAE: 0.4359
Epoch: 006, Valid Loss: 0.4710, Valid MSE: 0.5459, Valid MAE: 0.4992
###Update tasks appear###
Updating! Valid Loss:0.4710, epoch:  6
Epoch: 007, Training Time: 8.2970 secs
Epoch: 007, Validation Time: 1.2294 secs
-----------------------
Epoch: 007, Train Loss: 0.3564, Train MSE: 0.3761, Train MAE: 0.4316
Epoch: 007, Valid Loss: 0.4593, Valid MSE: 0.5358, Valid MAE: 0.4932
###Update tasks appear###
Updating! Valid Loss:0.4593, epoch:  7
Epoch: 008, Training Time: 8.3073 secs
Epoch: 008, Validation Time: 1.2829 secs
-----------------------
Epoch: 008, Train Loss: 0.3463, Train MSE: 0.3699, Train MAE: 0.4277
Epoch: 008, Valid Loss: 0.4500, Valid MSE: 0.5276, Valid MAE: 0.4884
###Update tasks appear###
Updating! Valid Loss:0.4500, epoch:  8
Epoch: 009, Training Time: 8.3034 secs
Epoch: 009, Validation Time: 1.2401 secs
-----------------------
Epoch: 009, Train Loss: 0.3374, Train MSE: 0.3650, Train MAE: 0.4244
Epoch: 009, Valid Loss: 0.4426, Valid MSE: 0.5212, Valid MAE: 0.4844
###Update tasks appear###
Updating! Valid Loss:0.4426, epoch:  9
Epoch: 010, Training Time: 8.2532 secs
Epoch: 010, Validation Time: 1.2123 secs
-----------------------
Epoch: 010, Train Loss: 0.3299, Train MSE: 0.3611, Train MAE: 0.4217
Epoch: 010, Valid Loss: 0.4368, Valid MSE: 0.5157, Valid MAE: 0.4811
###Update tasks appear###
Updating! Valid Loss:0.4368, epoch:  10
Epoch: 011, Training Time: 8.4078 secs
Epoch: 011, Validation Time: 1.2032 secs
-----------------------
Epoch: 011, Train Loss: 0.3233, Train MSE: 0.3575, Train MAE: 0.4191
Epoch: 011, Valid Loss: 0.4323, Valid MSE: 0.5109, Valid MAE: 0.4781
###Update tasks appear###
Test low! Updating! Test MSE: 0.3557, Test MAE: 0.3891, Test low! Updating! Valid Loss: 0.4323, epoch:  11
Epoch: 012, Training Time: 8.4586 secs
Epoch: 012, Validation Time: 1.2298 secs
-----------------------
Epoch: 012, Train Loss: 0.3176, Train MSE: 0.3544, Train MAE: 0.4172
Epoch: 012, Valid Loss: 0.4291, Valid MSE: 0.5070, Valid MAE: 0.4758
###Update tasks appear###
Test low! Updating! Test MSE: 0.3537, Test MAE: 0.3878, Test low! Updating! Valid Loss: 0.4291, epoch:  12
Epoch: 013, Training Time: 8.6487 secs
Epoch: 013, Validation Time: 1.2135 secs
-----------------------
Epoch: 013, Train Loss: 0.3123, Train MSE: 0.3512, Train MAE: 0.4150
Epoch: 013, Valid Loss: 0.4261, Valid MSE: 0.5036, Valid MAE: 0.4736
###Update tasks appear###
Test low! Updating! Test MSE: 0.3520, Test MAE: 0.3868, Test low! Updating! Valid Loss: 0.4261, epoch:  13
Epoch: 014, Training Time: 8.4120 secs
Epoch: 014, Validation Time: 1.2761 secs
-----------------------
Epoch: 014, Train Loss: 0.3081, Train MSE: 0.3490, Train MAE: 0.4134
Epoch: 014, Valid Loss: 0.4239, Valid MSE: 0.5008, Valid MAE: 0.4719
###Update tasks appear###
Test low! Updating! Test MSE: 0.3505, Test MAE: 0.3858, Test low! Updating! Valid Loss: 0.4239, epoch:  14
Epoch: 015, Training Time: 8.4755 secs
Epoch: 015, Validation Time: 1.2271 secs
-----------------------
Epoch: 015, Train Loss: 0.3038, Train MSE: 0.3466, Train MAE: 0.4117
Epoch: 015, Valid Loss: 0.4217, Valid MSE: 0.4979, Valid MAE: 0.4702
###Update tasks appear###
Test low! Updating! Test MSE: 0.3491, Test MAE: 0.3849, Test low! Updating! Valid Loss: 0.4217, epoch:  15
Epoch: 016, Training Time: 8.4904 secs
Epoch: 016, Validation Time: 1.2507 secs
-----------------------
Epoch: 016, Train Loss: 0.3002, Train MSE: 0.3444, Train MAE: 0.4102
Epoch: 016, Valid Loss: 0.4204, Valid MSE: 0.4953, Valid MAE: 0.4686
###Update tasks appear###
Test low! Updating! Test MSE: 0.3480, Test MAE: 0.3843, Test low! Updating! Valid Loss: 0.4204, epoch:  16
Epoch: 017, Training Time: 8.4581 secs
Epoch: 017, Validation Time: 1.2067 secs
-----------------------
Epoch: 017, Train Loss: 0.2967, Train MSE: 0.3426, Train MAE: 0.4087
Epoch: 017, Valid Loss: 0.4187, Valid MSE: 0.4928, Valid MAE: 0.4671
###Update tasks appear###
Test low! Updating! Test MSE: 0.3470, Test MAE: 0.3835, Test low! Updating! Valid Loss: 0.4187, epoch:  17
Epoch: 018, Training Time: 8.4894 secs
Epoch: 018, Validation Time: 1.2540 secs
-----------------------
Epoch: 018, Train Loss: 0.2933, Train MSE: 0.3402, Train MAE: 0.4073
Epoch: 018, Valid Loss: 0.4174, Valid MSE: 0.4908, Valid MAE: 0.4658
###Update tasks appear###
Test low! Updating! Test MSE: 0.3465, Test MAE: 0.3833, Test low! Updating! Valid Loss: 0.4174, epoch:  18
Epoch: 019, Training Time: 8.5175 secs
Epoch: 019, Validation Time: 1.2596 secs
-----------------------
Epoch: 019, Train Loss: 0.2905, Train MSE: 0.3387, Train MAE: 0.4060
Epoch: 019, Valid Loss: 0.4161, Valid MSE: 0.4891, Valid MAE: 0.4647
###Update tasks appear###
Test low! Updating! Test MSE: 0.3455, Test MAE: 0.3826, Test low! Updating! Valid Loss: 0.4161, epoch:  19
Epoch: 020, Training Time: 8.4141 secs
Epoch: 020, Validation Time: 1.2668 secs
-----------------------
Epoch: 020, Train Loss: 0.2879, Train MSE: 0.3374, Train MAE: 0.4052
Epoch: 020, Valid Loss: 0.4142, Valid MSE: 0.4873, Valid MAE: 0.4636
###Update tasks appear###
Test low! Updating! Test MSE: 0.3448, Test MAE: 0.3821, Test low! Updating! Valid Loss: 0.4142, epoch:  20
Epoch: 021, Training Time: 8.4135 secs
Epoch: 021, Validation Time: 1.2234 secs
-----------------------
Epoch: 021, Train Loss: 0.2850, Train MSE: 0.3354, Train MAE: 0.4040
Epoch: 021, Valid Loss: 0.4135, Valid MSE: 0.4857, Valid MAE: 0.4626
###Update tasks appear###
Test low! Updating! Test MSE: 0.3440, Test MAE: 0.3815, Test low! Updating! Valid Loss: 0.4135, epoch:  21
Epoch: 022, Training Time: 8.4958 secs
Epoch: 022, Validation Time: 1.2443 secs
-----------------------
Epoch: 022, Train Loss: 0.2828, Train MSE: 0.3340, Train MAE: 0.4028
Epoch: 022, Valid Loss: 0.4121, Valid MSE: 0.4844, Valid MAE: 0.4618
###Update tasks appear###
Test low! Updating! Test MSE: 0.3435, Test MAE: 0.3812, Test low! Updating! Valid Loss: 0.4121, epoch:  22
Epoch: 023, Training Time: 8.5592 secs
Epoch: 023, Validation Time: 1.2359 secs
-----------------------
Epoch: 023, Train Loss: 0.2804, Train MSE: 0.3331, Train MAE: 0.4020
Epoch: 023, Valid Loss: 0.4116, Valid MSE: 0.4829, Valid MAE: 0.4609
###Update tasks appear###
Test low! Updating! Test MSE: 0.3428, Test MAE: 0.3806, Test low! Updating! Valid Loss: 0.4116, epoch:  23
Epoch: 024, Training Time: 8.5178 secs
Epoch: 024, Validation Time: 1.2269 secs
-----------------------
Epoch: 024, Train Loss: 0.2785, Train MSE: 0.3322, Train MAE: 0.4015
Epoch: 024, Valid Loss: 0.4106, Valid MSE: 0.4815, Valid MAE: 0.4600
###Update tasks appear###
Test low! Updating! Test MSE: 0.3425, Test MAE: 0.3805, Test low! Updating! Valid Loss: 0.4106, epoch:  24
Epoch: 025, Training Time: 8.4243 secs
Epoch: 025, Validation Time: 1.1996 secs
-----------------------
Epoch: 025, Train Loss: 0.2763, Train MSE: 0.3303, Train MAE: 0.4002
Epoch: 025, Valid Loss: 0.4094, Valid MSE: 0.4803, Valid MAE: 0.4593
###Update tasks appear###
Test low! Updating! Test MSE: 0.3421, Test MAE: 0.3804, Test low! Updating! Valid Loss: 0.4094, epoch:  25
Epoch: 026, Training Time: 8.4750 secs
Epoch: 026, Validation Time: 1.2475 secs
-----------------------
Epoch: 026, Train Loss: 0.2743, Train MSE: 0.3291, Train MAE: 0.3994
Epoch: 026, Valid Loss: 0.4087, Valid MSE: 0.4791, Valid MAE: 0.4585
###Update tasks appear###
Test low! Updating! Test MSE: 0.3416, Test MAE: 0.3799, Test low! Updating! Valid Loss: 0.4087, epoch:  26
Epoch: 027, Training Time: 8.3657 secs
Epoch: 027, Validation Time: 1.2486 secs
-----------------------
Epoch: 027, Train Loss: 0.2726, Train MSE: 0.3282, Train MAE: 0.3988
Epoch: 027, Valid Loss: 0.4079, Valid MSE: 0.4777, Valid MAE: 0.4577
###Update tasks appear###
Test low! Updating! Test MSE: 0.3411, Test MAE: 0.3796, Test low! Updating! Valid Loss: 0.4079, epoch:  27
Epoch: 028, Training Time: 8.4259 secs
Epoch: 028, Validation Time: 1.2156 secs
-----------------------
Epoch: 028, Train Loss: 0.2706, Train MSE: 0.3269, Train MAE: 0.3977
Epoch: 028, Valid Loss: 0.4064, Valid MSE: 0.4767, Valid MAE: 0.4572
###Update tasks appear###
Test low! Updating! Test MSE: 0.3407, Test MAE: 0.3792, Test low! Updating! Valid Loss: 0.4064, epoch:  28
Epoch: 029, Training Time: 8.4084 secs
Epoch: 029, Validation Time: 1.2280 secs
-----------------------
Epoch: 029, Train Loss: 0.2691, Train MSE: 0.3265, Train MAE: 0.3974
Epoch: 029, Valid Loss: 0.4063, Valid MSE: 0.4757, Valid MAE: 0.4566
###Update tasks appear###
Test low! Updating! Test MSE: 0.3403, Test MAE: 0.3792, Test low! Updating! Valid Loss: 0.4063, epoch:  29
Epoch: 030, Training Time: 8.4023 secs
Epoch: 030, Validation Time: 1.2522 secs
-----------------------
Epoch: 030, Train Loss: 0.2675, Train MSE: 0.3253, Train MAE: 0.3965
Epoch: 030, Valid Loss: 0.4053, Valid MSE: 0.4748, Valid MAE: 0.4561
###Update tasks appear###
Test low! Updating! Test MSE: 0.3400, Test MAE: 0.3787, Test low! Updating! Valid Loss: 0.4053, epoch:  30
Epoch: 031, Training Time: 8.4006 secs
Epoch: 031, Validation Time: 1.2666 secs
-----------------------
Epoch: 031, Train Loss: 0.2662, Train MSE: 0.3245, Train MAE: 0.3961
Epoch: 031, Valid Loss: 0.4038, Valid MSE: 0.4740, Valid MAE: 0.4556
###Update tasks appear###
Test low! Updating! Test MSE: 0.3397, Test MAE: 0.3786, Test low! Updating! Valid Loss: 0.4038, epoch:  31
Epoch: 032, Training Time: 8.4907 secs
Epoch: 032, Validation Time: 1.2236 secs
-----------------------
Epoch: 032, Train Loss: 0.2648, Train MSE: 0.3235, Train MAE: 0.3954
Epoch: 032, Valid Loss: 0.4044, Valid MSE: 0.4730, Valid MAE: 0.4550
No update
Epoch: 033, Training Time: 8.3408 secs
Epoch: 033, Validation Time: 1.2456 secs
-----------------------
Epoch: 033, Train Loss: 0.2634, Train MSE: 0.3232, Train MAE: 0.3950
Epoch: 033, Valid Loss: 0.4036, Valid MSE: 0.4721, Valid MAE: 0.4545
###Update tasks appear###
Test low! Updating! Test MSE: 0.3392, Test MAE: 0.3781, Test low! Updating! Valid Loss: 0.4036, epoch:  33
Epoch: 034, Training Time: 8.4125 secs
Epoch: 034, Validation Time: 1.2343 secs
-----------------------
Epoch: 034, Train Loss: 0.2619, Train MSE: 0.3215, Train MAE: 0.3941
Epoch: 034, Valid Loss: 0.4028, Valid MSE: 0.4715, Valid MAE: 0.4540
###Update tasks appear###
Test low! Updating! Test MSE: 0.3389, Test MAE: 0.3781, Test low! Updating! Valid Loss: 0.4028, epoch:  34
Epoch: 035, Training Time: 8.3433 secs
Epoch: 035, Validation Time: 1.2628 secs
-----------------------
Epoch: 035, Train Loss: 0.2609, Train MSE: 0.3213, Train MAE: 0.3936
Epoch: 035, Valid Loss: 0.4027, Valid MSE: 0.4705, Valid MAE: 0.4535
###Update tasks appear###
Test low! Updating! Test MSE: 0.3387, Test MAE: 0.3778, Test low! Updating! Valid Loss: 0.4027, epoch:  35
Epoch: 036, Training Time: 8.4765 secs
Epoch: 036, Validation Time: 1.2569 secs
-----------------------
Epoch: 036, Train Loss: 0.2597, Train MSE: 0.3205, Train MAE: 0.3933
Epoch: 036, Valid Loss: 0.4015, Valid MSE: 0.4699, Valid MAE: 0.4531
###Update tasks appear###
Test low! Updating! Test MSE: 0.3384, Test MAE: 0.3776, Test low! Updating! Valid Loss: 0.4015, epoch:  36
Epoch: 037, Training Time: 8.5126 secs
Epoch: 037, Validation Time: 1.2357 secs
-----------------------
Epoch: 037, Train Loss: 0.2586, Train MSE: 0.3201, Train MAE: 0.3925
Epoch: 037, Valid Loss: 0.4011, Valid MSE: 0.4691, Valid MAE: 0.4527
###Update tasks appear###
Test low! Updating! Test MSE: 0.3380, Test MAE: 0.3773, Test low! Updating! Valid Loss: 0.4011, epoch:  37
Epoch: 038, Training Time: 8.4895 secs
Epoch: 038, Validation Time: 1.2576 secs
-----------------------
Epoch: 038, Train Loss: 0.2571, Train MSE: 0.3190, Train MAE: 0.3919
Epoch: 038, Valid Loss: 0.4007, Valid MSE: 0.4683, Valid MAE: 0.4523
###Update tasks appear###
Test low! Updating! Test MSE: 0.3379, Test MAE: 0.3772, Test low! Updating! Valid Loss: 0.4007, epoch:  38
Epoch: 039, Training Time: 8.4122 secs
Epoch: 039, Validation Time: 1.2320 secs
-----------------------
Epoch: 039, Train Loss: 0.2563, Train MSE: 0.3186, Train MAE: 0.3917
Epoch: 039, Valid Loss: 0.3996, Valid MSE: 0.4678, Valid MAE: 0.4519
###Update tasks appear###
Test low! Updating! Test MSE: 0.3379, Test MAE: 0.3774, Test low! Updating! Valid Loss: 0.3996, epoch:  39
Epoch: 040, Training Time: 8.5073 secs
Epoch: 040, Validation Time: 1.2127 secs
-----------------------
Epoch: 040, Train Loss: 0.2553, Train MSE: 0.3181, Train MAE: 0.3913
Epoch: 040, Valid Loss: 0.3998, Valid MSE: 0.4671, Valid MAE: 0.4515
No update
Epoch: 041, Training Time: 8.3438 secs
Epoch: 041, Validation Time: 1.2552 secs
-----------------------
Epoch: 041, Train Loss: 0.2542, Train MSE: 0.3174, Train MAE: 0.3907
Epoch: 041, Valid Loss: 0.3990, Valid MSE: 0.4663, Valid MAE: 0.4510
###Update tasks appear###
Test low! Updating! Test MSE: 0.3374, Test MAE: 0.3769, Test low! Updating! Valid Loss: 0.3990, epoch:  41
Epoch: 042, Training Time: 8.4616 secs
Epoch: 042, Validation Time: 1.2516 secs
-----------------------
Epoch: 042, Train Loss: 0.2534, Train MSE: 0.3166, Train MAE: 0.3902
Epoch: 042, Valid Loss: 0.3983, Valid MSE: 0.4658, Valid MAE: 0.4506
###Update tasks appear###
No update
Epoch: 043, Training Time: 8.3979 secs
Epoch: 043, Validation Time: 1.2433 secs
-----------------------
Epoch: 043, Train Loss: 0.2526, Train MSE: 0.3166, Train MAE: 0.3900
Epoch: 043, Valid Loss: 0.3987, Valid MSE: 0.4653, Valid MAE: 0.4505
###Update tasks appear###
Test low! Updating! Test MSE: 0.3369, Test MAE: 0.3766, Test low! Updating! Valid Loss: 0.3987, epoch:  43
Epoch: 044, Training Time: 8.4225 secs
Epoch: 044, Validation Time: 1.2703 secs
-----------------------
Epoch: 044, Train Loss: 0.2518, Train MSE: 0.3158, Train MAE: 0.3896
Epoch: 044, Valid Loss: 0.3972, Valid MSE: 0.4646, Valid MAE: 0.4500
###Update tasks appear###
Test low! Updating! Test MSE: 0.3368, Test MAE: 0.3763, Test low! Updating! Valid Loss: 0.3972, epoch:  44
Epoch: 045, Training Time: 8.4432 secs
Epoch: 045, Validation Time: 1.2281 secs
-----------------------
Epoch: 045, Train Loss: 0.2510, Train MSE: 0.3153, Train MAE: 0.3892
Epoch: 045, Valid Loss: 0.3976, Valid MSE: 0.4643, Valid MAE: 0.4498
No update
Epoch: 046, Training Time: 8.3957 secs
Epoch: 046, Validation Time: 1.2699 secs
-----------------------
Epoch: 046, Train Loss: 0.2504, Train MSE: 0.3149, Train MAE: 0.3890
Epoch: 046, Valid Loss: 0.3969, Valid MSE: 0.4638, Valid MAE: 0.4495
###Update tasks appear###
Test low! Updating! Test MSE: 0.3367, Test MAE: 0.3764, Test low! Updating! Valid Loss: 0.3969, epoch:  46
Epoch: 047, Training Time: 8.4701 secs
Epoch: 047, Validation Time: 1.2081 secs
-----------------------
Epoch: 047, Train Loss: 0.2495, Train MSE: 0.3140, Train MAE: 0.3884
Epoch: 047, Valid Loss: 0.3970, Valid MSE: 0.4633, Valid MAE: 0.4492
No update
Epoch: 048, Training Time: 8.3810 secs
Epoch: 048, Validation Time: 1.2832 secs
-----------------------
Epoch: 048, Train Loss: 0.2487, Train MSE: 0.3139, Train MAE: 0.3883
Epoch: 048, Valid Loss: 0.3965, Valid MSE: 0.4630, Valid MAE: 0.4490
###Update tasks appear###
Test low! Updating! Test MSE: 0.3365, Test MAE: 0.3760, Test low! Updating! Valid Loss: 0.3965, epoch:  48
Epoch: 049, Training Time: 8.5246 secs
Epoch: 049, Validation Time: 1.2311 secs
-----------------------
Epoch: 049, Train Loss: 0.2481, Train MSE: 0.3134, Train MAE: 0.3880
Epoch: 049, Valid Loss: 0.3969, Valid MSE: 0.4623, Valid MAE: 0.4487
No update
Epoch: 050, Training Time: 8.4605 secs
Epoch: 050, Validation Time: 1.1927 secs
-----------------------
Epoch: 050, Train Loss: 0.2475, Train MSE: 0.3131, Train MAE: 0.3876
Epoch: 050, Valid Loss: 0.3969, Valid MSE: 0.4620, Valid MAE: 0.4484
No update
Epoch: 051, Training Time: 8.6034 secs
Epoch: 051, Validation Time: 1.2760 secs
-----------------------
Epoch: 051, Train Loss: 0.2467, Train MSE: 0.3126, Train MAE: 0.3873
Epoch: 051, Valid Loss: 0.3964, Valid MSE: 0.4617, Valid MAE: 0.4483
###Update tasks appear###
Test low! Updating! Test MSE: 0.3359, Test MAE: 0.3756, Test low! Updating! Valid Loss: 0.3964, epoch:  51
Epoch: 052, Training Time: 8.4649 secs
Epoch: 052, Validation Time: 1.1917 secs
-----------------------
Epoch: 052, Train Loss: 0.2464, Train MSE: 0.3126, Train MAE: 0.3873
Epoch: 052, Valid Loss: 0.3970, Valid MSE: 0.4615, Valid MAE: 0.4481
No update
Epoch: 053, Training Time: 8.4187 secs
Epoch: 053, Validation Time: 1.2762 secs
-----------------------
Epoch: 053, Train Loss: 0.2459, Train MSE: 0.3121, Train MAE: 0.3869
Epoch: 053, Valid Loss: 0.3955, Valid MSE: 0.4608, Valid MAE: 0.4478
###Update tasks appear###
Test low! Updating! Test MSE: 0.3357, Test MAE: 0.3755, Test low! Updating! Valid Loss: 0.3955, epoch:  53
Epoch: 054, Training Time: 8.4116 secs
Epoch: 054, Validation Time: 1.2200 secs
-----------------------
Epoch: 054, Train Loss: 0.2452, Train MSE: 0.3118, Train MAE: 0.3865
Epoch: 054, Valid Loss: 0.3962, Valid MSE: 0.4606, Valid MAE: 0.4476
No update
Epoch: 055, Training Time: 8.3678 secs
Epoch: 055, Validation Time: 1.2656 secs
-----------------------
Epoch: 055, Train Loss: 0.2445, Train MSE: 0.3110, Train MAE: 0.3862
Epoch: 055, Valid Loss: 0.3961, Valid MSE: 0.4601, Valid MAE: 0.4473
No update
Epoch: 056, Training Time: 8.4696 secs
Epoch: 056, Validation Time: 1.2924 secs
-----------------------
Epoch: 056, Train Loss: 0.2443, Train MSE: 0.3113, Train MAE: 0.3864
Epoch: 056, Valid Loss: 0.3956, Valid MSE: 0.4598, Valid MAE: 0.4472
No update
Epoch: 057, Training Time: 8.3877 secs
Epoch: 057, Validation Time: 1.2574 secs
-----------------------
Epoch: 057, Train Loss: 0.2436, Train MSE: 0.3104, Train MAE: 0.3859
Epoch: 057, Valid Loss: 0.3964, Valid MSE: 0.4595, Valid MAE: 0.4469
No update
Epoch: 058, Training Time: 8.3619 secs
Epoch: 058, Validation Time: 1.2443 secs
-----------------------
Epoch: 058, Train Loss: 0.2434, Train MSE: 0.3103, Train MAE: 0.3856
Epoch: 058, Valid Loss: 0.3961, Valid MSE: 0.4592, Valid MAE: 0.4468
No update
Epoch: 059, Training Time: 8.4223 secs
Epoch: 059, Validation Time: 1.2584 secs
-----------------------
Epoch: 059, Train Loss: 0.2429, Train MSE: 0.3102, Train MAE: 0.3855
Epoch: 059, Valid Loss: 0.3956, Valid MSE: 0.4588, Valid MAE: 0.4465
No update
Epoch: 060, Training Time: 8.4834 secs
Epoch: 060, Validation Time: 1.2820 secs
-----------------------
Epoch: 060, Train Loss: 0.2423, Train MSE: 0.3094, Train MAE: 0.3851
Epoch: 060, Valid Loss: 0.3961, Valid MSE: 0.4585, Valid MAE: 0.4465
No update
Epoch: 061, Training Time: 8.4764 secs
Epoch: 061, Validation Time: 1.2123 secs
-----------------------
Epoch: 061, Train Loss: 0.2420, Train MSE: 0.3093, Train MAE: 0.3849
Epoch: 061, Valid Loss: 0.3963, Valid MSE: 0.4583, Valid MAE: 0.4463
No update
Epoch: 062, Training Time: 8.4548 secs
Epoch: 062, Validation Time: 1.2445 secs
-----------------------
Epoch: 062, Train Loss: 0.2415, Train MSE: 0.3091, Train MAE: 0.3847
Epoch: 062, Valid Loss: 0.3960, Valid MSE: 0.4580, Valid MAE: 0.4461
No update
Epoch: 063, Training Time: 8.5075 secs
Epoch: 063, Validation Time: 1.2479 secs
-----------------------
Epoch: 063, Train Loss: 0.2413, Train MSE: 0.3091, Train MAE: 0.3846
Epoch: 063, Valid Loss: 0.3969, Valid MSE: 0.4578, Valid MAE: 0.4460
No update
Epoch: 064, Training Time: 8.5188 secs
Epoch: 064, Validation Time: 1.2795 secs
-----------------------
Epoch: 064, Train Loss: 0.2412, Train MSE: 0.3094, Train MAE: 0.3850
Epoch: 064, Valid Loss: 0.3965, Valid MSE: 0.4576, Valid MAE: 0.4458
No update
Epoch: 065, Training Time: 8.3931 secs
Epoch: 065, Validation Time: 1.2658 secs
-----------------------
Epoch: 065, Train Loss: 0.2407, Train MSE: 0.3084, Train MAE: 0.3841
Epoch: 065, Valid Loss: 0.3966, Valid MSE: 0.4574, Valid MAE: 0.4457
No update
Epoch: 066, Training Time: 8.4250 secs
Epoch: 066, Validation Time: 1.2098 secs
-----------------------
Epoch: 066, Train Loss: 0.2407, Train MSE: 0.3088, Train MAE: 0.3845
Epoch: 066, Valid Loss: 0.3965, Valid MSE: 0.4572, Valid MAE: 0.4457
No update
Epoch: 067, Training Time: 8.4397 secs
Epoch: 067, Validation Time: 1.2721 secs
-----------------------
Epoch: 067, Train Loss: 0.2402, Train MSE: 0.3083, Train MAE: 0.3840
Epoch: 067, Valid Loss: 0.3973, Valid MSE: 0.4569, Valid MAE: 0.4454
No update
Epoch: 068, Training Time: 8.4341 secs
Epoch: 068, Validation Time: 1.2786 secs
-----------------------
Epoch: 068, Train Loss: 0.2398, Train MSE: 0.3080, Train MAE: 0.3840
Epoch: 068, Valid Loss: 0.3966, Valid MSE: 0.4568, Valid MAE: 0.4454
No update
Epoch: 069, Training Time: 8.4829 secs
Epoch: 069, Validation Time: 1.2310 secs
-----------------------
Epoch: 069, Train Loss: 0.2396, Train MSE: 0.3081, Train MAE: 0.3839
Epoch: 069, Valid Loss: 0.3963, Valid MSE: 0.4566, Valid MAE: 0.4452
No update
Epoch: 070, Training Time: 8.4503 secs
Epoch: 070, Validation Time: 1.2495 secs
-----------------------
Epoch: 070, Train Loss: 0.2393, Train MSE: 0.3078, Train MAE: 0.3837
Epoch: 070, Valid Loss: 0.3964, Valid MSE: 0.4564, Valid MAE: 0.4451
No update
Epoch: 071, Training Time: 8.3711 secs
Epoch: 071, Validation Time: 1.2750 secs
-----------------------
Epoch: 071, Train Loss: 0.2393, Train MSE: 0.3075, Train MAE: 0.3835
Epoch: 071, Valid Loss: 0.3959, Valid MSE: 0.4562, Valid MAE: 0.4450
No update
Epoch: 072, Training Time: 8.5994 secs
Epoch: 072, Validation Time: 1.2250 secs
-----------------------
Epoch: 072, Train Loss: 0.2393, Train MSE: 0.3079, Train MAE: 0.3837
Epoch: 072, Valid Loss: 0.3964, Valid MSE: 0.4562, Valid MAE: 0.4450
No update
Epoch: 073, Training Time: 8.3645 secs
Epoch: 073, Validation Time: 1.2151 secs
-----------------------
Epoch: 073, Train Loss: 0.2387, Train MSE: 0.3073, Train MAE: 0.3835
Epoch: 073, Valid Loss: 0.3965, Valid MSE: 0.4560, Valid MAE: 0.4449
No update
Epoch: 074, Training Time: 8.4572 secs
Epoch: 074, Validation Time: 1.2582 secs
-----------------------
Epoch: 074, Train Loss: 0.2387, Train MSE: 0.3072, Train MAE: 0.3832
Epoch: 074, Valid Loss: 0.3952, Valid MSE: 0.4558, Valid MAE: 0.4448
###Update tasks appear###
Test low! Updating! Test MSE: 0.3341, Test MAE: 0.3742, Test low! Updating! Valid Loss: 0.3952, epoch:  74
Epoch: 075, Training Time: 8.4859 secs
Epoch: 075, Validation Time: 1.1964 secs
-----------------------
Epoch: 075, Train Loss: 0.2383, Train MSE: 0.3068, Train MAE: 0.3831
Epoch: 075, Valid Loss: 0.3957, Valid MSE: 0.4557, Valid MAE: 0.4448
No update
Epoch: 076, Training Time: 8.4728 secs
Epoch: 076, Validation Time: 1.2207 secs
-----------------------
Epoch: 076, Train Loss: 0.2384, Train MSE: 0.3067, Train MAE: 0.3831
Epoch: 076, Valid Loss: 0.3955, Valid MSE: 0.4555, Valid MAE: 0.4447
No update
Epoch: 077, Training Time: 8.5105 secs
Epoch: 077, Validation Time: 1.2526 secs
-----------------------
Epoch: 077, Train Loss: 0.2384, Train MSE: 0.3068, Train MAE: 0.3830
Epoch: 077, Valid Loss: 0.3954, Valid MSE: 0.4554, Valid MAE: 0.4446
No update
Epoch: 078, Training Time: 8.3315 secs
Epoch: 078, Validation Time: 1.2240 secs
-----------------------
Epoch: 078, Train Loss: 0.2378, Train MSE: 0.3063, Train MAE: 0.3829
Epoch: 078, Valid Loss: 0.3950, Valid MSE: 0.4554, Valid MAE: 0.4446
###Update tasks appear###
No update
Epoch: 079, Training Time: 8.4911 secs
Epoch: 079, Validation Time: 1.2159 secs
-----------------------
Epoch: 079, Train Loss: 0.2380, Train MSE: 0.3063, Train MAE: 0.3828
Epoch: 079, Valid Loss: 0.3951, Valid MSE: 0.4552, Valid MAE: 0.4445
###Update tasks appear###
Test low! Updating! Test MSE: 0.3341, Test MAE: 0.3741, Test low! Updating! Valid Loss: 0.3951, epoch:  79
Epoch: 080, Training Time: 8.3765 secs
Epoch: 080, Validation Time: 1.2761 secs
-----------------------
Epoch: 080, Train Loss: 0.2377, Train MSE: 0.3061, Train MAE: 0.3826
Epoch: 080, Valid Loss: 0.3946, Valid MSE: 0.4550, Valid MAE: 0.4444
###Update tasks appear###
Test low! Updating! Test MSE: 0.3339, Test MAE: 0.3740, Test low! Updating! Valid Loss: 0.3946, epoch:  80
Epoch: 081, Training Time: 8.4551 secs
Epoch: 081, Validation Time: 1.2754 secs
-----------------------
Epoch: 081, Train Loss: 0.2377, Train MSE: 0.3069, Train MAE: 0.3830
Epoch: 081, Valid Loss: 0.3944, Valid MSE: 0.4550, Valid MAE: 0.4444
###Update tasks appear###
Test low! Updating! Test MSE: 0.3338, Test MAE: 0.3740, Test low! Updating! Valid Loss: 0.3944, epoch:  81
Epoch: 082, Training Time: 8.4797 secs
Epoch: 082, Validation Time: 1.2357 secs
-----------------------
Epoch: 082, Train Loss: 0.2375, Train MSE: 0.3059, Train MAE: 0.3826
Epoch: 082, Valid Loss: 0.3944, Valid MSE: 0.4549, Valid MAE: 0.4443
###Update tasks appear###
No update
Epoch: 083, Training Time: 8.4742 secs
Epoch: 083, Validation Time: 1.2393 secs
-----------------------
Epoch: 083, Train Loss: 0.2375, Train MSE: 0.3064, Train MAE: 0.3827
Epoch: 083, Valid Loss: 0.3935, Valid MSE: 0.4548, Valid MAE: 0.4443
###Update tasks appear###
No update
Epoch: 084, Training Time: 8.5518 secs
Epoch: 084, Validation Time: 1.2242 secs
-----------------------
Epoch: 084, Train Loss: 0.2376, Train MSE: 0.3060, Train MAE: 0.3826
Epoch: 084, Valid Loss: 0.3933, Valid MSE: 0.4548, Valid MAE: 0.4443
###Update tasks appear###
No update
Epoch: 085, Training Time: 8.3546 secs
Epoch: 085, Validation Time: 1.2425 secs
-----------------------
Epoch: 085, Train Loss: 0.2375, Train MSE: 0.3063, Train MAE: 0.3827
Epoch: 085, Valid Loss: 0.3929, Valid MSE: 0.4547, Valid MAE: 0.4442
###Update tasks appear###
Test low! Updating! Test MSE: 0.3338, Test MAE: 0.3739, Test low! Updating! Valid Loss: 0.3929, epoch:  85
Epoch: 086, Training Time: 8.4404 secs
Epoch: 086, Validation Time: 1.2442 secs
-----------------------
Epoch: 086, Train Loss: 0.2373, Train MSE: 0.3060, Train MAE: 0.3824
Epoch: 086, Valid Loss: 0.3926, Valid MSE: 0.4547, Valid MAE: 0.4442
###Update tasks appear###
No update
Epoch: 087, Training Time: 8.5195 secs
Epoch: 087, Validation Time: 1.2500 secs
-----------------------
Epoch: 087, Train Loss: 0.2374, Train MSE: 0.3065, Train MAE: 0.3827
Epoch: 087, Valid Loss: 0.3923, Valid MSE: 0.4546, Valid MAE: 0.4442
###Update tasks appear###
Test low! Updating! Test MSE: 0.3338, Test MAE: 0.3739, Test low! Updating! Valid Loss: 0.3923, epoch:  87
Epoch: 088, Training Time: 8.5136 secs
Epoch: 088, Validation Time: 1.2765 secs
-----------------------
Epoch: 088, Train Loss: 0.2373, Train MSE: 0.3064, Train MAE: 0.3827
Epoch: 088, Valid Loss: 0.3922, Valid MSE: 0.4546, Valid MAE: 0.4442
###Update tasks appear###
Test low! Updating! Test MSE: 0.3338, Test MAE: 0.3739, Test low! Updating! Valid Loss: 0.3922, epoch:  88
Epoch: 089, Training Time: 8.4826 secs
Epoch: 089, Validation Time: 1.2520 secs
-----------------------
Epoch: 089, Train Loss: 0.2372, Train MSE: 0.3064, Train MAE: 0.3827
Epoch: 089, Valid Loss: 0.3920, Valid MSE: 0.4546, Valid MAE: 0.4441
###Update tasks appear###
Test low! Updating! Test MSE: 0.3337, Test MAE: 0.3738, Test low! Updating! Valid Loss: 0.3920, epoch:  89
Epoch: 090, Training Time: 8.4119 secs
Epoch: 090, Validation Time: 1.2884 secs
-----------------------
Epoch: 090, Train Loss: 0.2368, Train MSE: 0.3058, Train MAE: 0.3824
Epoch: 090, Valid Loss: 0.3917, Valid MSE: 0.4545, Valid MAE: 0.4441
###Update tasks appear###
No update
Epoch: 091, Training Time: 8.5078 secs
Epoch: 091, Validation Time: 1.2328 secs
-----------------------
Epoch: 091, Train Loss: 0.2369, Train MSE: 0.3057, Train MAE: 0.3823
Epoch: 091, Valid Loss: 0.3914, Valid MSE: 0.4545, Valid MAE: 0.4441
###Update tasks appear###
No update
Epoch: 092, Training Time: 8.4967 secs
Epoch: 092, Validation Time: 1.2695 secs
-----------------------
Epoch: 092, Train Loss: 0.2369, Train MSE: 0.3060, Train MAE: 0.3823
Epoch: 092, Valid Loss: 0.3913, Valid MSE: 0.4545, Valid MAE: 0.4441
###Update tasks appear###
Test low! Updating! Test MSE: 0.3337, Test MAE: 0.3738, Test low! Updating! Valid Loss: 0.3913, epoch:  92
Epoch: 093, Training Time: 8.4307 secs
Epoch: 093, Validation Time: 1.2346 secs
-----------------------
Epoch: 093, Train Loss: 0.2369, Train MSE: 0.3060, Train MAE: 0.3826
Epoch: 093, Valid Loss: 0.3911, Valid MSE: 0.4545, Valid MAE: 0.4441
###Update tasks appear###
No update
Epoch: 094, Training Time: 8.3719 secs
Epoch: 094, Validation Time: 1.2685 secs
-----------------------
Epoch: 094, Train Loss: 0.2368, Train MSE: 0.3063, Train MAE: 0.3826
Epoch: 094, Valid Loss: 0.3909, Valid MSE: 0.4544, Valid MAE: 0.4441
###Update tasks appear###
No update
Epoch: 095, Training Time: 8.5024 secs
Epoch: 095, Validation Time: 1.1899 secs
-----------------------
Epoch: 095, Train Loss: 0.2371, Train MSE: 0.3063, Train MAE: 0.3826
Epoch: 095, Valid Loss: 0.3908, Valid MSE: 0.4544, Valid MAE: 0.4441
###Update tasks appear###
No update
Epoch: 096, Training Time: 8.4633 secs
Epoch: 096, Validation Time: 1.2788 secs
-----------------------
Epoch: 096, Train Loss: 0.2368, Train MSE: 0.3059, Train MAE: 0.3825
Epoch: 096, Valid Loss: 0.3908, Valid MSE: 0.4544, Valid MAE: 0.4441
###Update tasks appear###
No update
Epoch: 097, Training Time: 8.4663 secs
Epoch: 097, Validation Time: 1.2890 secs
-----------------------
Epoch: 097, Train Loss: 0.2368, Train MSE: 0.3060, Train MAE: 0.3825
Epoch: 097, Valid Loss: 0.3907, Valid MSE: 0.4544, Valid MAE: 0.4441
###Update tasks appear###
Test low! Updating! Test MSE: 0.3337, Test MAE: 0.3738, Test low! Updating! Valid Loss: 0.3907, epoch:  97
Epoch: 098, Training Time: 8.4912 secs
Epoch: 098, Validation Time: 1.2649 secs
-----------------------
Epoch: 098, Train Loss: 0.2368, Train MSE: 0.3060, Train MAE: 0.3825
Epoch: 098, Valid Loss: 0.3906, Valid MSE: 0.4544, Valid MAE: 0.4441
###Update tasks appear###
Test low! Updating! Test MSE: 0.3337, Test MAE: 0.3738, Test low! Updating! Valid Loss: 0.3906, epoch:  98
Epoch: 099, Training Time: 8.4735 secs
Epoch: 099, Validation Time: 1.2509 secs
-----------------------
Epoch: 099, Train Loss: 0.2369, Train MSE: 0.3060, Train MAE: 0.3824
Epoch: 099, Valid Loss: 0.3906, Valid MSE: 0.4544, Valid MAE: 0.4441
###Update tasks appear###
Test low! Updating! Test MSE: 0.3337, Test MAE: 0.3738, Test low! Updating! Valid Loss: 0.3906, epoch:  99
Epoch: 100, Training Time: 8.4562 secs
Epoch: 100, Validation Time: 1.2384 secs
-----------------------
Epoch: 100, Train Loss: 0.2369, Train MSE: 0.3061, Train MAE: 0.3826
Epoch: 100, Valid Loss: 0.3906, Valid MSE: 0.4544, Valid MAE: 0.4441
###Update tasks appear###
Test low! Updating! Test MSE: 0.3337, Test MAE: 0.3738, Test low! Updating! Valid Loss: 0.3906, epoch:  100
Average Training Time: 8.4442 secs/epoch
Average Validation Time: 1.2427 secs
Training ends
The epoch of the best result： 100
The valid loss of the best model 0.3906
Test time (total): 6.8443 seconds
On average horizons, Test MSE: 0.3337, Test MAE: 0.3738
Average Testing Time: nan secs
Total time spent: 1384.9433
