Namespace(att_w=0.01, batch_size=16, channel=64, d_llm=768, data_path='ETTh2', device='cuda:0', dropout_n=0.5, e_layer=2, epochs=100, es_patience=50, fcst_w=1, feature_w=0.01, head=4, lrate=0.0001, model_name='gpt2', num_nodes=7, num_workers=10, pred_len=48, recon_w=0.5, save='./logs/2025-10-10-16:14:23-', seed=6666, seq_len=96, weight_decay=0.001)
The number of trainable parameters: 1714912
The number of parameters: 1714912
Dual(
  (normalize_layers): Normalize()
  (length_to_feature): Linear(in_features=96, out_features=64, bias=True)
  (token_to_feature): Linear(in_features=768, out_features=64, bias=True)
  (ts_encoder): Encoder(
    (attn_layers): ModuleList(
      (0-1): 2 x EncoderLayer(
        (attention): AttentionLayer(
          (inner_attention): FullAttention(
            (dropout): Dropout(p=0.5, inplace=False)
          )
          (query_projection): Linear(in_features=64, out_features=64, bias=True)
          (key_projection): Linear(in_features=64, out_features=64, bias=True)
          (value_projection): Linear(in_features=64, out_features=64, bias=True)
          (out_projection): Linear(in_features=64, out_features=64, bias=True)
        )
        (conv1): Conv1d(64, 3072, kernel_size=(1,), stride=(1,))
        (conv2): Conv1d(3072, 64, kernel_size=(1,), stride=(1,))
        (norm1): LayerNorm((64,), eps=1e-05, elementwise_affine=True)
        (norm2): LayerNorm((64,), eps=1e-05, elementwise_affine=True)
        (dropout): Dropout(p=0.5, inplace=False)
      )
    )
    (norm): LayerNorm((64,), eps=1e-05, elementwise_affine=True)
  )
  (prompt_encoder): Encoder(
    (attn_layers): ModuleList(
      (0-1): 2 x EncoderLayer(
        (attention): AttentionLayer(
          (inner_attention): FullAttention(
            (dropout): Dropout(p=0.5, inplace=False)
          )
          (query_projection): Linear(in_features=64, out_features=64, bias=True)
          (key_projection): Linear(in_features=64, out_features=64, bias=True)
          (value_projection): Linear(in_features=64, out_features=64, bias=True)
          (out_projection): Linear(in_features=64, out_features=64, bias=True)
        )
        (conv1): Conv1d(64, 3072, kernel_size=(1,), stride=(1,))
        (conv2): Conv1d(3072, 64, kernel_size=(1,), stride=(1,))
        (norm1): LayerNorm((64,), eps=1e-05, elementwise_affine=True)
        (norm2): LayerNorm((64,), eps=1e-05, elementwise_affine=True)
        (dropout): Dropout(p=0.5, inplace=False)
      )
    )
    (norm): LayerNorm((64,), eps=1e-05, elementwise_affine=True)
  )
  (ts_proj): Linear(in_features=64, out_features=48, bias=True)
  (prompt_proj): Linear(in_features=64, out_features=48, bias=True)
)
Start training...
Epoch: 001, Training Time: 8.6903 secs
Epoch: 001, Validation Time: 1.2642 secs
-----------------------
Epoch: 001, Train Loss: 0.3487, Train MSE: 0.4303, Train MAE: 0.3796
Epoch: 001, Valid Loss: 0.3423, Valid MSE: 0.1864, Valid MAE: 0.3019
###Update tasks appear###
Updating! Valid Loss:0.3423, epoch:  1
Epoch: 002, Training Time: 8.2324 secs
Epoch: 002, Validation Time: 1.2223 secs
-----------------------
Epoch: 002, Train Loss: 0.3024, Train MSE: 0.3827, Train MAE: 0.3548
Epoch: 002, Valid Loss: 0.2744, Valid MSE: 0.1775, Valid MAE: 0.2939
###Update tasks appear###
Updating! Valid Loss:0.2744, epoch:  2
Epoch: 003, Training Time: 8.3768 secs
Epoch: 003, Validation Time: 1.2182 secs
-----------------------
Epoch: 003, Train Loss: 0.2688, Train MSE: 0.3646, Train MAE: 0.3448
Epoch: 003, Valid Loss: 0.2990, Valid MSE: 0.1720, Valid MAE: 0.2888
No update
Epoch: 004, Training Time: 8.2595 secs
Epoch: 004, Validation Time: 1.1802 secs
-----------------------
Epoch: 004, Train Loss: 0.2488, Train MSE: 0.3519, Train MAE: 0.3383
Epoch: 004, Valid Loss: 0.2549, Valid MSE: 0.1702, Valid MAE: 0.2874
###Update tasks appear###
Updating! Valid Loss:0.2549, epoch:  4
Epoch: 005, Training Time: 8.2163 secs
Epoch: 005, Validation Time: 1.1783 secs
-----------------------
Epoch: 005, Train Loss: 0.2382, Train MSE: 0.3452, Train MAE: 0.3343
Epoch: 005, Valid Loss: 0.2169, Valid MSE: 0.1685, Valid MAE: 0.2857
###Update tasks appear###
Updating! Valid Loss:0.2169, epoch:  5
Epoch: 006, Training Time: 8.3085 secs
Epoch: 006, Validation Time: 1.2219 secs
-----------------------
Epoch: 006, Train Loss: 0.2270, Train MSE: 0.3376, Train MAE: 0.3308
Epoch: 006, Valid Loss: 0.2269, Valid MSE: 0.1678, Valid MAE: 0.2849
No update
Epoch: 007, Training Time: 8.3769 secs
Epoch: 007, Validation Time: 1.1898 secs
-----------------------
Epoch: 007, Train Loss: 0.2182, Train MSE: 0.3321, Train MAE: 0.3282
Epoch: 007, Valid Loss: 0.2177, Valid MSE: 0.1673, Valid MAE: 0.2843
No update
Epoch: 008, Training Time: 8.3220 secs
Epoch: 008, Validation Time: 1.2280 secs
-----------------------
Epoch: 008, Train Loss: 0.2129, Train MSE: 0.3297, Train MAE: 0.3262
Epoch: 008, Valid Loss: 0.2155, Valid MSE: 0.1659, Valid MAE: 0.2831
###Update tasks appear###
Updating! Valid Loss:0.2155, epoch:  8
Epoch: 009, Training Time: 8.4151 secs
Epoch: 009, Validation Time: 1.1640 secs
-----------------------
Epoch: 009, Train Loss: 0.2091, Train MSE: 0.3255, Train MAE: 0.3245
Epoch: 009, Valid Loss: 0.2134, Valid MSE: 0.1650, Valid MAE: 0.2820
###Update tasks appear###
Updating! Valid Loss:0.2134, epoch:  9
Epoch: 010, Training Time: 8.3242 secs
Epoch: 010, Validation Time: 1.2073 secs
-----------------------
Epoch: 010, Train Loss: 0.2019, Train MSE: 0.3212, Train MAE: 0.3228
Epoch: 010, Valid Loss: 0.2057, Valid MSE: 0.1651, Valid MAE: 0.2820
###Update tasks appear###
Updating! Valid Loss:0.2057, epoch:  10
Epoch: 011, Training Time: 8.3056 secs
Epoch: 011, Validation Time: 1.2192 secs
-----------------------
Epoch: 011, Train Loss: 0.1973, Train MSE: 0.3184, Train MAE: 0.3213
Epoch: 011, Valid Loss: 0.2067, Valid MSE: 0.1650, Valid MAE: 0.2816
No update
Epoch: 012, Training Time: 8.3236 secs
Epoch: 012, Validation Time: 1.1830 secs
-----------------------
Epoch: 012, Train Loss: 0.1940, Train MSE: 0.3163, Train MAE: 0.3202
Epoch: 012, Valid Loss: 0.2099, Valid MSE: 0.1649, Valid MAE: 0.2814
No update
Epoch: 013, Training Time: 8.3611 secs
Epoch: 013, Validation Time: 1.2608 secs
-----------------------
Epoch: 013, Train Loss: 0.1905, Train MSE: 0.3119, Train MAE: 0.3184
Epoch: 013, Valid Loss: 0.2081, Valid MSE: 0.1647, Valid MAE: 0.2811
No update
Epoch: 014, Training Time: 8.3290 secs
Epoch: 014, Validation Time: 1.1858 secs
-----------------------
Epoch: 014, Train Loss: 0.1882, Train MSE: 0.3105, Train MAE: 0.3175
Epoch: 014, Valid Loss: 0.2122, Valid MSE: 0.1647, Valid MAE: 0.2812
No update
Epoch: 015, Training Time: 8.3852 secs
Epoch: 015, Validation Time: 1.2378 secs
-----------------------
Epoch: 015, Train Loss: 0.1861, Train MSE: 0.3100, Train MAE: 0.3173
Epoch: 015, Valid Loss: 0.2075, Valid MSE: 0.1632, Valid MAE: 0.2796
No update
Epoch: 016, Training Time: 8.4069 secs
Epoch: 016, Validation Time: 1.2017 secs
-----------------------
Epoch: 016, Train Loss: 0.1833, Train MSE: 0.3062, Train MAE: 0.3155
Epoch: 016, Valid Loss: 0.2042, Valid MSE: 0.1641, Valid MAE: 0.2803
###Update tasks appear###
Test low! Updating! Test MSE: 0.2471, Test MAE: 0.3105, Test low! Updating! Valid Loss: 0.2042, epoch:  16
Epoch: 017, Training Time: 8.4368 secs
Epoch: 017, Validation Time: 1.2563 secs
-----------------------
Epoch: 017, Train Loss: 0.1823, Train MSE: 0.3059, Train MAE: 0.3160
Epoch: 017, Valid Loss: 0.2099, Valid MSE: 0.1628, Valid MAE: 0.2791
No update
Epoch: 018, Training Time: 8.4895 secs
Epoch: 018, Validation Time: 1.2157 secs
-----------------------
Epoch: 018, Train Loss: 0.1802, Train MSE: 0.3046, Train MAE: 0.3148
Epoch: 018, Valid Loss: 0.2113, Valid MSE: 0.1626, Valid MAE: 0.2785
No update
Epoch: 019, Training Time: 8.4148 secs
Epoch: 019, Validation Time: 1.1820 secs
-----------------------
Epoch: 019, Train Loss: 0.1778, Train MSE: 0.3009, Train MAE: 0.3134
Epoch: 019, Valid Loss: 0.2106, Valid MSE: 0.1638, Valid MAE: 0.2798
No update
Epoch: 020, Training Time: 8.3236 secs
Epoch: 020, Validation Time: 1.1950 secs
-----------------------
Epoch: 020, Train Loss: 0.1756, Train MSE: 0.2980, Train MAE: 0.3127
Epoch: 020, Valid Loss: 0.2112, Valid MSE: 0.1633, Valid MAE: 0.2793
No update
Epoch: 021, Training Time: 8.5472 secs
Epoch: 021, Validation Time: 1.2103 secs
-----------------------
Epoch: 021, Train Loss: 0.1738, Train MSE: 0.2978, Train MAE: 0.3118
Epoch: 021, Valid Loss: 0.2135, Valid MSE: 0.1632, Valid MAE: 0.2789
No update
Epoch: 022, Training Time: 8.3098 secs
Epoch: 022, Validation Time: 1.2199 secs
-----------------------
Epoch: 022, Train Loss: 0.1731, Train MSE: 0.2986, Train MAE: 0.3124
Epoch: 022, Valid Loss: 0.2136, Valid MSE: 0.1624, Valid MAE: 0.2782
No update
Epoch: 023, Training Time: 8.3598 secs
Epoch: 023, Validation Time: 1.2178 secs
-----------------------
Epoch: 023, Train Loss: 0.1705, Train MSE: 0.2951, Train MAE: 0.3106
Epoch: 023, Valid Loss: 0.2147, Valid MSE: 0.1635, Valid MAE: 0.2790
No update
Epoch: 024, Training Time: 8.5092 secs
Epoch: 024, Validation Time: 1.1966 secs
-----------------------
Epoch: 024, Train Loss: 0.1694, Train MSE: 0.2954, Train MAE: 0.3106
Epoch: 024, Valid Loss: 0.2174, Valid MSE: 0.1630, Valid MAE: 0.2786
No update
Epoch: 025, Training Time: 8.3483 secs
Epoch: 025, Validation Time: 1.1824 secs
-----------------------
Epoch: 025, Train Loss: 0.1678, Train MSE: 0.2928, Train MAE: 0.3100
Epoch: 025, Valid Loss: 0.2180, Valid MSE: 0.1629, Valid MAE: 0.2786
No update
Epoch: 026, Training Time: 8.3878 secs
Epoch: 026, Validation Time: 1.2413 secs
-----------------------
Epoch: 026, Train Loss: 0.1656, Train MSE: 0.2891, Train MAE: 0.3083
Epoch: 026, Valid Loss: 0.2107, Valid MSE: 0.1635, Valid MAE: 0.2786
No update
Epoch: 027, Training Time: 8.5065 secs
Epoch: 027, Validation Time: 1.1770 secs
-----------------------
Epoch: 027, Train Loss: 0.1643, Train MSE: 0.2883, Train MAE: 0.3080
Epoch: 027, Valid Loss: 0.2096, Valid MSE: 0.1636, Valid MAE: 0.2791
No update
Epoch: 028, Training Time: 8.3550 secs
Epoch: 028, Validation Time: 1.2213 secs
-----------------------
Epoch: 028, Train Loss: 0.1633, Train MSE: 0.2874, Train MAE: 0.3079
Epoch: 028, Valid Loss: 0.2109, Valid MSE: 0.1626, Valid MAE: 0.2780
No update
Epoch: 029, Training Time: 8.4063 secs
Epoch: 029, Validation Time: 1.2378 secs
-----------------------
Epoch: 029, Train Loss: 0.1622, Train MSE: 0.2867, Train MAE: 0.3078
Epoch: 029, Valid Loss: 0.2037, Valid MSE: 0.1629, Valid MAE: 0.2781
###Update tasks appear###
No update
Epoch: 030, Training Time: 8.3429 secs
Epoch: 030, Validation Time: 1.2320 secs
-----------------------
Epoch: 030, Train Loss: 0.1609, Train MSE: 0.2852, Train MAE: 0.3069
Epoch: 030, Valid Loss: 0.2158, Valid MSE: 0.1630, Valid MAE: 0.2782
No update
Epoch: 031, Training Time: 8.4798 secs
Epoch: 031, Validation Time: 1.2295 secs
-----------------------
Epoch: 031, Train Loss: 0.1597, Train MSE: 0.2843, Train MAE: 0.3066
Epoch: 031, Valid Loss: 0.2126, Valid MSE: 0.1625, Valid MAE: 0.2779
No update
Epoch: 032, Training Time: 8.4979 secs
Epoch: 032, Validation Time: 1.2367 secs
-----------------------
Epoch: 032, Train Loss: 0.1586, Train MSE: 0.2825, Train MAE: 0.3059
Epoch: 032, Valid Loss: 0.2062, Valid MSE: 0.1636, Valid MAE: 0.2789
No update
Epoch: 033, Training Time: 8.4525 secs
Epoch: 033, Validation Time: 1.2455 secs
-----------------------
Epoch: 033, Train Loss: 0.1576, Train MSE: 0.2816, Train MAE: 0.3057
Epoch: 033, Valid Loss: 0.2150, Valid MSE: 0.1630, Valid MAE: 0.2784
No update
Epoch: 034, Training Time: 8.4972 secs
Epoch: 034, Validation Time: 1.2661 secs
-----------------------
Epoch: 034, Train Loss: 0.1566, Train MSE: 0.2796, Train MAE: 0.3047
Epoch: 034, Valid Loss: 0.2112, Valid MSE: 0.1629, Valid MAE: 0.2782
No update
Epoch: 035, Training Time: 8.3490 secs
Epoch: 035, Validation Time: 1.2201 secs
-----------------------
Epoch: 035, Train Loss: 0.1558, Train MSE: 0.2787, Train MAE: 0.3045
Epoch: 035, Valid Loss: 0.2047, Valid MSE: 0.1634, Valid MAE: 0.2785
No update
Epoch: 036, Training Time: 8.3337 secs
Epoch: 036, Validation Time: 1.2244 secs
-----------------------
Epoch: 036, Train Loss: 0.1545, Train MSE: 0.2759, Train MAE: 0.3034
Epoch: 036, Valid Loss: 0.2083, Valid MSE: 0.1632, Valid MAE: 0.2785
No update
Epoch: 037, Training Time: 8.4621 secs
Epoch: 037, Validation Time: 1.2417 secs
-----------------------
Epoch: 037, Train Loss: 0.1538, Train MSE: 0.2754, Train MAE: 0.3034
Epoch: 037, Valid Loss: 0.2071, Valid MSE: 0.1638, Valid MAE: 0.2787
No update
Epoch: 038, Training Time: 8.4975 secs
Epoch: 038, Validation Time: 1.2261 secs
-----------------------
Epoch: 038, Train Loss: 0.1530, Train MSE: 0.2744, Train MAE: 0.3028
Epoch: 038, Valid Loss: 0.2097, Valid MSE: 0.1633, Valid MAE: 0.2784
No update
Epoch: 039, Training Time: 8.4048 secs
Epoch: 039, Validation Time: 1.2000 secs
-----------------------
Epoch: 039, Train Loss: 0.1520, Train MSE: 0.2712, Train MAE: 0.3020
Epoch: 039, Valid Loss: 0.2042, Valid MSE: 0.1640, Valid MAE: 0.2791
No update
Epoch: 040, Training Time: 8.3515 secs
Epoch: 040, Validation Time: 1.2164 secs
-----------------------
Epoch: 040, Train Loss: 0.1516, Train MSE: 0.2720, Train MAE: 0.3022
Epoch: 040, Valid Loss: 0.2138, Valid MSE: 0.1632, Valid MAE: 0.2786
No update
Epoch: 041, Training Time: 8.4563 secs
Epoch: 041, Validation Time: 1.2300 secs
-----------------------
Epoch: 041, Train Loss: 0.1506, Train MSE: 0.2686, Train MAE: 0.3011
Epoch: 041, Valid Loss: 0.2087, Valid MSE: 0.1644, Valid MAE: 0.2792
No update
Epoch: 042, Training Time: 8.4234 secs
Epoch: 042, Validation Time: 1.2300 secs
-----------------------
Epoch: 042, Train Loss: 0.1503, Train MSE: 0.2681, Train MAE: 0.3012
Epoch: 042, Valid Loss: 0.2069, Valid MSE: 0.1642, Valid MAE: 0.2790
No update
Epoch: 043, Training Time: 8.4394 secs
Epoch: 043, Validation Time: 1.2198 secs
-----------------------
Epoch: 043, Train Loss: 0.1495, Train MSE: 0.2671, Train MAE: 0.3005
Epoch: 043, Valid Loss: 0.2206, Valid MSE: 0.1639, Valid MAE: 0.2789
No update
Epoch: 044, Training Time: 8.4486 secs
Epoch: 044, Validation Time: 1.2404 secs
-----------------------
Epoch: 044, Train Loss: 0.1488, Train MSE: 0.2671, Train MAE: 0.3005
Epoch: 044, Valid Loss: 0.2073, Valid MSE: 0.1639, Valid MAE: 0.2789
No update
Epoch: 045, Training Time: 8.4881 secs
Epoch: 045, Validation Time: 1.2201 secs
-----------------------
Epoch: 045, Train Loss: 0.1476, Train MSE: 0.2629, Train MAE: 0.2991
Epoch: 045, Valid Loss: 0.2167, Valid MSE: 0.1638, Valid MAE: 0.2790
No update
Epoch: 046, Training Time: 8.3980 secs
Epoch: 046, Validation Time: 1.1922 secs
-----------------------
Epoch: 046, Train Loss: 0.1469, Train MSE: 0.2614, Train MAE: 0.2988
Epoch: 046, Valid Loss: 0.2104, Valid MSE: 0.1641, Valid MAE: 0.2790
No update
Epoch: 047, Training Time: 8.4391 secs
Epoch: 047, Validation Time: 1.2454 secs
-----------------------
Epoch: 047, Train Loss: 0.1470, Train MSE: 0.2621, Train MAE: 0.2991
Epoch: 047, Valid Loss: 0.2168, Valid MSE: 0.1641, Valid MAE: 0.2792
No update
Epoch: 048, Training Time: 8.6448 secs
Epoch: 048, Validation Time: 1.1786 secs
-----------------------
Epoch: 048, Train Loss: 0.1461, Train MSE: 0.2607, Train MAE: 0.2981
Epoch: 048, Valid Loss: 0.2066, Valid MSE: 0.1645, Valid MAE: 0.2795
No update
Epoch: 049, Training Time: 8.5147 secs
Epoch: 049, Validation Time: 1.2114 secs
-----------------------
Epoch: 049, Train Loss: 0.1455, Train MSE: 0.2588, Train MAE: 0.2979
Epoch: 049, Valid Loss: 0.2160, Valid MSE: 0.1644, Valid MAE: 0.2794
No update
Epoch: 050, Training Time: 8.5280 secs
Epoch: 050, Validation Time: 1.2164 secs
-----------------------
Epoch: 050, Train Loss: 0.1443, Train MSE: 0.2566, Train MAE: 0.2966
Epoch: 050, Valid Loss: 0.2080, Valid MSE: 0.1643, Valid MAE: 0.2794
No update
Epoch: 051, Training Time: 8.4396 secs
Epoch: 051, Validation Time: 1.1957 secs
-----------------------
Epoch: 051, Train Loss: 0.1441, Train MSE: 0.2553, Train MAE: 0.2966
Epoch: 051, Valid Loss: 0.2157, Valid MSE: 0.1642, Valid MAE: 0.2794
No update
Epoch: 052, Training Time: 8.4725 secs
Epoch: 052, Validation Time: 1.2154 secs
-----------------------
Epoch: 052, Train Loss: 0.1435, Train MSE: 0.2558, Train MAE: 0.2965
Epoch: 052, Valid Loss: 0.2109, Valid MSE: 0.1648, Valid MAE: 0.2799
No update
Epoch: 053, Training Time: 8.4224 secs
Epoch: 053, Validation Time: 1.2467 secs
-----------------------
Epoch: 053, Train Loss: 0.1427, Train MSE: 0.2539, Train MAE: 0.2958
Epoch: 053, Valid Loss: 0.2140, Valid MSE: 0.1642, Valid MAE: 0.2792
No update
Epoch: 054, Training Time: 8.5332 secs
Epoch: 054, Validation Time: 1.2198 secs
-----------------------
Epoch: 054, Train Loss: 0.1424, Train MSE: 0.2530, Train MAE: 0.2958
Epoch: 054, Valid Loss: 0.2091, Valid MSE: 0.1646, Valid MAE: 0.2796
No update
Epoch: 055, Training Time: 8.3808 secs
Epoch: 055, Validation Time: 1.1927 secs
-----------------------
Epoch: 055, Train Loss: 0.1417, Train MSE: 0.2506, Train MAE: 0.2950
Epoch: 055, Valid Loss: 0.2180, Valid MSE: 0.1642, Valid MAE: 0.2794
No update
Epoch: 056, Training Time: 8.4834 secs
Epoch: 056, Validation Time: 1.2256 secs
-----------------------
Epoch: 056, Train Loss: 0.1415, Train MSE: 0.2515, Train MAE: 0.2948
Epoch: 056, Valid Loss: 0.2109, Valid MSE: 0.1648, Valid MAE: 0.2795
No update
Epoch: 057, Training Time: 8.4728 secs
Epoch: 057, Validation Time: 1.2525 secs
-----------------------
Epoch: 057, Train Loss: 0.1407, Train MSE: 0.2497, Train MAE: 0.2942
Epoch: 057, Valid Loss: 0.2179, Valid MSE: 0.1651, Valid MAE: 0.2797
No update
Epoch: 058, Training Time: 8.3578 secs
Epoch: 058, Validation Time: 1.2192 secs
-----------------------
Epoch: 058, Train Loss: 0.1402, Train MSE: 0.2490, Train MAE: 0.2937
Epoch: 058, Valid Loss: 0.2127, Valid MSE: 0.1656, Valid MAE: 0.2800
No update
Epoch: 059, Training Time: 8.4966 secs
Epoch: 059, Validation Time: 1.2647 secs
-----------------------
Epoch: 059, Train Loss: 0.1395, Train MSE: 0.2470, Train MAE: 0.2931
Epoch: 059, Valid Loss: 0.2164, Valid MSE: 0.1647, Valid MAE: 0.2794
No update
Epoch: 060, Training Time: 8.5976 secs
Epoch: 060, Validation Time: 1.2116 secs
-----------------------
Epoch: 060, Train Loss: 0.1390, Train MSE: 0.2461, Train MAE: 0.2925
Epoch: 060, Valid Loss: 0.2097, Valid MSE: 0.1653, Valid MAE: 0.2800
No update
Epoch: 061, Training Time: 8.5116 secs
Epoch: 061, Validation Time: 1.1910 secs
-----------------------
Epoch: 061, Train Loss: 0.1389, Train MSE: 0.2460, Train MAE: 0.2926
Epoch: 061, Valid Loss: 0.2184, Valid MSE: 0.1654, Valid MAE: 0.2801
No update
Epoch: 062, Training Time: 8.4400 secs
Epoch: 062, Validation Time: 1.2006 secs
-----------------------
Epoch: 062, Train Loss: 0.1385, Train MSE: 0.2460, Train MAE: 0.2924
Epoch: 062, Valid Loss: 0.2123, Valid MSE: 0.1654, Valid MAE: 0.2801
No update
Epoch: 063, Training Time: 8.4746 secs
Epoch: 063, Validation Time: 1.2170 secs
-----------------------
Epoch: 063, Train Loss: 0.1378, Train MSE: 0.2443, Train MAE: 0.2918
Epoch: 063, Valid Loss: 0.2178, Valid MSE: 0.1656, Valid MAE: 0.2802
No update
Epoch: 064, Training Time: 8.5001 secs
Epoch: 064, Validation Time: 1.1786 secs
-----------------------
Epoch: 064, Train Loss: 0.1376, Train MSE: 0.2443, Train MAE: 0.2916
Epoch: 064, Valid Loss: 0.2145, Valid MSE: 0.1655, Valid MAE: 0.2797
No update
Epoch: 065, Training Time: 8.4687 secs
Epoch: 065, Validation Time: 1.2035 secs
-----------------------
Epoch: 065, Train Loss: 0.1372, Train MSE: 0.2436, Train MAE: 0.2914
Epoch: 065, Valid Loss: 0.2149, Valid MSE: 0.1652, Valid MAE: 0.2797
No update
Epoch: 066, Training Time: 8.4393 secs
Epoch: 066, Validation Time: 1.2644 secs
-----------------------
Epoch: 066, Train Loss: 0.1368, Train MSE: 0.2422, Train MAE: 0.2908
Epoch: 066, Valid Loss: 0.2122, Valid MSE: 0.1662, Valid MAE: 0.2805
No update
Average Training Time: 8.4238 secs/epoch
Average Validation Time: 1.2172 secs
Training ends
The epoch of the best result： 16
The valid loss of the best model 0.2042
Test time (total): 6.8840 seconds
On average horizons, Test MSE: 0.2471, Test MAE: 0.3105
Average Testing Time: nan secs
Total time spent: 657.3327
