Namespace(att_w=0.01, batch_size=16, channel=64, d_llm=768, data_path='exchange_rate', device='cuda:1', dropout_n=0.5, e_layer=2, epochs=100, es_patience=50, fcst_w=1, feature_w=0.01, head=4, lrate=0.0001, model_name='gpt2', num_nodes=8, num_workers=10, pred_len=24, recon_w=0.5, save='./logs/2025-10-11-15:38:35-', seed=6666, seq_len=96, weight_decay=0.001)
The number of trainable parameters: 1711792
The number of parameters: 1711792
Dual(
  (normalize_layers): Normalize()
  (length_to_feature): Linear(in_features=96, out_features=64, bias=True)
  (token_to_feature): Linear(in_features=768, out_features=64, bias=True)
  (ts_encoder): Encoder(
    (attn_layers): ModuleList(
      (0-1): 2 x EncoderLayer(
        (attention): AttentionLayer(
          (inner_attention): FullAttention(
            (dropout): Dropout(p=0.5, inplace=False)
          )
          (query_projection): Linear(in_features=64, out_features=64, bias=True)
          (key_projection): Linear(in_features=64, out_features=64, bias=True)
          (value_projection): Linear(in_features=64, out_features=64, bias=True)
          (out_projection): Linear(in_features=64, out_features=64, bias=True)
        )
        (conv1): Conv1d(64, 3072, kernel_size=(1,), stride=(1,))
        (conv2): Conv1d(3072, 64, kernel_size=(1,), stride=(1,))
        (norm1): LayerNorm((64,), eps=1e-05, elementwise_affine=True)
        (norm2): LayerNorm((64,), eps=1e-05, elementwise_affine=True)
        (dropout): Dropout(p=0.5, inplace=False)
      )
    )
    (norm): LayerNorm((64,), eps=1e-05, elementwise_affine=True)
  )
  (prompt_encoder): Encoder(
    (attn_layers): ModuleList(
      (0-1): 2 x EncoderLayer(
        (attention): AttentionLayer(
          (inner_attention): FullAttention(
            (dropout): Dropout(p=0.5, inplace=False)
          )
          (query_projection): Linear(in_features=64, out_features=64, bias=True)
          (key_projection): Linear(in_features=64, out_features=64, bias=True)
          (value_projection): Linear(in_features=64, out_features=64, bias=True)
          (out_projection): Linear(in_features=64, out_features=64, bias=True)
        )
        (conv1): Conv1d(64, 3072, kernel_size=(1,), stride=(1,))
        (conv2): Conv1d(3072, 64, kernel_size=(1,), stride=(1,))
        (norm1): LayerNorm((64,), eps=1e-05, elementwise_affine=True)
        (norm2): LayerNorm((64,), eps=1e-05, elementwise_affine=True)
        (dropout): Dropout(p=0.5, inplace=False)
      )
    )
    (norm): LayerNorm((64,), eps=1e-05, elementwise_affine=True)
  )
  (ts_proj): Linear(in_features=64, out_features=24, bias=True)
  (prompt_proj): Linear(in_features=64, out_features=24, bias=True)
)
Start training...
Epoch: 001, Training Time: 6.5424 secs
Epoch: 001, Validation Time: 0.5696 secs
-----------------------
Epoch: 001, Train Loss: 0.2411, Train MSE: 0.0892, Train MAE: 0.1951
Epoch: 001, Valid Loss: 0.4950, Valid MSE: 0.0602, Valid MAE: 0.1705
###Update tasks appear###
Updating! Valid Loss:0.4950, epoch:  1
Epoch: 002, Training Time: 6.2619 secs
Epoch: 002, Validation Time: 0.5931 secs
-----------------------
Epoch: 002, Train Loss: 0.2608, Train MSE: 0.0633, Train MAE: 0.1642
Epoch: 002, Valid Loss: 0.5195, Valid MSE: 0.0544, Valid MAE: 0.1582
No update
Epoch: 003, Training Time: 6.1197 secs
Epoch: 003, Validation Time: 0.6202 secs
-----------------------
Epoch: 003, Train Loss: 0.2549, Train MSE: 0.0535, Train MAE: 0.1512
Epoch: 003, Valid Loss: 0.5191, Valid MSE: 0.0521, Valid MAE: 0.1541
No update
Epoch: 004, Training Time: 6.4881 secs
Epoch: 004, Validation Time: 0.5971 secs
-----------------------
Epoch: 004, Train Loss: 0.2536, Train MSE: 0.0488, Train MAE: 0.1441
Epoch: 004, Valid Loss: 0.5279, Valid MSE: 0.0463, Valid MAE: 0.1443
No update
Epoch: 005, Training Time: 6.1198 secs
Epoch: 005, Validation Time: 0.5951 secs
-----------------------
Epoch: 005, Train Loss: 0.2603, Train MSE: 0.0453, Train MAE: 0.1391
Epoch: 005, Valid Loss: 0.6226, Valid MSE: 0.0439, Valid MAE: 0.1403
No update
Epoch: 006, Training Time: 6.1377 secs
Epoch: 006, Validation Time: 0.6209 secs
-----------------------
Epoch: 006, Train Loss: 0.2615, Train MSE: 0.0432, Train MAE: 0.1352
Epoch: 006, Valid Loss: 0.6883, Valid MSE: 0.0440, Valid MAE: 0.1398
No update
Epoch: 007, Training Time: 6.5101 secs
Epoch: 007, Validation Time: 0.5729 secs
-----------------------
Epoch: 007, Train Loss: 0.2586, Train MSE: 0.0421, Train MAE: 0.1335
Epoch: 007, Valid Loss: 0.7118, Valid MSE: 0.0448, Valid MAE: 0.1409
No update
Epoch: 008, Training Time: 5.9979 secs
Epoch: 008, Validation Time: 0.6045 secs
-----------------------
Epoch: 008, Train Loss: 0.2566, Train MSE: 0.0405, Train MAE: 0.1308
Epoch: 008, Valid Loss: 0.7430, Valid MSE: 0.0452, Valid MAE: 0.1417
No update
Epoch: 009, Training Time: 6.1246 secs
Epoch: 009, Validation Time: 0.5781 secs
-----------------------
Epoch: 009, Train Loss: 0.2543, Train MSE: 0.0396, Train MAE: 0.1293
Epoch: 009, Valid Loss: 0.7677, Valid MSE: 0.0462, Valid MAE: 0.1430
No update
Epoch: 010, Training Time: 6.2682 secs
Epoch: 010, Validation Time: 0.6699 secs
-----------------------
Epoch: 010, Train Loss: 0.2531, Train MSE: 0.0393, Train MAE: 0.1285
Epoch: 010, Valid Loss: 0.7755, Valid MSE: 0.0456, Valid MAE: 0.1419
No update
Epoch: 011, Training Time: 6.2546 secs
Epoch: 011, Validation Time: 0.5570 secs
-----------------------
Epoch: 011, Train Loss: 0.2506, Train MSE: 0.0382, Train MAE: 0.1270
Epoch: 011, Valid Loss: 0.7748, Valid MSE: 0.0492, Valid MAE: 0.1478
No update
Epoch: 012, Training Time: 6.0514 secs
Epoch: 012, Validation Time: 0.5932 secs
-----------------------
Epoch: 012, Train Loss: 0.2501, Train MSE: 0.0379, Train MAE: 0.1263
Epoch: 012, Valid Loss: 0.7856, Valid MSE: 0.0481, Valid MAE: 0.1458
No update
Epoch: 013, Training Time: 6.1066 secs
Epoch: 013, Validation Time: 0.5696 secs
-----------------------
Epoch: 013, Train Loss: 0.2475, Train MSE: 0.0372, Train MAE: 0.1252
Epoch: 013, Valid Loss: 0.7739, Valid MSE: 0.0487, Valid MAE: 0.1467
No update
Epoch: 014, Training Time: 6.5210 secs
Epoch: 014, Validation Time: 0.5737 secs
-----------------------
Epoch: 014, Train Loss: 0.2482, Train MSE: 0.0367, Train MAE: 0.1243
Epoch: 014, Valid Loss: 0.8025, Valid MSE: 0.0487, Valid MAE: 0.1463
No update
Epoch: 015, Training Time: 6.0893 secs
Epoch: 015, Validation Time: 0.6095 secs
-----------------------
Epoch: 015, Train Loss: 0.2471, Train MSE: 0.0366, Train MAE: 0.1237
Epoch: 015, Valid Loss: 0.8103, Valid MSE: 0.0487, Valid MAE: 0.1459
No update
Epoch: 016, Training Time: 6.1850 secs
Epoch: 016, Validation Time: 0.5833 secs
-----------------------
Epoch: 016, Train Loss: 0.2340, Train MSE: 0.0362, Train MAE: 0.1233
Epoch: 016, Valid Loss: 0.6182, Valid MSE: 0.0519, Valid MAE: 0.1515
No update
Epoch: 017, Training Time: 6.4689 secs
Epoch: 017, Validation Time: 0.6505 secs
-----------------------
Epoch: 017, Train Loss: 0.2436, Train MSE: 0.0360, Train MAE: 0.1230
Epoch: 017, Valid Loss: 0.7006, Valid MSE: 0.0485, Valid MAE: 0.1457
No update
Epoch: 018, Training Time: 6.1752 secs
Epoch: 018, Validation Time: 0.5914 secs
-----------------------
Epoch: 018, Train Loss: 0.2483, Train MSE: 0.0354, Train MAE: 0.1217
Epoch: 018, Valid Loss: 0.8216, Valid MSE: 0.0475, Valid MAE: 0.1437
No update
Epoch: 019, Training Time: 6.0977 secs
Epoch: 019, Validation Time: 0.5898 secs
-----------------------
Epoch: 019, Train Loss: 0.2434, Train MSE: 0.0349, Train MAE: 0.1210
Epoch: 019, Valid Loss: 0.7171, Valid MSE: 0.0492, Valid MAE: 0.1470
No update
Epoch: 020, Training Time: 6.2180 secs
Epoch: 020, Validation Time: 0.5998 secs
-----------------------
Epoch: 020, Train Loss: 0.2415, Train MSE: 0.0352, Train MAE: 0.1212
Epoch: 020, Valid Loss: 0.7767, Valid MSE: 0.0499, Valid MAE: 0.1476
No update
Epoch: 021, Training Time: 6.5442 secs
Epoch: 021, Validation Time: 0.5562 secs
-----------------------
Epoch: 021, Train Loss: 0.2432, Train MSE: 0.0346, Train MAE: 0.1204
Epoch: 021, Valid Loss: 0.7971, Valid MSE: 0.0501, Valid MAE: 0.1471
No update
Epoch: 022, Training Time: 6.1356 secs
Epoch: 022, Validation Time: 0.6102 secs
-----------------------
Epoch: 022, Train Loss: 0.2448, Train MSE: 0.0342, Train MAE: 0.1197
Epoch: 022, Valid Loss: 0.8423, Valid MSE: 0.0496, Valid MAE: 0.1481
No update
Epoch: 023, Training Time: 6.1884 secs
Epoch: 023, Validation Time: 0.5793 secs
-----------------------
Epoch: 023, Train Loss: 0.2428, Train MSE: 0.0342, Train MAE: 0.1197
Epoch: 023, Valid Loss: 0.8497, Valid MSE: 0.0499, Valid MAE: 0.1477
No update
Epoch: 024, Training Time: 6.6093 secs
Epoch: 024, Validation Time: 0.6458 secs
-----------------------
Epoch: 024, Train Loss: 0.2415, Train MSE: 0.0338, Train MAE: 0.1191
Epoch: 024, Valid Loss: 0.8535, Valid MSE: 0.0514, Valid MAE: 0.1504
No update
Epoch: 025, Training Time: 6.0506 secs
Epoch: 025, Validation Time: 0.5603 secs
-----------------------
Epoch: 025, Train Loss: 0.2408, Train MSE: 0.0334, Train MAE: 0.1187
Epoch: 025, Valid Loss: 0.8561, Valid MSE: 0.0512, Valid MAE: 0.1487
No update
Epoch: 026, Training Time: 6.1970 secs
Epoch: 026, Validation Time: 0.5851 secs
-----------------------
Epoch: 026, Train Loss: 0.2399, Train MSE: 0.0334, Train MAE: 0.1186
Epoch: 026, Valid Loss: 0.8535, Valid MSE: 0.0482, Valid MAE: 0.1455
No update
Epoch: 027, Training Time: 6.2634 secs
Epoch: 027, Validation Time: 0.6157 secs
-----------------------
Epoch: 027, Train Loss: 0.2391, Train MSE: 0.0331, Train MAE: 0.1178
Epoch: 027, Valid Loss: 0.8535, Valid MSE: 0.0495, Valid MAE: 0.1469
No update
Epoch: 028, Training Time: 6.4261 secs
Epoch: 028, Validation Time: 0.5903 secs
-----------------------
Epoch: 028, Train Loss: 0.2367, Train MSE: 0.0331, Train MAE: 0.1179
Epoch: 028, Valid Loss: 0.8151, Valid MSE: 0.0501, Valid MAE: 0.1482
No update
Epoch: 029, Training Time: 6.1031 secs
Epoch: 029, Validation Time: 0.5539 secs
-----------------------
Epoch: 029, Train Loss: 0.2289, Train MSE: 0.0330, Train MAE: 0.1175
Epoch: 029, Valid Loss: 0.7066, Valid MSE: 0.0493, Valid MAE: 0.1473
No update
Epoch: 030, Training Time: 6.1940 secs
Epoch: 030, Validation Time: 0.6162 secs
-----------------------
Epoch: 030, Train Loss: 0.2436, Train MSE: 0.0329, Train MAE: 0.1173
Epoch: 030, Valid Loss: 0.8196, Valid MSE: 0.0521, Valid MAE: 0.1499
No update
Epoch: 031, Training Time: 6.5546 secs
Epoch: 031, Validation Time: 0.5716 secs
-----------------------
Epoch: 031, Train Loss: 0.2396, Train MSE: 0.0327, Train MAE: 0.1172
Epoch: 031, Valid Loss: 0.8610, Valid MSE: 0.0513, Valid MAE: 0.1490
No update
Epoch: 032, Training Time: 6.1244 secs
Epoch: 032, Validation Time: 0.5873 secs
-----------------------
Epoch: 032, Train Loss: 0.2371, Train MSE: 0.0324, Train MAE: 0.1166
Epoch: 032, Valid Loss: 0.8642, Valid MSE: 0.0521, Valid MAE: 0.1515
No update
Epoch: 033, Training Time: 6.1620 secs
Epoch: 033, Validation Time: 0.5898 secs
-----------------------
Epoch: 033, Train Loss: 0.2362, Train MSE: 0.0322, Train MAE: 0.1161
Epoch: 033, Valid Loss: 0.8614, Valid MSE: 0.0514, Valid MAE: 0.1490
No update
Epoch: 034, Training Time: 6.3632 secs
Epoch: 034, Validation Time: 0.6792 secs
-----------------------
Epoch: 034, Train Loss: 0.2353, Train MSE: 0.0322, Train MAE: 0.1162
Epoch: 034, Valid Loss: 0.8516, Valid MSE: 0.0522, Valid MAE: 0.1504
No update
Epoch: 035, Training Time: 6.0933 secs
Epoch: 035, Validation Time: 0.5921 secs
-----------------------
Epoch: 035, Train Loss: 0.2346, Train MSE: 0.0326, Train MAE: 0.1168
Epoch: 035, Valid Loss: 0.8430, Valid MSE: 0.0558, Valid MAE: 0.1549
No update
Epoch: 036, Training Time: 6.2748 secs
Epoch: 036, Validation Time: 0.6099 secs
-----------------------
Epoch: 036, Train Loss: 0.2376, Train MSE: 0.0318, Train MAE: 0.1156
Epoch: 036, Valid Loss: 0.8450, Valid MSE: 0.0509, Valid MAE: 0.1487
No update
Epoch: 037, Training Time: 6.2567 secs
Epoch: 037, Validation Time: 0.5573 secs
-----------------------
Epoch: 037, Train Loss: 0.2375, Train MSE: 0.0317, Train MAE: 0.1154
Epoch: 037, Valid Loss: 0.8517, Valid MSE: 0.0511, Valid MAE: 0.1499
No update
Epoch: 038, Training Time: 6.5143 secs
Epoch: 038, Validation Time: 0.5778 secs
-----------------------
Epoch: 038, Train Loss: 0.2307, Train MSE: 0.0314, Train MAE: 0.1149
Epoch: 038, Valid Loss: 0.8205, Valid MSE: 0.0521, Valid MAE: 0.1503
No update
Epoch: 039, Training Time: 6.2227 secs
Epoch: 039, Validation Time: 0.6010 secs
-----------------------
Epoch: 039, Train Loss: 0.2379, Train MSE: 0.0315, Train MAE: 0.1151
Epoch: 039, Valid Loss: 0.8541, Valid MSE: 0.0546, Valid MAE: 0.1542
No update
Epoch: 040, Training Time: 6.0850 secs
Epoch: 040, Validation Time: 0.6123 secs
-----------------------
Epoch: 040, Train Loss: 0.2355, Train MSE: 0.0316, Train MAE: 0.1151
Epoch: 040, Valid Loss: 0.8664, Valid MSE: 0.0547, Valid MAE: 0.1546
No update
Epoch: 041, Training Time: 6.5883 secs
Epoch: 041, Validation Time: 0.5818 secs
-----------------------
Epoch: 041, Train Loss: 0.2335, Train MSE: 0.0311, Train MAE: 0.1146
Epoch: 041, Valid Loss: 0.8638, Valid MSE: 0.0535, Valid MAE: 0.1522
No update
Epoch: 042, Training Time: 6.1350 secs
Epoch: 042, Validation Time: 0.5875 secs
-----------------------
Epoch: 042, Train Loss: 0.2331, Train MSE: 0.0311, Train MAE: 0.1142
Epoch: 042, Valid Loss: 0.8641, Valid MSE: 0.0568, Valid MAE: 0.1579
No update
Epoch: 043, Training Time: 6.1278 secs
Epoch: 043, Validation Time: 0.5711 secs
-----------------------
Epoch: 043, Train Loss: 0.2321, Train MSE: 0.0310, Train MAE: 0.1144
Epoch: 043, Valid Loss: 0.8569, Valid MSE: 0.0551, Valid MAE: 0.1541
No update
Epoch: 044, Training Time: 6.3389 secs
Epoch: 044, Validation Time: 0.6526 secs
-----------------------
Epoch: 044, Train Loss: 0.2306, Train MSE: 0.0308, Train MAE: 0.1140
Epoch: 044, Valid Loss: 0.8416, Valid MSE: 0.0549, Valid MAE: 0.1552
No update
Epoch: 045, Training Time: 6.0464 secs
Epoch: 045, Validation Time: 0.5935 secs
-----------------------
Epoch: 045, Train Loss: 0.2364, Train MSE: 0.0307, Train MAE: 0.1138
Epoch: 045, Valid Loss: 0.8656, Valid MSE: 0.0525, Valid MAE: 0.1517
No update
Epoch: 046, Training Time: 6.2170 secs
Epoch: 046, Validation Time: 0.5692 secs
-----------------------
Epoch: 046, Train Loss: 0.2340, Train MSE: 0.0306, Train MAE: 0.1137
Epoch: 046, Valid Loss: 0.8652, Valid MSE: 0.0567, Valid MAE: 0.1571
No update
Epoch: 047, Training Time: 6.1488 secs
Epoch: 047, Validation Time: 0.6087 secs
-----------------------
Epoch: 047, Train Loss: 0.2327, Train MSE: 0.0306, Train MAE: 0.1137
Epoch: 047, Valid Loss: 0.8672, Valid MSE: 0.0566, Valid MAE: 0.1572
No update
Epoch: 048, Training Time: 6.4765 secs
Epoch: 048, Validation Time: 0.5768 secs
-----------------------
Epoch: 048, Train Loss: 0.2318, Train MSE: 0.0303, Train MAE: 0.1132
Epoch: 048, Valid Loss: 0.8645, Valid MSE: 0.0574, Valid MAE: 0.1575
No update
Epoch: 049, Training Time: 6.0883 secs
Epoch: 049, Validation Time: 0.5857 secs
-----------------------
Epoch: 049, Train Loss: 0.2310, Train MSE: 0.0305, Train MAE: 0.1134
Epoch: 049, Valid Loss: 0.8584, Valid MSE: 0.0556, Valid MAE: 0.1575
No update
Epoch: 050, Training Time: 6.1406 secs
Epoch: 050, Validation Time: 0.6185 secs
-----------------------
Epoch: 050, Train Loss: 0.2303, Train MSE: 0.0302, Train MAE: 0.1131
Epoch: 050, Valid Loss: 0.8499, Valid MSE: 0.0608, Valid MAE: 0.1638
No update
Epoch: 051, Training Time: 6.5713 secs
Epoch: 051, Validation Time: 0.6645 secs
-----------------------
Epoch: 051, Train Loss: 0.2300, Train MSE: 0.0303, Train MAE: 0.1131
Epoch: 051, Valid Loss: 0.8433, Valid MSE: 0.0614, Valid MAE: 0.1630
No update
Average Training Time: 6.2545 secs/epoch
Average Validation Time: 0.5969 secs
Training ends
The epoch of the best result： 1
The valid loss of the best model 0.495
Test time (total): 4.4623 seconds
On average horizons, Test MSE: 0.0385, Test MAE: 0.1407
Average Testing Time: nan secs
Total time spent: 354.6705
