Namespace(att_w=0.01, batch_size=16, channel=64, d_llm=768, data_path='exchange_rate', device='cuda:1', dropout_n=0.5, e_layer=2, epochs=100, es_patience=50, fcst_w=1, feature_w=0.01, head=4, lrate=0.0001, model_name='gpt2', num_nodes=8, num_workers=10, pred_len=48, recon_w=0.5, save='./logs/2025-10-11-16:17:30-', seed=6666, seq_len=96, weight_decay=0.001)
The number of trainable parameters: 1714912
The number of parameters: 1714912
Dual(
  (normalize_layers): Normalize()
  (length_to_feature): Linear(in_features=96, out_features=64, bias=True)
  (token_to_feature): Linear(in_features=768, out_features=64, bias=True)
  (ts_encoder): Encoder(
    (attn_layers): ModuleList(
      (0-1): 2 x EncoderLayer(
        (attention): AttentionLayer(
          (inner_attention): FullAttention(
            (dropout): Dropout(p=0.5, inplace=False)
          )
          (query_projection): Linear(in_features=64, out_features=64, bias=True)
          (key_projection): Linear(in_features=64, out_features=64, bias=True)
          (value_projection): Linear(in_features=64, out_features=64, bias=True)
          (out_projection): Linear(in_features=64, out_features=64, bias=True)
        )
        (conv1): Conv1d(64, 3072, kernel_size=(1,), stride=(1,))
        (conv2): Conv1d(3072, 64, kernel_size=(1,), stride=(1,))
        (norm1): LayerNorm((64,), eps=1e-05, elementwise_affine=True)
        (norm2): LayerNorm((64,), eps=1e-05, elementwise_affine=True)
        (dropout): Dropout(p=0.5, inplace=False)
      )
    )
    (norm): LayerNorm((64,), eps=1e-05, elementwise_affine=True)
  )
  (prompt_encoder): Encoder(
    (attn_layers): ModuleList(
      (0-1): 2 x EncoderLayer(
        (attention): AttentionLayer(
          (inner_attention): FullAttention(
            (dropout): Dropout(p=0.5, inplace=False)
          )
          (query_projection): Linear(in_features=64, out_features=64, bias=True)
          (key_projection): Linear(in_features=64, out_features=64, bias=True)
          (value_projection): Linear(in_features=64, out_features=64, bias=True)
          (out_projection): Linear(in_features=64, out_features=64, bias=True)
        )
        (conv1): Conv1d(64, 3072, kernel_size=(1,), stride=(1,))
        (conv2): Conv1d(3072, 64, kernel_size=(1,), stride=(1,))
        (norm1): LayerNorm((64,), eps=1e-05, elementwise_affine=True)
        (norm2): LayerNorm((64,), eps=1e-05, elementwise_affine=True)
        (dropout): Dropout(p=0.5, inplace=False)
      )
    )
    (norm): LayerNorm((64,), eps=1e-05, elementwise_affine=True)
  )
  (ts_proj): Linear(in_features=64, out_features=48, bias=True)
  (prompt_proj): Linear(in_features=64, out_features=48, bias=True)
)
Start training...
Epoch: 001, Training Time: 6.3570 secs
Epoch: 001, Validation Time: 0.5386 secs
-----------------------
Epoch: 001, Train Loss: 0.2685, Train MSE: 0.1333, Train MAE: 0.2379
Epoch: 001, Valid Loss: 0.5414, Valid MSE: 0.0999, Valid MAE: 0.2243
###Update tasks appear###
Updating! Valid Loss:0.5414, epoch:  1
Epoch: 002, Training Time: 6.2397 secs
Epoch: 002, Validation Time: 0.5779 secs
-----------------------
Epoch: 002, Train Loss: 0.2814, Train MSE: 0.1042, Train MAE: 0.2102
Epoch: 002, Valid Loss: 0.5628, Valid MSE: 0.0925, Valid MAE: 0.2077
No update
Epoch: 003, Training Time: 6.4917 secs
Epoch: 003, Validation Time: 0.6205 secs
-----------------------
Epoch: 003, Train Loss: 0.2764, Train MSE: 0.0907, Train MAE: 0.1962
Epoch: 003, Valid Loss: 0.5572, Valid MSE: 0.0940, Valid MAE: 0.2066
No update
Epoch: 004, Training Time: 6.3661 secs
Epoch: 004, Validation Time: 0.5705 secs
-----------------------
Epoch: 004, Train Loss: 0.2767, Train MSE: 0.0840, Train MAE: 0.1886
Epoch: 004, Valid Loss: 0.6262, Valid MSE: 0.0914, Valid MAE: 0.2029
No update
Epoch: 005, Training Time: 6.1391 secs
Epoch: 005, Validation Time: 0.5937 secs
-----------------------
Epoch: 005, Train Loss: 0.2756, Train MSE: 0.0794, Train MAE: 0.1836
Epoch: 005, Valid Loss: 0.6760, Valid MSE: 0.0910, Valid MAE: 0.2017
No update
Epoch: 006, Training Time: 6.0693 secs
Epoch: 006, Validation Time: 0.5905 secs
-----------------------
Epoch: 006, Train Loss: 0.2652, Train MSE: 0.0763, Train MAE: 0.1799
Epoch: 006, Valid Loss: 0.6555, Valid MSE: 0.0892, Valid MAE: 0.1993
No update
Epoch: 007, Training Time: 6.6925 secs
Epoch: 007, Validation Time: 0.5378 secs
-----------------------
Epoch: 007, Train Loss: 0.2645, Train MSE: 0.0742, Train MAE: 0.1773
Epoch: 007, Valid Loss: 0.6290, Valid MSE: 0.0914, Valid MAE: 0.2023
No update
Epoch: 008, Training Time: 6.0164 secs
Epoch: 008, Validation Time: 0.5668 secs
-----------------------
Epoch: 008, Train Loss: 0.2685, Train MSE: 0.0729, Train MAE: 0.1752
Epoch: 008, Valid Loss: 0.6551, Valid MSE: 0.0961, Valid MAE: 0.2082
No update
Epoch: 009, Training Time: 6.1243 secs
Epoch: 009, Validation Time: 0.5745 secs
-----------------------
Epoch: 009, Train Loss: 0.2625, Train MSE: 0.0720, Train MAE: 0.1742
Epoch: 009, Valid Loss: 0.6544, Valid MSE: 0.0933, Valid MAE: 0.2047
No update
Epoch: 010, Training Time: 6.1798 secs
Epoch: 010, Validation Time: 0.6315 secs
-----------------------
Epoch: 010, Train Loss: 0.2749, Train MSE: 0.0710, Train MAE: 0.1729
Epoch: 010, Valid Loss: 0.8230, Valid MSE: 0.0972, Valid MAE: 0.2093
No update
Epoch: 011, Training Time: 6.1115 secs
Epoch: 011, Validation Time: 0.5808 secs
-----------------------
Epoch: 011, Train Loss: 0.2679, Train MSE: 0.0701, Train MAE: 0.1719
Epoch: 011, Valid Loss: 0.8449, Valid MSE: 0.0998, Valid MAE: 0.2125
No update
Epoch: 012, Training Time: 6.1005 secs
Epoch: 012, Validation Time: 0.5737 secs
-----------------------
Epoch: 012, Train Loss: 0.2660, Train MSE: 0.0692, Train MAE: 0.1707
Epoch: 012, Valid Loss: 0.8581, Valid MSE: 0.1017, Valid MAE: 0.2147
No update
Epoch: 013, Training Time: 6.0917 secs
Epoch: 013, Validation Time: 0.5857 secs
-----------------------
Epoch: 013, Train Loss: 0.2643, Train MSE: 0.0685, Train MAE: 0.1698
Epoch: 013, Valid Loss: 0.8637, Valid MSE: 0.1014, Valid MAE: 0.2145
No update
Epoch: 014, Training Time: 6.5987 secs
Epoch: 014, Validation Time: 0.5617 secs
-----------------------
Epoch: 014, Train Loss: 0.2634, Train MSE: 0.0685, Train MAE: 0.1699
Epoch: 014, Valid Loss: 0.8722, Valid MSE: 0.1045, Valid MAE: 0.2180
No update
Epoch: 015, Training Time: 6.0797 secs
Epoch: 015, Validation Time: 0.5598 secs
-----------------------
Epoch: 015, Train Loss: 0.2617, Train MSE: 0.0676, Train MAE: 0.1685
Epoch: 015, Valid Loss: 0.8717, Valid MSE: 0.1005, Valid MAE: 0.2140
No update
Epoch: 016, Training Time: 6.1212 secs
Epoch: 016, Validation Time: 0.5645 secs
-----------------------
Epoch: 016, Train Loss: 0.2601, Train MSE: 0.0672, Train MAE: 0.1681
Epoch: 016, Valid Loss: 0.8646, Valid MSE: 0.1075, Valid MAE: 0.2204
No update
Epoch: 017, Training Time: 6.4164 secs
Epoch: 017, Validation Time: 0.6337 secs
-----------------------
Epoch: 017, Train Loss: 0.2587, Train MSE: 0.0669, Train MAE: 0.1679
Epoch: 017, Valid Loss: 0.8419, Valid MSE: 0.1059, Valid MAE: 0.2196
No update
Epoch: 018, Training Time: 6.1092 secs
Epoch: 018, Validation Time: 0.5661 secs
-----------------------
Epoch: 018, Train Loss: 0.2546, Train MSE: 0.0663, Train MAE: 0.1671
Epoch: 018, Valid Loss: 0.7747, Valid MSE: 0.1073, Valid MAE: 0.2211
No update
Epoch: 019, Training Time: 6.0690 secs
Epoch: 019, Validation Time: 0.5533 secs
-----------------------
Epoch: 019, Train Loss: 0.2607, Train MSE: 0.0660, Train MAE: 0.1668
Epoch: 019, Valid Loss: 0.8493, Valid MSE: 0.1035, Valid MAE: 0.2174
No update
Epoch: 020, Training Time: 6.0798 secs
Epoch: 020, Validation Time: 0.6024 secs
-----------------------
Epoch: 020, Train Loss: 0.2580, Train MSE: 0.0652, Train MAE: 0.1659
Epoch: 020, Valid Loss: 0.8548, Valid MSE: 0.1007, Valid MAE: 0.2142
No update
Epoch: 021, Training Time: 6.5745 secs
Epoch: 021, Validation Time: 0.5586 secs
-----------------------
Epoch: 021, Train Loss: 0.2574, Train MSE: 0.0649, Train MAE: 0.1657
Epoch: 021, Valid Loss: 0.8783, Valid MSE: 0.1065, Valid MAE: 0.2201
No update
Epoch: 022, Training Time: 6.0118 secs
Epoch: 022, Validation Time: 0.5755 secs
-----------------------
Epoch: 022, Train Loss: 0.2557, Train MSE: 0.0645, Train MAE: 0.1650
Epoch: 022, Valid Loss: 0.8711, Valid MSE: 0.1012, Valid MAE: 0.2144
No update
Epoch: 023, Training Time: 6.1943 secs
Epoch: 023, Validation Time: 0.5689 secs
-----------------------
Epoch: 023, Train Loss: 0.2545, Train MSE: 0.0642, Train MAE: 0.1648
Epoch: 023, Valid Loss: 0.8589, Valid MSE: 0.1065, Valid MAE: 0.2199
No update
Epoch: 024, Training Time: 6.3554 secs
Epoch: 024, Validation Time: 0.6147 secs
-----------------------
Epoch: 024, Train Loss: 0.2541, Train MSE: 0.0640, Train MAE: 0.1644
Epoch: 024, Valid Loss: 0.8490, Valid MSE: 0.1008, Valid MAE: 0.2143
No update
Epoch: 025, Training Time: 6.5657 secs
Epoch: 025, Validation Time: 0.5501 secs
-----------------------
Epoch: 025, Train Loss: 0.2545, Train MSE: 0.0638, Train MAE: 0.1642
Epoch: 025, Valid Loss: 0.8703, Valid MSE: 0.1037, Valid MAE: 0.2170
No update
Epoch: 026, Training Time: 6.1759 secs
Epoch: 026, Validation Time: 0.5664 secs
-----------------------
Epoch: 026, Train Loss: 0.2520, Train MSE: 0.0629, Train MAE: 0.1632
Epoch: 026, Valid Loss: 0.8548, Valid MSE: 0.1057, Valid MAE: 0.2183
No update
Epoch: 027, Training Time: 6.1163 secs
Epoch: 027, Validation Time: 0.5824 secs
-----------------------
Epoch: 027, Train Loss: 0.2523, Train MSE: 0.0628, Train MAE: 0.1632
Epoch: 027, Valid Loss: 0.8617, Valid MSE: 0.1030, Valid MAE: 0.2162
No update
Epoch: 028, Training Time: 6.5654 secs
Epoch: 028, Validation Time: 0.5511 secs
-----------------------
Epoch: 028, Train Loss: 0.2523, Train MSE: 0.0629, Train MAE: 0.1629
Epoch: 028, Valid Loss: 0.8700, Valid MSE: 0.1045, Valid MAE: 0.2171
No update
Epoch: 029, Training Time: 5.9877 secs
Epoch: 029, Validation Time: 0.5595 secs
-----------------------
Epoch: 029, Train Loss: 0.2504, Train MSE: 0.0624, Train MAE: 0.1626
Epoch: 029, Valid Loss: 0.8474, Valid MSE: 0.1030, Valid MAE: 0.2159
No update
Epoch: 030, Training Time: 6.1485 secs
Epoch: 030, Validation Time: 0.5626 secs
-----------------------
Epoch: 030, Train Loss: 0.2454, Train MSE: 0.0621, Train MAE: 0.1621
Epoch: 030, Valid Loss: 0.7666, Valid MSE: 0.1091, Valid MAE: 0.2218
No update
Epoch: 031, Training Time: 6.1699 secs
Epoch: 031, Validation Time: 0.6059 secs
-----------------------
Epoch: 031, Train Loss: 0.2530, Train MSE: 0.0620, Train MAE: 0.1621
Epoch: 031, Valid Loss: 0.8556, Valid MSE: 0.1024, Valid MAE: 0.2145
No update
Epoch: 032, Training Time: 6.4352 secs
Epoch: 032, Validation Time: 0.5405 secs
-----------------------
Epoch: 032, Train Loss: 0.2519, Train MSE: 0.0619, Train MAE: 0.1620
Epoch: 032, Valid Loss: 0.8941, Valid MSE: 0.1070, Valid MAE: 0.2206
No update
Epoch: 033, Training Time: 6.0271 secs
Epoch: 033, Validation Time: 0.5507 secs
-----------------------
Epoch: 033, Train Loss: 0.2500, Train MSE: 0.0614, Train MAE: 0.1615
Epoch: 033, Valid Loss: 0.8970, Valid MSE: 0.1088, Valid MAE: 0.2221
No update
Epoch: 034, Training Time: 6.1713 secs
Epoch: 034, Validation Time: 0.5681 secs
-----------------------
Epoch: 034, Train Loss: 0.2495, Train MSE: 0.0616, Train MAE: 0.1616
Epoch: 034, Valid Loss: 0.8951, Valid MSE: 0.1034, Valid MAE: 0.2165
No update
Epoch: 035, Training Time: 6.5643 secs
Epoch: 035, Validation Time: 0.6069 secs
-----------------------
Epoch: 035, Train Loss: 0.2486, Train MSE: 0.0607, Train MAE: 0.1607
Epoch: 035, Valid Loss: 0.8974, Valid MSE: 0.1059, Valid MAE: 0.2175
No update
Epoch: 036, Training Time: 6.1565 secs
Epoch: 036, Validation Time: 0.5757 secs
-----------------------
Epoch: 036, Train Loss: 0.2482, Train MSE: 0.0607, Train MAE: 0.1608
Epoch: 036, Valid Loss: 0.8966, Valid MSE: 0.1044, Valid MAE: 0.2170
No update
Epoch: 037, Training Time: 6.2235 secs
Epoch: 037, Validation Time: 0.5474 secs
-----------------------
Epoch: 037, Train Loss: 0.2478, Train MSE: 0.0605, Train MAE: 0.1601
Epoch: 037, Valid Loss: 0.8991, Valid MSE: 0.1093, Valid MAE: 0.2222
No update
Epoch: 038, Training Time: 6.5484 secs
Epoch: 038, Validation Time: 0.7120 secs
-----------------------
Epoch: 038, Train Loss: 0.2475, Train MSE: 0.0603, Train MAE: 0.1600
Epoch: 038, Valid Loss: 0.8966, Valid MSE: 0.1048, Valid MAE: 0.2175
No update
Epoch: 039, Training Time: 7.2548 secs
Epoch: 039, Validation Time: 0.5645 secs
-----------------------
Epoch: 039, Train Loss: 0.2473, Train MSE: 0.0604, Train MAE: 0.1603
Epoch: 039, Valid Loss: 0.8961, Valid MSE: 0.1060, Valid MAE: 0.2192
No update
Epoch: 040, Training Time: 6.1239 secs
Epoch: 040, Validation Time: 0.5860 secs
-----------------------
Epoch: 040, Train Loss: 0.2471, Train MSE: 0.0603, Train MAE: 0.1600
Epoch: 040, Valid Loss: 0.8948, Valid MSE: 0.1036, Valid MAE: 0.2163
No update
Epoch: 041, Training Time: 6.1654 secs
Epoch: 041, Validation Time: 0.5669 secs
-----------------------
Epoch: 041, Train Loss: 0.2467, Train MSE: 0.0599, Train MAE: 0.1595
Epoch: 041, Valid Loss: 0.8942, Valid MSE: 0.1008, Valid MAE: 0.2144
No update
Epoch: 042, Training Time: 6.2557 secs
Epoch: 042, Validation Time: 0.6360 secs
-----------------------
Epoch: 042, Train Loss: 0.2463, Train MSE: 0.0592, Train MAE: 0.1589
Epoch: 042, Valid Loss: 0.8997, Valid MSE: 0.1090, Valid MAE: 0.2211
No update
Epoch: 043, Training Time: 6.4892 secs
Epoch: 043, Validation Time: 0.6019 secs
-----------------------
Epoch: 043, Train Loss: 0.2462, Train MSE: 0.0596, Train MAE: 0.1593
Epoch: 043, Valid Loss: 0.9016, Valid MSE: 0.1116, Valid MAE: 0.2239
No update
Epoch: 044, Training Time: 6.1293 secs
Epoch: 044, Validation Time: 0.5631 secs
-----------------------
Epoch: 044, Train Loss: 0.2460, Train MSE: 0.0594, Train MAE: 0.1594
Epoch: 044, Valid Loss: 0.8965, Valid MSE: 0.1013, Valid MAE: 0.2148
No update
Epoch: 045, Training Time: 6.1515 secs
Epoch: 045, Validation Time: 0.5874 secs
-----------------------
Epoch: 045, Train Loss: 0.2456, Train MSE: 0.0589, Train MAE: 0.1585
Epoch: 045, Valid Loss: 0.8984, Valid MSE: 0.1050, Valid MAE: 0.2177
No update
Epoch: 046, Training Time: 6.5649 secs
Epoch: 046, Validation Time: 0.6416 secs
-----------------------
Epoch: 046, Train Loss: 0.2454, Train MSE: 0.0587, Train MAE: 0.1582
Epoch: 046, Valid Loss: 0.8975, Valid MSE: 0.1021, Valid MAE: 0.2152
No update
Epoch: 047, Training Time: 6.1370 secs
Epoch: 047, Validation Time: 0.5736 secs
-----------------------
Epoch: 047, Train Loss: 0.2452, Train MSE: 0.0588, Train MAE: 0.1582
Epoch: 047, Valid Loss: 0.8975, Valid MSE: 0.1018, Valid MAE: 0.2143
No update
Epoch: 048, Training Time: 6.1483 secs
Epoch: 048, Validation Time: 0.5718 secs
-----------------------
Epoch: 048, Train Loss: 0.2449, Train MSE: 0.0583, Train MAE: 0.1577
Epoch: 048, Valid Loss: 0.8971, Valid MSE: 0.1011, Valid MAE: 0.2147
No update
Epoch: 049, Training Time: 6.1610 secs
Epoch: 049, Validation Time: 0.5749 secs
-----------------------
Epoch: 049, Train Loss: 0.2448, Train MSE: 0.0583, Train MAE: 0.1577
Epoch: 049, Valid Loss: 0.8974, Valid MSE: 0.1023, Valid MAE: 0.2151
No update
Epoch: 050, Training Time: 6.6167 secs
Epoch: 050, Validation Time: 0.5192 secs
-----------------------
Epoch: 050, Train Loss: 0.2447, Train MSE: 0.0582, Train MAE: 0.1575
Epoch: 050, Valid Loss: 0.8988, Valid MSE: 0.1033, Valid MAE: 0.2170
No update
Epoch: 051, Training Time: 6.0594 secs
Epoch: 051, Validation Time: 0.5519 secs
-----------------------
Epoch: 051, Train Loss: 0.2445, Train MSE: 0.0581, Train MAE: 0.1574
Epoch: 051, Valid Loss: 0.8982, Valid MSE: 0.1023, Valid MAE: 0.2153
No update
Average Training Time: 6.2687 secs/epoch
Average Validation Time: 0.5788 secs
Training ends
The epoch of the best result： 1
The valid loss of the best model 0.5414
Test time (total): 4.3375 seconds
On average horizons, Test MSE: 0.0627, Test MAE: 0.1793
Average Testing Time: nan secs
Total time spent: 354.2097
