Namespace(att_w=0.01, batch_size=16, channel=64, d_llm=768, data_path='ETTm1', device='cuda:0', dropout_n=0.5, e_layer=2, epochs=100, es_patience=50, fcst_w=1, feature_w=0.01, head=4, lrate=0.0001, model_name='gpt2', num_nodes=7, num_workers=10, pred_len=96, recon_w=0.5, save='./logs/2025-10-09-20:10:27-', seed=6666, seq_len=96, weight_decay=0.001)
The number of trainable parameters: 1721152
The number of parameters: 1721152
Dual(
  (normalize_layers): Normalize()
  (length_to_feature): Linear(in_features=96, out_features=64, bias=True)
  (token_to_feature): Linear(in_features=768, out_features=64, bias=True)
  (ts_encoder): Encoder(
    (attn_layers): ModuleList(
      (0-1): 2 x EncoderLayer(
        (attention): AttentionLayer(
          (inner_attention): FullAttention(
            (dropout): Dropout(p=0.5, inplace=False)
          )
          (query_projection): Linear(in_features=64, out_features=64, bias=True)
          (key_projection): Linear(in_features=64, out_features=64, bias=True)
          (value_projection): Linear(in_features=64, out_features=64, bias=True)
          (out_projection): Linear(in_features=64, out_features=64, bias=True)
        )
        (conv1): Conv1d(64, 3072, kernel_size=(1,), stride=(1,))
        (conv2): Conv1d(3072, 64, kernel_size=(1,), stride=(1,))
        (norm1): LayerNorm((64,), eps=1e-05, elementwise_affine=True)
        (norm2): LayerNorm((64,), eps=1e-05, elementwise_affine=True)
        (dropout): Dropout(p=0.5, inplace=False)
      )
    )
    (norm): LayerNorm((64,), eps=1e-05, elementwise_affine=True)
  )
  (prompt_encoder): Encoder(
    (attn_layers): ModuleList(
      (0-1): 2 x EncoderLayer(
        (attention): AttentionLayer(
          (inner_attention): FullAttention(
            (dropout): Dropout(p=0.5, inplace=False)
          )
          (query_projection): Linear(in_features=64, out_features=64, bias=True)
          (key_projection): Linear(in_features=64, out_features=64, bias=True)
          (value_projection): Linear(in_features=64, out_features=64, bias=True)
          (out_projection): Linear(in_features=64, out_features=64, bias=True)
        )
        (conv1): Conv1d(64, 3072, kernel_size=(1,), stride=(1,))
        (conv2): Conv1d(3072, 64, kernel_size=(1,), stride=(1,))
        (norm1): LayerNorm((64,), eps=1e-05, elementwise_affine=True)
        (norm2): LayerNorm((64,), eps=1e-05, elementwise_affine=True)
        (dropout): Dropout(p=0.5, inplace=False)
      )
    )
    (norm): LayerNorm((64,), eps=1e-05, elementwise_affine=True)
  )
  (ts_proj): Linear(in_features=64, out_features=96, bias=True)
  (prompt_proj): Linear(in_features=64, out_features=96, bias=True)
)
Start training...
Epoch: 001, Training Time: 33.2018 secs
Epoch: 001, Validation Time: 4.2629 secs
-----------------------
Epoch: 001, Train Loss: 0.3263, Train MSE: 0.3905, Train MAE: 0.4340
Epoch: 001, Valid Loss: 0.4861, Valid MSE: 0.4106, Valid MAE: 0.4214
###Update tasks appear###
Updating! Valid Loss:0.4861, epoch:  1
Epoch: 002, Training Time: 32.8658 secs
Epoch: 002, Validation Time: 4.1905 secs
-----------------------
Epoch: 002, Train Loss: 0.2696, Train MSE: 0.3474, Train MAE: 0.3989
Epoch: 002, Valid Loss: 0.4253, Valid MSE: 0.3989, Valid MAE: 0.4119
###Update tasks appear###
Updating! Valid Loss:0.4253, epoch:  2
Epoch: 003, Training Time: 32.8731 secs
Epoch: 003, Validation Time: 4.2088 secs
-----------------------
Epoch: 003, Train Loss: 0.2443, Train MSE: 0.3329, Train MAE: 0.3876
Epoch: 003, Valid Loss: 0.3947, Valid MSE: 0.3953, Valid MAE: 0.4085
###Update tasks appear###
Updating! Valid Loss:0.3947, epoch:  3
Epoch: 004, Training Time: 33.2473 secs
Epoch: 004, Validation Time: 4.3044 secs
-----------------------
Epoch: 004, Train Loss: 0.2289, Train MSE: 0.3231, Train MAE: 0.3806
Epoch: 004, Valid Loss: 0.3783, Valid MSE: 0.3928, Valid MAE: 0.4059
###Update tasks appear###
Updating! Valid Loss:0.3783, epoch:  4
Epoch: 005, Training Time: 33.3022 secs
Epoch: 005, Validation Time: 4.3343 secs
-----------------------
Epoch: 005, Train Loss: 0.2179, Train MSE: 0.3149, Train MAE: 0.3752
Epoch: 005, Valid Loss: 0.3709, Valid MSE: 0.3907, Valid MAE: 0.4043
###Update tasks appear###
Updating! Valid Loss:0.3709, epoch:  5
Epoch: 006, Training Time: 33.2609 secs
Epoch: 006, Validation Time: 4.4206 secs
-----------------------
Epoch: 006, Train Loss: 0.2090, Train MSE: 0.3077, Train MAE: 0.3707
Epoch: 006, Valid Loss: 0.3676, Valid MSE: 0.3888, Valid MAE: 0.4031
###Update tasks appear###
Updating! Valid Loss:0.3676, epoch:  6
Epoch: 007, Training Time: 33.2540 secs
Epoch: 007, Validation Time: 4.3132 secs
-----------------------
Epoch: 007, Train Loss: 0.2018, Train MSE: 0.3017, Train MAE: 0.3668
Epoch: 007, Valid Loss: 0.3609, Valid MSE: 0.3870, Valid MAE: 0.4020
###Update tasks appear###
Updating! Valid Loss:0.3609, epoch:  7
Epoch: 008, Training Time: 33.3090 secs
Epoch: 008, Validation Time: 4.3074 secs
-----------------------
Epoch: 008, Train Loss: 0.1961, Train MSE: 0.2964, Train MAE: 0.3635
Epoch: 008, Valid Loss: 0.3578, Valid MSE: 0.3854, Valid MAE: 0.4011
###Update tasks appear###
Updating! Valid Loss:0.3578, epoch:  8
Epoch: 009, Training Time: 33.2931 secs
Epoch: 009, Validation Time: 4.3087 secs
-----------------------
Epoch: 009, Train Loss: 0.1912, Train MSE: 0.2922, Train MAE: 0.3608
Epoch: 009, Valid Loss: 0.3496, Valid MSE: 0.3845, Valid MAE: 0.4006
###Update tasks appear###
Updating! Valid Loss:0.3496, epoch:  9
Epoch: 010, Training Time: 33.0757 secs
Epoch: 010, Validation Time: 4.3676 secs
-----------------------
Epoch: 010, Train Loss: 0.1873, Train MSE: 0.2887, Train MAE: 0.3586
Epoch: 010, Valid Loss: 0.3498, Valid MSE: 0.3836, Valid MAE: 0.4001
No update
Epoch: 011, Training Time: 33.2189 secs
Epoch: 011, Validation Time: 4.3519 secs
-----------------------
Epoch: 011, Train Loss: 0.1838, Train MSE: 0.2857, Train MAE: 0.3565
Epoch: 011, Valid Loss: 0.3439, Valid MSE: 0.3830, Valid MAE: 0.3998
###Update tasks appear###
Test low! Updating! Test MSE: 0.3169, Test MAE: 0.3516, Test low! Updating! Valid Loss: 0.3439, epoch:  11
Epoch: 012, Training Time: 34.0251 secs
Epoch: 012, Validation Time: 4.2882 secs
-----------------------
Epoch: 012, Train Loss: 0.1808, Train MSE: 0.2830, Train MAE: 0.3548
Epoch: 012, Valid Loss: 0.3418, Valid MSE: 0.3825, Valid MAE: 0.3994
###Update tasks appear###
Test low! Updating! Test MSE: 0.3162, Test MAE: 0.3509, Test low! Updating! Valid Loss: 0.3418, epoch:  12
Epoch: 013, Training Time: 33.5003 secs
Epoch: 013, Validation Time: 4.2726 secs
-----------------------
Epoch: 013, Train Loss: 0.1780, Train MSE: 0.2806, Train MAE: 0.3532
Epoch: 013, Valid Loss: 0.3354, Valid MSE: 0.3819, Valid MAE: 0.3992
###Update tasks appear###
Test low! Updating! Test MSE: 0.3153, Test MAE: 0.3502, Test low! Updating! Valid Loss: 0.3354, epoch:  13
Epoch: 014, Training Time: 34.0158 secs
Epoch: 014, Validation Time: 4.5446 secs
-----------------------
Epoch: 014, Train Loss: 0.1757, Train MSE: 0.2787, Train MAE: 0.3519
Epoch: 014, Valid Loss: 0.3351, Valid MSE: 0.3814, Valid MAE: 0.3989
###Update tasks appear###
Test low! Updating! Test MSE: 0.3145, Test MAE: 0.3496, Test low! Updating! Valid Loss: 0.3351, epoch:  14
Epoch: 015, Training Time: 33.7311 secs
Epoch: 015, Validation Time: 4.3656 secs
-----------------------
Epoch: 015, Train Loss: 0.1736, Train MSE: 0.2771, Train MAE: 0.3507
Epoch: 015, Valid Loss: 0.3310, Valid MSE: 0.3812, Valid MAE: 0.3989
###Update tasks appear###
Test low! Updating! Test MSE: 0.3141, Test MAE: 0.3491, Test low! Updating! Valid Loss: 0.3310, epoch:  15
Epoch: 016, Training Time: 33.9227 secs
Epoch: 016, Validation Time: 4.2540 secs
-----------------------
Epoch: 016, Train Loss: 0.1715, Train MSE: 0.2749, Train MAE: 0.3494
Epoch: 016, Valid Loss: 0.3298, Valid MSE: 0.3805, Valid MAE: 0.3984
###Update tasks appear###
Test low! Updating! Test MSE: 0.3133, Test MAE: 0.3484, Test low! Updating! Valid Loss: 0.3298, epoch:  16
Epoch: 017, Training Time: 33.8415 secs
Epoch: 017, Validation Time: 4.3813 secs
-----------------------
Epoch: 017, Train Loss: 0.1698, Train MSE: 0.2737, Train MAE: 0.3485
Epoch: 017, Valid Loss: 0.3274, Valid MSE: 0.3804, Valid MAE: 0.3984
###Update tasks appear###
Test low! Updating! Test MSE: 0.3128, Test MAE: 0.3482, Test low! Updating! Valid Loss: 0.3274, epoch:  17
Epoch: 018, Training Time: 33.9558 secs
Epoch: 018, Validation Time: 4.2161 secs
-----------------------
Epoch: 018, Train Loss: 0.1681, Train MSE: 0.2721, Train MAE: 0.3474
Epoch: 018, Valid Loss: 0.3264, Valid MSE: 0.3802, Valid MAE: 0.3983
###Update tasks appear###
Test low! Updating! Test MSE: 0.3124, Test MAE: 0.3479, Test low! Updating! Valid Loss: 0.3264, epoch:  18
Epoch: 019, Training Time: 34.0658 secs
Epoch: 019, Validation Time: 4.2852 secs
-----------------------
Epoch: 019, Train Loss: 0.1666, Train MSE: 0.2708, Train MAE: 0.3465
Epoch: 019, Valid Loss: 0.3275, Valid MSE: 0.3798, Valid MAE: 0.3981
No update
Epoch: 020, Training Time: 33.9523 secs
Epoch: 020, Validation Time: 4.3399 secs
-----------------------
Epoch: 020, Train Loss: 0.1652, Train MSE: 0.2694, Train MAE: 0.3455
Epoch: 020, Valid Loss: 0.3245, Valid MSE: 0.3795, Valid MAE: 0.3978
###Update tasks appear###
Test low! Updating! Test MSE: 0.3115, Test MAE: 0.3470, Test low! Updating! Valid Loss: 0.3245, epoch:  20
Epoch: 021, Training Time: 34.2672 secs
Epoch: 021, Validation Time: 4.3372 secs
-----------------------
Epoch: 021, Train Loss: 0.1639, Train MSE: 0.2685, Train MAE: 0.3449
Epoch: 021, Valid Loss: 0.3248, Valid MSE: 0.3797, Valid MAE: 0.3981
No update
Epoch: 022, Training Time: 33.8482 secs
Epoch: 022, Validation Time: 4.2059 secs
-----------------------
Epoch: 022, Train Loss: 0.1626, Train MSE: 0.2672, Train MAE: 0.3441
Epoch: 022, Valid Loss: 0.3236, Valid MSE: 0.3795, Valid MAE: 0.3979
###Update tasks appear###
Test low! Updating! Test MSE: 0.3109, Test MAE: 0.3467, Test low! Updating! Valid Loss: 0.3236, epoch:  22
Epoch: 023, Training Time: 34.3094 secs
Epoch: 023, Validation Time: 4.3301 secs
-----------------------
Epoch: 023, Train Loss: 0.1615, Train MSE: 0.2663, Train MAE: 0.3435
Epoch: 023, Valid Loss: 0.3222, Valid MSE: 0.3789, Valid MAE: 0.3976
###Update tasks appear###
Test low! Updating! Test MSE: 0.3105, Test MAE: 0.3462, Test low! Updating! Valid Loss: 0.3222, epoch:  23
Epoch: 024, Training Time: 33.7591 secs
Epoch: 024, Validation Time: 4.3468 secs
-----------------------
Epoch: 024, Train Loss: 0.1603, Train MSE: 0.2649, Train MAE: 0.3426
Epoch: 024, Valid Loss: 0.3225, Valid MSE: 0.3784, Valid MAE: 0.3973
No update
Epoch: 025, Training Time: 33.7499 secs
Epoch: 025, Validation Time: 4.2518 secs
-----------------------
Epoch: 025, Train Loss: 0.1593, Train MSE: 0.2637, Train MAE: 0.3419
Epoch: 025, Valid Loss: 0.3212, Valid MSE: 0.3781, Valid MAE: 0.3973
###Update tasks appear###
Test low! Updating! Test MSE: 0.3104, Test MAE: 0.3464, Test low! Updating! Valid Loss: 0.3212, epoch:  25
Epoch: 026, Training Time: 34.0122 secs
Epoch: 026, Validation Time: 4.3180 secs
-----------------------
Epoch: 026, Train Loss: 0.1582, Train MSE: 0.2626, Train MAE: 0.3411
Epoch: 026, Valid Loss: 0.3209, Valid MSE: 0.3784, Valid MAE: 0.3973
###Update tasks appear###
Test low! Updating! Test MSE: 0.3101, Test MAE: 0.3459, Test low! Updating! Valid Loss: 0.3209, epoch:  26
Epoch: 027, Training Time: 33.6278 secs
Epoch: 027, Validation Time: 4.4129 secs
-----------------------
Epoch: 027, Train Loss: 0.1573, Train MSE: 0.2618, Train MAE: 0.3406
Epoch: 027, Valid Loss: 0.3217, Valid MSE: 0.3780, Valid MAE: 0.3972
No update
Epoch: 028, Training Time: 33.7000 secs
Epoch: 028, Validation Time: 4.2260 secs
-----------------------
Epoch: 028, Train Loss: 0.1564, Train MSE: 0.2610, Train MAE: 0.3401
Epoch: 028, Valid Loss: 0.3218, Valid MSE: 0.3778, Valid MAE: 0.3971
No update
Epoch: 029, Training Time: 34.3343 secs
Epoch: 029, Validation Time: 4.3620 secs
-----------------------
Epoch: 029, Train Loss: 0.1555, Train MSE: 0.2599, Train MAE: 0.3394
Epoch: 029, Valid Loss: 0.3207, Valid MSE: 0.3777, Valid MAE: 0.3971
###Update tasks appear###
Test low! Updating! Test MSE: 0.3095, Test MAE: 0.3456, Test low! Updating! Valid Loss: 0.3207, epoch:  29
Epoch: 030, Training Time: 34.1468 secs
Epoch: 030, Validation Time: 4.2723 secs
-----------------------
Epoch: 030, Train Loss: 0.1547, Train MSE: 0.2591, Train MAE: 0.3389
Epoch: 030, Valid Loss: 0.3205, Valid MSE: 0.3777, Valid MAE: 0.3972
###Update tasks appear###
Test low! Updating! Test MSE: 0.3094, Test MAE: 0.3455, Test low! Updating! Valid Loss: 0.3205, epoch:  30
Epoch: 031, Training Time: 34.1019 secs
Epoch: 031, Validation Time: 4.2154 secs
-----------------------
Epoch: 031, Train Loss: 0.1540, Train MSE: 0.2584, Train MAE: 0.3384
Epoch: 031, Valid Loss: 0.3200, Valid MSE: 0.3777, Valid MAE: 0.3971
###Update tasks appear###
Test low! Updating! Test MSE: 0.3093, Test MAE: 0.3452, Test low! Updating! Valid Loss: 0.3200, epoch:  31
Epoch: 032, Training Time: 33.5997 secs
Epoch: 032, Validation Time: 4.3329 secs
-----------------------
Epoch: 032, Train Loss: 0.1533, Train MSE: 0.2576, Train MAE: 0.3380
Epoch: 032, Valid Loss: 0.3187, Valid MSE: 0.3772, Valid MAE: 0.3968
###Update tasks appear###
Test low! Updating! Test MSE: 0.3091, Test MAE: 0.3450, Test low! Updating! Valid Loss: 0.3187, epoch:  32
Epoch: 033, Training Time: 33.4939 secs
Epoch: 033, Validation Time: 4.3062 secs
-----------------------
Epoch: 033, Train Loss: 0.1526, Train MSE: 0.2567, Train MAE: 0.3374
Epoch: 033, Valid Loss: 0.3190, Valid MSE: 0.3772, Valid MAE: 0.3968
No update
Epoch: 034, Training Time: 33.9453 secs
Epoch: 034, Validation Time: 4.2277 secs
-----------------------
Epoch: 034, Train Loss: 0.1519, Train MSE: 0.2560, Train MAE: 0.3370
Epoch: 034, Valid Loss: 0.3184, Valid MSE: 0.3768, Valid MAE: 0.3966
###Update tasks appear###
Test low! Updating! Test MSE: 0.3087, Test MAE: 0.3448, Test low! Updating! Valid Loss: 0.3184, epoch:  34
Epoch: 035, Training Time: 33.7991 secs
Epoch: 035, Validation Time: 4.3936 secs
-----------------------
Epoch: 035, Train Loss: 0.1512, Train MSE: 0.2551, Train MAE: 0.3363
Epoch: 035, Valid Loss: 0.3189, Valid MSE: 0.3768, Valid MAE: 0.3967
No update
Epoch: 036, Training Time: 33.8257 secs
Epoch: 036, Validation Time: 4.2391 secs
-----------------------
Epoch: 036, Train Loss: 0.1505, Train MSE: 0.2544, Train MAE: 0.3358
Epoch: 036, Valid Loss: 0.3170, Valid MSE: 0.3768, Valid MAE: 0.3965
###Update tasks appear###
No update
Epoch: 037, Training Time: 34.1804 secs
Epoch: 037, Validation Time: 4.3570 secs
-----------------------
Epoch: 037, Train Loss: 0.1499, Train MSE: 0.2536, Train MAE: 0.3354
Epoch: 037, Valid Loss: 0.3181, Valid MSE: 0.3769, Valid MAE: 0.3966
###Update tasks appear###
Test low! Updating! Test MSE: 0.3086, Test MAE: 0.3445, Test low! Updating! Valid Loss: 0.3181, epoch:  37
Epoch: 038, Training Time: 33.8904 secs
Epoch: 038, Validation Time: 4.3931 secs
-----------------------
Epoch: 038, Train Loss: 0.1494, Train MSE: 0.2532, Train MAE: 0.3351
Epoch: 038, Valid Loss: 0.3173, Valid MSE: 0.3766, Valid MAE: 0.3966
###Update tasks appear###
No update
Epoch: 039, Training Time: 33.7717 secs
Epoch: 039, Validation Time: 4.3342 secs
-----------------------
Epoch: 039, Train Loss: 0.1488, Train MSE: 0.2522, Train MAE: 0.3346
Epoch: 039, Valid Loss: 0.3162, Valid MSE: 0.3767, Valid MAE: 0.3964
###Update tasks appear###
Test low! Updating! Test MSE: 0.3081, Test MAE: 0.3441, Test low! Updating! Valid Loss: 0.3162, epoch:  39
Epoch: 040, Training Time: 34.0606 secs
Epoch: 040, Validation Time: 4.2939 secs
-----------------------
Epoch: 040, Train Loss: 0.1481, Train MSE: 0.2514, Train MAE: 0.3341
Epoch: 040, Valid Loss: 0.3171, Valid MSE: 0.3767, Valid MAE: 0.3963
No update
Epoch: 041, Training Time: 34.3324 secs
Epoch: 041, Validation Time: 4.2895 secs
-----------------------
Epoch: 041, Train Loss: 0.1476, Train MSE: 0.2507, Train MAE: 0.3335
Epoch: 041, Valid Loss: 0.3140, Valid MSE: 0.3764, Valid MAE: 0.3963
###Update tasks appear###
No update
Epoch: 042, Training Time: 33.7581 secs
Epoch: 042, Validation Time: 4.2664 secs
-----------------------
Epoch: 042, Train Loss: 0.1471, Train MSE: 0.2499, Train MAE: 0.3331
Epoch: 042, Valid Loss: 0.3140, Valid MSE: 0.3766, Valid MAE: 0.3965
###Update tasks appear###
No update
Epoch: 043, Training Time: 34.1516 secs
Epoch: 043, Validation Time: 4.4010 secs
-----------------------
Epoch: 043, Train Loss: 0.1466, Train MSE: 0.2495, Train MAE: 0.3329
Epoch: 043, Valid Loss: 0.3145, Valid MSE: 0.3762, Valid MAE: 0.3962
###Update tasks appear###
No update
Epoch: 044, Training Time: 33.7653 secs
Epoch: 044, Validation Time: 4.2743 secs
-----------------------
Epoch: 044, Train Loss: 0.1461, Train MSE: 0.2487, Train MAE: 0.3324
Epoch: 044, Valid Loss: 0.3129, Valid MSE: 0.3763, Valid MAE: 0.3963
###Update tasks appear###
Test low! Updating! Test MSE: 0.3081, Test MAE: 0.3438, Test low! Updating! Valid Loss: 0.3129, epoch:  44
Epoch: 045, Training Time: 34.0105 secs
Epoch: 045, Validation Time: 4.3576 secs
-----------------------
Epoch: 045, Train Loss: 0.1456, Train MSE: 0.2478, Train MAE: 0.3318
Epoch: 045, Valid Loss: 0.3130, Valid MSE: 0.3768, Valid MAE: 0.3966
No update
Epoch: 046, Training Time: 33.6977 secs
Epoch: 046, Validation Time: 4.2367 secs
-----------------------
Epoch: 046, Train Loss: 0.1452, Train MSE: 0.2475, Train MAE: 0.3317
Epoch: 046, Valid Loss: 0.3119, Valid MSE: 0.3768, Valid MAE: 0.3965
###Update tasks appear###
No update
Epoch: 047, Training Time: 34.1090 secs
Epoch: 047, Validation Time: 4.3249 secs
-----------------------
Epoch: 047, Train Loss: 0.1447, Train MSE: 0.2468, Train MAE: 0.3313
Epoch: 047, Valid Loss: 0.3102, Valid MSE: 0.3762, Valid MAE: 0.3961
###Update tasks appear###
No update
Epoch: 048, Training Time: 33.8333 secs
Epoch: 048, Validation Time: 4.3778 secs
-----------------------
Epoch: 048, Train Loss: 0.1443, Train MSE: 0.2463, Train MAE: 0.3310
Epoch: 048, Valid Loss: 0.3102, Valid MSE: 0.3767, Valid MAE: 0.3963
###Update tasks appear###
Test low! Updating! Test MSE: 0.3078, Test MAE: 0.3435, Test low! Updating! Valid Loss: 0.3102, epoch:  48
Epoch: 049, Training Time: 33.8758 secs
Epoch: 049, Validation Time: 4.2598 secs
-----------------------
Epoch: 049, Train Loss: 0.1440, Train MSE: 0.2460, Train MAE: 0.3307
Epoch: 049, Valid Loss: 0.3100, Valid MSE: 0.3768, Valid MAE: 0.3964
###Update tasks appear###
No update
Epoch: 050, Training Time: 33.7030 secs
Epoch: 050, Validation Time: 4.3950 secs
-----------------------
Epoch: 050, Train Loss: 0.1436, Train MSE: 0.2452, Train MAE: 0.3302
Epoch: 050, Valid Loss: 0.3108, Valid MSE: 0.3768, Valid MAE: 0.3965
No update
Epoch: 051, Training Time: 33.8542 secs
Epoch: 051, Validation Time: 4.3094 secs
-----------------------
Epoch: 051, Train Loss: 0.1432, Train MSE: 0.2447, Train MAE: 0.3299
Epoch: 051, Valid Loss: 0.3072, Valid MSE: 0.3768, Valid MAE: 0.3964
###Update tasks appear###
No update
Epoch: 052, Training Time: 33.8280 secs
Epoch: 052, Validation Time: 4.3872 secs
-----------------------
Epoch: 052, Train Loss: 0.1428, Train MSE: 0.2440, Train MAE: 0.3295
Epoch: 052, Valid Loss: 0.3088, Valid MSE: 0.3768, Valid MAE: 0.3961
###Update tasks appear###
No update
Epoch: 053, Training Time: 33.7014 secs
Epoch: 053, Validation Time: 4.2625 secs
-----------------------
Epoch: 053, Train Loss: 0.1425, Train MSE: 0.2435, Train MAE: 0.3292
Epoch: 053, Valid Loss: 0.3088, Valid MSE: 0.3771, Valid MAE: 0.3964
###Update tasks appear###
No update
Epoch: 054, Training Time: 34.0051 secs
Epoch: 054, Validation Time: 4.3255 secs
-----------------------
Epoch: 054, Train Loss: 0.1420, Train MSE: 0.2429, Train MAE: 0.3287
Epoch: 054, Valid Loss: 0.3071, Valid MSE: 0.3772, Valid MAE: 0.3966
###Update tasks appear###
No update
Epoch: 055, Training Time: 33.8706 secs
Epoch: 055, Validation Time: 4.3660 secs
-----------------------
Epoch: 055, Train Loss: 0.1417, Train MSE: 0.2425, Train MAE: 0.3286
Epoch: 055, Valid Loss: 0.3061, Valid MSE: 0.3774, Valid MAE: 0.3965
###Update tasks appear###
No update
Epoch: 056, Training Time: 34.2879 secs
Epoch: 056, Validation Time: 4.2985 secs
-----------------------
Epoch: 056, Train Loss: 0.1413, Train MSE: 0.2417, Train MAE: 0.3282
Epoch: 056, Valid Loss: 0.3066, Valid MSE: 0.3773, Valid MAE: 0.3965
###Update tasks appear###
No update
Epoch: 057, Training Time: 34.1792 secs
Epoch: 057, Validation Time: 4.6914 secs
-----------------------
Epoch: 057, Train Loss: 0.1412, Train MSE: 0.2417, Train MAE: 0.3282
Epoch: 057, Valid Loss: 0.3072, Valid MSE: 0.3775, Valid MAE: 0.3965
###Update tasks appear###
No update
Epoch: 058, Training Time: 33.6825 secs
Epoch: 058, Validation Time: 4.3407 secs
-----------------------
Epoch: 058, Train Loss: 0.1407, Train MSE: 0.2407, Train MAE: 0.3275
Epoch: 058, Valid Loss: 0.3061, Valid MSE: 0.3778, Valid MAE: 0.3966
###Update tasks appear###
No update
Epoch: 059, Training Time: 34.0101 secs
Epoch: 059, Validation Time: 4.3205 secs
-----------------------
Epoch: 059, Train Loss: 0.1404, Train MSE: 0.2403, Train MAE: 0.3273
Epoch: 059, Valid Loss: 0.3065, Valid MSE: 0.3782, Valid MAE: 0.3969
###Update tasks appear###
No update
Epoch: 060, Training Time: 34.2069 secs
Epoch: 060, Validation Time: 4.3649 secs
-----------------------
Epoch: 060, Train Loss: 0.1403, Train MSE: 0.2401, Train MAE: 0.3272
Epoch: 060, Valid Loss: 0.3049, Valid MSE: 0.3783, Valid MAE: 0.3968
###Update tasks appear###
No update
Epoch: 061, Training Time: 33.6250 secs
Epoch: 061, Validation Time: 4.3888 secs
-----------------------
Epoch: 061, Train Loss: 0.1399, Train MSE: 0.2395, Train MAE: 0.3268
Epoch: 061, Valid Loss: 0.3052, Valid MSE: 0.3783, Valid MAE: 0.3969
###Update tasks appear###
No update
Epoch: 062, Training Time: 33.6284 secs
Epoch: 062, Validation Time: 4.2721 secs
-----------------------
Epoch: 062, Train Loss: 0.1396, Train MSE: 0.2390, Train MAE: 0.3265
Epoch: 062, Valid Loss: 0.3050, Valid MSE: 0.3782, Valid MAE: 0.3968
###Update tasks appear###
No update
Epoch: 063, Training Time: 33.7005 secs
Epoch: 063, Validation Time: 4.3030 secs
-----------------------
Epoch: 063, Train Loss: 0.1394, Train MSE: 0.2387, Train MAE: 0.3263
Epoch: 063, Valid Loss: 0.3045, Valid MSE: 0.3785, Valid MAE: 0.3969
###Update tasks appear###
No update
Epoch: 064, Training Time: 33.9497 secs
Epoch: 064, Validation Time: 4.2262 secs
-----------------------
Epoch: 064, Train Loss: 0.1391, Train MSE: 0.2383, Train MAE: 0.3261
Epoch: 064, Valid Loss: 0.3049, Valid MSE: 0.3784, Valid MAE: 0.3969
###Update tasks appear###
No update
Epoch: 065, Training Time: 33.7149 secs
Epoch: 065, Validation Time: 4.2420 secs
-----------------------
Epoch: 065, Train Loss: 0.1390, Train MSE: 0.2380, Train MAE: 0.3259
Epoch: 065, Valid Loss: 0.3057, Valid MSE: 0.3789, Valid MAE: 0.3972
###Update tasks appear###
No update
Epoch: 066, Training Time: 33.9172 secs
Epoch: 066, Validation Time: 4.3455 secs
-----------------------
Epoch: 066, Train Loss: 0.1387, Train MSE: 0.2373, Train MAE: 0.3256
Epoch: 066, Valid Loss: 0.3058, Valid MSE: 0.3796, Valid MAE: 0.3975
###Update tasks appear###
No update
Epoch: 067, Training Time: 33.6823 secs
Epoch: 067, Validation Time: 4.3289 secs
-----------------------
Epoch: 067, Train Loss: 0.1386, Train MSE: 0.2374, Train MAE: 0.3255
Epoch: 067, Valid Loss: 0.3047, Valid MSE: 0.3793, Valid MAE: 0.3973
###Update tasks appear###
No update
Epoch: 068, Training Time: 33.9737 secs
Epoch: 068, Validation Time: 4.4191 secs
-----------------------
Epoch: 068, Train Loss: 0.1384, Train MSE: 0.2369, Train MAE: 0.3253
Epoch: 068, Valid Loss: 0.3052, Valid MSE: 0.3796, Valid MAE: 0.3975
###Update tasks appear###
No update
Epoch: 069, Training Time: 33.5894 secs
Epoch: 069, Validation Time: 4.3335 secs
-----------------------
Epoch: 069, Train Loss: 0.1382, Train MSE: 0.2366, Train MAE: 0.3251
Epoch: 069, Valid Loss: 0.3044, Valid MSE: 0.3794, Valid MAE: 0.3975
###Update tasks appear###
No update
Epoch: 070, Training Time: 33.6961 secs
Epoch: 070, Validation Time: 4.3548 secs
-----------------------
Epoch: 070, Train Loss: 0.1380, Train MSE: 0.2361, Train MAE: 0.3247
Epoch: 070, Valid Loss: 0.3043, Valid MSE: 0.3798, Valid MAE: 0.3977
###Update tasks appear###
No update
Epoch: 071, Training Time: 34.0017 secs
Epoch: 071, Validation Time: 4.2947 secs
-----------------------
Epoch: 071, Train Loss: 0.1377, Train MSE: 0.2356, Train MAE: 0.3244
Epoch: 071, Valid Loss: 0.3048, Valid MSE: 0.3798, Valid MAE: 0.3976
###Update tasks appear###
No update
Epoch: 072, Training Time: 34.2662 secs
Epoch: 072, Validation Time: 4.2765 secs
-----------------------
Epoch: 072, Train Loss: 0.1378, Train MSE: 0.2359, Train MAE: 0.3246
Epoch: 072, Valid Loss: 0.3055, Valid MSE: 0.3802, Valid MAE: 0.3978
###Update tasks appear###
No update
Epoch: 073, Training Time: 33.9633 secs
Epoch: 073, Validation Time: 4.2191 secs
-----------------------
Epoch: 073, Train Loss: 0.1376, Train MSE: 0.2355, Train MAE: 0.3245
Epoch: 073, Valid Loss: 0.3047, Valid MSE: 0.3804, Valid MAE: 0.3979
###Update tasks appear###
No update
Epoch: 074, Training Time: 33.8986 secs
Epoch: 074, Validation Time: 4.3285 secs
-----------------------
Epoch: 074, Train Loss: 0.1374, Train MSE: 0.2351, Train MAE: 0.3242
Epoch: 074, Valid Loss: 0.3043, Valid MSE: 0.3806, Valid MAE: 0.3981
###Update tasks appear###
No update
Epoch: 075, Training Time: 33.6402 secs
Epoch: 075, Validation Time: 4.3026 secs
-----------------------
Epoch: 075, Train Loss: 0.1373, Train MSE: 0.2348, Train MAE: 0.3241
Epoch: 075, Valid Loss: 0.3046, Valid MSE: 0.3806, Valid MAE: 0.3981
###Update tasks appear###
No update
Epoch: 076, Training Time: 34.1031 secs
Epoch: 076, Validation Time: 4.2461 secs
-----------------------
Epoch: 076, Train Loss: 0.1372, Train MSE: 0.2346, Train MAE: 0.3240
Epoch: 076, Valid Loss: 0.3055, Valid MSE: 0.3808, Valid MAE: 0.3981
###Update tasks appear###
No update
Epoch: 077, Training Time: 33.7926 secs
Epoch: 077, Validation Time: 4.4058 secs
-----------------------
Epoch: 077, Train Loss: 0.1371, Train MSE: 0.2346, Train MAE: 0.3239
Epoch: 077, Valid Loss: 0.3050, Valid MSE: 0.3814, Valid MAE: 0.3985
###Update tasks appear###
No update
Epoch: 078, Training Time: 33.7001 secs
Epoch: 078, Validation Time: 4.2542 secs
-----------------------
Epoch: 078, Train Loss: 0.1371, Train MSE: 0.2346, Train MAE: 0.3239
Epoch: 078, Valid Loss: 0.3048, Valid MSE: 0.3814, Valid MAE: 0.3986
###Update tasks appear###
No update
Epoch: 079, Training Time: 34.0994 secs
Epoch: 079, Validation Time: 4.2370 secs
-----------------------
Epoch: 079, Train Loss: 0.1368, Train MSE: 0.2340, Train MAE: 0.3236
Epoch: 079, Valid Loss: 0.3049, Valid MSE: 0.3818, Valid MAE: 0.3988
###Update tasks appear###
No update
Epoch: 080, Training Time: 34.1071 secs
Epoch: 080, Validation Time: 4.4062 secs
-----------------------
Epoch: 080, Train Loss: 0.1368, Train MSE: 0.2337, Train MAE: 0.3235
Epoch: 080, Valid Loss: 0.3052, Valid MSE: 0.3823, Valid MAE: 0.3991
###Update tasks appear###
No update
Epoch: 081, Training Time: 33.9828 secs
Epoch: 081, Validation Time: 4.2543 secs
-----------------------
Epoch: 081, Train Loss: 0.1367, Train MSE: 0.2335, Train MAE: 0.3233
Epoch: 081, Valid Loss: 0.3049, Valid MSE: 0.3822, Valid MAE: 0.3990
###Update tasks appear###
No update
Epoch: 082, Training Time: 34.1123 secs
Epoch: 082, Validation Time: 4.2555 secs
-----------------------
Epoch: 082, Train Loss: 0.1367, Train MSE: 0.2335, Train MAE: 0.3234
Epoch: 082, Valid Loss: 0.3050, Valid MSE: 0.3828, Valid MAE: 0.3994
###Update tasks appear###
No update
Epoch: 083, Training Time: 33.9520 secs
Epoch: 083, Validation Time: 4.2154 secs
-----------------------
Epoch: 083, Train Loss: 0.1369, Train MSE: 0.2340, Train MAE: 0.3237
Epoch: 083, Valid Loss: 0.3053, Valid MSE: 0.3833, Valid MAE: 0.3998
###Update tasks appear###
No update
Epoch: 084, Training Time: 33.9765 secs
Epoch: 084, Validation Time: 4.2783 secs
-----------------------
Epoch: 084, Train Loss: 0.1367, Train MSE: 0.2335, Train MAE: 0.3235
Epoch: 084, Valid Loss: 0.3063, Valid MSE: 0.3838, Valid MAE: 0.4002
###Update tasks appear###
No update
Epoch: 085, Training Time: 34.0166 secs
Epoch: 085, Validation Time: 4.3155 secs
-----------------------
Epoch: 085, Train Loss: 0.1368, Train MSE: 0.2336, Train MAE: 0.3236
Epoch: 085, Valid Loss: 0.3059, Valid MSE: 0.3841, Valid MAE: 0.4003
###Update tasks appear###
No update
Epoch: 086, Training Time: 33.8353 secs
Epoch: 086, Validation Time: 4.3846 secs
-----------------------
Epoch: 086, Train Loss: 0.1367, Train MSE: 0.2334, Train MAE: 0.3235
Epoch: 086, Valid Loss: 0.3060, Valid MSE: 0.3844, Valid MAE: 0.4004
###Update tasks appear###
No update
Epoch: 087, Training Time: 34.0972 secs
Epoch: 087, Validation Time: 4.2194 secs
-----------------------
Epoch: 087, Train Loss: 0.1367, Train MSE: 0.2335, Train MAE: 0.3234
Epoch: 087, Valid Loss: 0.3069, Valid MSE: 0.3851, Valid MAE: 0.4010
###Update tasks appear###
No update
Epoch: 088, Training Time: 33.7990 secs
Epoch: 088, Validation Time: 4.2045 secs
-----------------------
Epoch: 088, Train Loss: 0.1367, Train MSE: 0.2335, Train MAE: 0.3235
Epoch: 088, Valid Loss: 0.3071, Valid MSE: 0.3856, Valid MAE: 0.4012
###Update tasks appear###
No update
Epoch: 089, Training Time: 33.6313 secs
Epoch: 089, Validation Time: 4.2418 secs
-----------------------
Epoch: 089, Train Loss: 0.1368, Train MSE: 0.2335, Train MAE: 0.3237
Epoch: 089, Valid Loss: 0.3073, Valid MSE: 0.3865, Valid MAE: 0.4017
###Update tasks appear###
No update
Epoch: 090, Training Time: 33.9642 secs
Epoch: 090, Validation Time: 4.2946 secs
-----------------------
Epoch: 090, Train Loss: 0.1367, Train MSE: 0.2333, Train MAE: 0.3235
Epoch: 090, Valid Loss: 0.3081, Valid MSE: 0.3873, Valid MAE: 0.4022
###Update tasks appear###
No update
Epoch: 091, Training Time: 33.8140 secs
Epoch: 091, Validation Time: 4.3327 secs
-----------------------
Epoch: 091, Train Loss: 0.1368, Train MSE: 0.2335, Train MAE: 0.3236
Epoch: 091, Valid Loss: 0.3089, Valid MSE: 0.3881, Valid MAE: 0.4026
###Update tasks appear###
No update
Epoch: 092, Training Time: 33.8580 secs
Epoch: 092, Validation Time: 4.2532 secs
-----------------------
Epoch: 092, Train Loss: 0.1367, Train MSE: 0.2333, Train MAE: 0.3234
Epoch: 092, Valid Loss: 0.3091, Valid MSE: 0.3890, Valid MAE: 0.4031
###Update tasks appear###
No update
Epoch: 093, Training Time: 33.6989 secs
Epoch: 093, Validation Time: 4.2675 secs
-----------------------
Epoch: 093, Train Loss: 0.1367, Train MSE: 0.2333, Train MAE: 0.3236
Epoch: 093, Valid Loss: 0.3092, Valid MSE: 0.3898, Valid MAE: 0.4035
###Update tasks appear###
No update
Epoch: 094, Training Time: 33.7370 secs
Epoch: 094, Validation Time: 4.3175 secs
-----------------------
Epoch: 094, Train Loss: 0.1366, Train MSE: 0.2332, Train MAE: 0.3234
Epoch: 094, Valid Loss: 0.3092, Valid MSE: 0.3905, Valid MAE: 0.4038
###Update tasks appear###
No update
Epoch: 095, Training Time: 34.3181 secs
Epoch: 095, Validation Time: 4.3704 secs
-----------------------
Epoch: 095, Train Loss: 0.1366, Train MSE: 0.2330, Train MAE: 0.3234
Epoch: 095, Valid Loss: 0.3092, Valid MSE: 0.3913, Valid MAE: 0.4043
###Update tasks appear###
No update
Epoch: 096, Training Time: 34.2602 secs
Epoch: 096, Validation Time: 4.2604 secs
-----------------------
Epoch: 096, Train Loss: 0.1366, Train MSE: 0.2331, Train MAE: 0.3234
Epoch: 096, Valid Loss: 0.3090, Valid MSE: 0.3919, Valid MAE: 0.4046
###Update tasks appear###
No update
Epoch: 097, Training Time: 34.1094 secs
Epoch: 097, Validation Time: 4.2829 secs
-----------------------
Epoch: 097, Train Loss: 0.1367, Train MSE: 0.2332, Train MAE: 0.3235
Epoch: 097, Valid Loss: 0.3088, Valid MSE: 0.3923, Valid MAE: 0.4048
###Update tasks appear###
No update
Epoch: 098, Training Time: 33.9286 secs
Epoch: 098, Validation Time: 4.3282 secs
-----------------------
Epoch: 098, Train Loss: 0.1365, Train MSE: 0.2330, Train MAE: 0.3232
Epoch: 098, Valid Loss: 0.3087, Valid MSE: 0.3926, Valid MAE: 0.4049
###Update tasks appear###
No update
Average Training Time: 33.8300 secs/epoch
Average Validation Time: 4.3121 secs
Training ends
The epoch of the best result： 48
The valid loss of the best model 0.3102
Test time (total): 26.6257 seconds
On average horizons, Test MSE: 0.3078, Test MAE: 0.3435
Average Testing Time: nan secs
Total time spent: 5823.4096
