Namespace(att_w=0.01, batch_size=16, channel=64, d_llm=768, data_path='ETTm1', device='cuda:0', dropout_n=0.5, e_layer=2, epochs=100, es_patience=50, fcst_w=1, feature_w=0.01, head=4, lrate=0.0001, model_name='gpt2', num_nodes=7, num_workers=10, pred_len=24, recon_w=0.5, save='./logs/2025-10-09-12:43:32-', seed=6666, seq_len=96, weight_decay=0.001)
The number of trainable parameters: 1711792
The number of parameters: 1711792
Dual(
  (normalize_layers): Normalize()
  (length_to_feature): Linear(in_features=96, out_features=64, bias=True)
  (token_to_feature): Linear(in_features=768, out_features=64, bias=True)
  (ts_encoder): Encoder(
    (attn_layers): ModuleList(
      (0-1): 2 x EncoderLayer(
        (attention): AttentionLayer(
          (inner_attention): FullAttention(
            (dropout): Dropout(p=0.5, inplace=False)
          )
          (query_projection): Linear(in_features=64, out_features=64, bias=True)
          (key_projection): Linear(in_features=64, out_features=64, bias=True)
          (value_projection): Linear(in_features=64, out_features=64, bias=True)
          (out_projection): Linear(in_features=64, out_features=64, bias=True)
        )
        (conv1): Conv1d(64, 3072, kernel_size=(1,), stride=(1,))
        (conv2): Conv1d(3072, 64, kernel_size=(1,), stride=(1,))
        (norm1): LayerNorm((64,), eps=1e-05, elementwise_affine=True)
        (norm2): LayerNorm((64,), eps=1e-05, elementwise_affine=True)
        (dropout): Dropout(p=0.5, inplace=False)
      )
    )
    (norm): LayerNorm((64,), eps=1e-05, elementwise_affine=True)
  )
  (prompt_encoder): Encoder(
    (attn_layers): ModuleList(
      (0-1): 2 x EncoderLayer(
        (attention): AttentionLayer(
          (inner_attention): FullAttention(
            (dropout): Dropout(p=0.5, inplace=False)
          )
          (query_projection): Linear(in_features=64, out_features=64, bias=True)
          (key_projection): Linear(in_features=64, out_features=64, bias=True)
          (value_projection): Linear(in_features=64, out_features=64, bias=True)
          (out_projection): Linear(in_features=64, out_features=64, bias=True)
        )
        (conv1): Conv1d(64, 3072, kernel_size=(1,), stride=(1,))
        (conv2): Conv1d(3072, 64, kernel_size=(1,), stride=(1,))
        (norm1): LayerNorm((64,), eps=1e-05, elementwise_affine=True)
        (norm2): LayerNorm((64,), eps=1e-05, elementwise_affine=True)
        (dropout): Dropout(p=0.5, inplace=False)
      )
    )
    (norm): LayerNorm((64,), eps=1e-05, elementwise_affine=True)
  )
  (ts_proj): Linear(in_features=64, out_features=24, bias=True)
  (prompt_proj): Linear(in_features=64, out_features=24, bias=True)
)
Start training...
Epoch: 001, Training Time: 33.7352 secs
Epoch: 001, Validation Time: 4.2263 secs
-----------------------
Epoch: 001, Train Loss: 0.2513, Train MSE: 0.2672, Train MAE: 0.3505
Epoch: 001, Valid Loss: 0.3527, Valid MSE: 0.2712, Valid MAE: 0.3470
###Update tasks appear###
Updating! Valid Loss:0.3527, epoch:  1
Epoch: 002, Training Time: 33.7037 secs
Epoch: 002, Validation Time: 4.3421 secs
-----------------------
Epoch: 002, Train Loss: 0.1909, Train MSE: 0.2315, Train MAE: 0.3199
Epoch: 002, Valid Loss: 0.3300, Valid MSE: 0.2692, Valid MAE: 0.3464
###Update tasks appear###
Updating! Valid Loss:0.3300, epoch:  2
Epoch: 003, Training Time: 33.5480 secs
Epoch: 003, Validation Time: 4.3213 secs
-----------------------
Epoch: 003, Train Loss: 0.1702, Train MSE: 0.2196, Train MAE: 0.3102
Epoch: 003, Valid Loss: 0.3075, Valid MSE: 0.2612, Valid MAE: 0.3395
###Update tasks appear###
Updating! Valid Loss:0.3075, epoch:  3
Epoch: 004, Training Time: 33.9141 secs
Epoch: 004, Validation Time: 4.2282 secs
-----------------------
Epoch: 004, Train Loss: 0.1579, Train MSE: 0.2117, Train MAE: 0.3037
Epoch: 004, Valid Loss: 0.2922, Valid MSE: 0.2593, Valid MAE: 0.3382
###Update tasks appear###
Updating! Valid Loss:0.2922, epoch:  4
Epoch: 005, Training Time: 33.3927 secs
Epoch: 005, Validation Time: 4.4089 secs
-----------------------
Epoch: 005, Train Loss: 0.1488, Train MSE: 0.2049, Train MAE: 0.2984
Epoch: 005, Valid Loss: 0.2767, Valid MSE: 0.2544, Valid MAE: 0.3342
###Update tasks appear###
Updating! Valid Loss:0.2767, epoch:  5
Epoch: 006, Training Time: 33.5826 secs
Epoch: 006, Validation Time: 4.5707 secs
-----------------------
Epoch: 006, Train Loss: 0.1418, Train MSE: 0.1998, Train MAE: 0.2944
Epoch: 006, Valid Loss: 0.2656, Valid MSE: 0.2501, Valid MAE: 0.3308
###Update tasks appear###
Updating! Valid Loss:0.2656, epoch:  6
Epoch: 007, Training Time: 33.5764 secs
Epoch: 007, Validation Time: 4.4004 secs
-----------------------
Epoch: 007, Train Loss: 0.1359, Train MSE: 0.1951, Train MAE: 0.2905
Epoch: 007, Valid Loss: 0.2577, Valid MSE: 0.2477, Valid MAE: 0.3285
###Update tasks appear###
Updating! Valid Loss:0.2577, epoch:  7
Epoch: 008, Training Time: 33.6898 secs
Epoch: 008, Validation Time: 4.5470 secs
-----------------------
Epoch: 008, Train Loss: 0.1312, Train MSE: 0.1911, Train MAE: 0.2872
Epoch: 008, Valid Loss: 0.2517, Valid MSE: 0.2432, Valid MAE: 0.3241
###Update tasks appear###
Updating! Valid Loss:0.2517, epoch:  8
Epoch: 009, Training Time: 33.7295 secs
Epoch: 009, Validation Time: 4.2898 secs
-----------------------
Epoch: 009, Train Loss: 0.1270, Train MSE: 0.1875, Train MAE: 0.2843
Epoch: 009, Valid Loss: 0.2481, Valid MSE: 0.2409, Valid MAE: 0.3223
###Update tasks appear###
Updating! Valid Loss:0.2481, epoch:  9
Epoch: 010, Training Time: 33.8896 secs
Epoch: 010, Validation Time: 4.3823 secs
-----------------------
Epoch: 010, Train Loss: 0.1235, Train MSE: 0.1840, Train MAE: 0.2812
Epoch: 010, Valid Loss: 0.2452, Valid MSE: 0.2381, Valid MAE: 0.3197
###Update tasks appear###
Updating! Valid Loss:0.2452, epoch:  10
Epoch: 011, Training Time: 33.5303 secs
Epoch: 011, Validation Time: 4.2946 secs
-----------------------
Epoch: 011, Train Loss: 0.1205, Train MSE: 0.1816, Train MAE: 0.2790
Epoch: 011, Valid Loss: 0.2431, Valid MSE: 0.2357, Valid MAE: 0.3176
###Update tasks appear###
Test low! Updating! Test MSE: 0.2301, Test MAE: 0.3021, Test low! Updating! Valid Loss: 0.2431, epoch:  11
Epoch: 012, Training Time: 34.4133 secs
Epoch: 012, Validation Time: 4.2645 secs
-----------------------
Epoch: 012, Train Loss: 0.1177, Train MSE: 0.1790, Train MAE: 0.2767
Epoch: 012, Valid Loss: 0.2411, Valid MSE: 0.2351, Valid MAE: 0.3172
###Update tasks appear###
Test low! Updating! Test MSE: 0.2290, Test MAE: 0.3012, Test low! Updating! Valid Loss: 0.2411, epoch:  12
Epoch: 013, Training Time: 34.3573 secs
Epoch: 013, Validation Time: 4.6453 secs
-----------------------
Epoch: 013, Train Loss: 0.1153, Train MSE: 0.1769, Train MAE: 0.2748
Epoch: 013, Valid Loss: 0.2396, Valid MSE: 0.2338, Valid MAE: 0.3156
###Update tasks appear###
Test low! Updating! Test MSE: 0.2280, Test MAE: 0.2995, Test low! Updating! Valid Loss: 0.2396, epoch:  13
Epoch: 014, Training Time: 34.5837 secs
Epoch: 014, Validation Time: 4.3529 secs
-----------------------
Epoch: 014, Train Loss: 0.1133, Train MSE: 0.1749, Train MAE: 0.2731
Epoch: 014, Valid Loss: 0.2384, Valid MSE: 0.2324, Valid MAE: 0.3144
###Update tasks appear###
Test low! Updating! Test MSE: 0.2255, Test MAE: 0.2975, Test low! Updating! Valid Loss: 0.2384, epoch:  14
Epoch: 015, Training Time: 34.3663 secs
Epoch: 015, Validation Time: 4.3123 secs
-----------------------
Epoch: 015, Train Loss: 0.1115, Train MSE: 0.1732, Train MAE: 0.2714
Epoch: 015, Valid Loss: 0.2372, Valid MSE: 0.2318, Valid MAE: 0.3137
###Update tasks appear###
Test low! Updating! Test MSE: 0.2248, Test MAE: 0.2968, Test low! Updating! Valid Loss: 0.2372, epoch:  15
Epoch: 016, Training Time: 34.3330 secs
Epoch: 016, Validation Time: 4.4264 secs
-----------------------
Epoch: 016, Train Loss: 0.1096, Train MSE: 0.1712, Train MAE: 0.2697
Epoch: 016, Valid Loss: 0.2365, Valid MSE: 0.2313, Valid MAE: 0.3129
###Update tasks appear###
Test low! Updating! Test MSE: 0.2234, Test MAE: 0.2952, Test low! Updating! Valid Loss: 0.2365, epoch:  16
Epoch: 017, Training Time: 34.5449 secs
Epoch: 017, Validation Time: 4.4891 secs
-----------------------
Epoch: 017, Train Loss: 0.1078, Train MSE: 0.1695, Train MAE: 0.2683
Epoch: 017, Valid Loss: 0.2331, Valid MSE: 0.2307, Valid MAE: 0.3125
###Update tasks appear###
Test low! Updating! Test MSE: 0.2223, Test MAE: 0.2943, Test low! Updating! Valid Loss: 0.2331, epoch:  17
Epoch: 018, Training Time: 34.3537 secs
Epoch: 018, Validation Time: 4.4945 secs
-----------------------
Epoch: 018, Train Loss: 0.1066, Train MSE: 0.1682, Train MAE: 0.2667
Epoch: 018, Valid Loss: 0.2342, Valid MSE: 0.2298, Valid MAE: 0.3118
No update
Epoch: 019, Training Time: 34.6684 secs
Epoch: 019, Validation Time: 4.3503 secs
-----------------------
Epoch: 019, Train Loss: 0.1053, Train MSE: 0.1670, Train MAE: 0.2659
Epoch: 019, Valid Loss: 0.2329, Valid MSE: 0.2302, Valid MAE: 0.3119
###Update tasks appear###
No update
Epoch: 020, Training Time: 34.6393 secs
Epoch: 020, Validation Time: 4.5861 secs
-----------------------
Epoch: 020, Train Loss: 0.1039, Train MSE: 0.1657, Train MAE: 0.2646
Epoch: 020, Valid Loss: 0.2310, Valid MSE: 0.2292, Valid MAE: 0.3116
###Update tasks appear###
Test low! Updating! Test MSE: 0.2217, Test MAE: 0.2933, Test low! Updating! Valid Loss: 0.2310, epoch:  20
Epoch: 021, Training Time: 34.5070 secs
Epoch: 021, Validation Time: 4.5551 secs
-----------------------
Epoch: 021, Train Loss: 0.1027, Train MSE: 0.1644, Train MAE: 0.2637
Epoch: 021, Valid Loss: 0.2297, Valid MSE: 0.2289, Valid MAE: 0.3112
###Update tasks appear###
Test low! Updating! Test MSE: 0.2216, Test MAE: 0.2930, Test low! Updating! Valid Loss: 0.2297, epoch:  21
Epoch: 022, Training Time: 34.6384 secs
Epoch: 022, Validation Time: 4.6128 secs
-----------------------
Epoch: 022, Train Loss: 0.1018, Train MSE: 0.1632, Train MAE: 0.2628
Epoch: 022, Valid Loss: 0.2258, Valid MSE: 0.2285, Valid MAE: 0.3107
###Update tasks appear###
Test low! Updating! Test MSE: 0.2207, Test MAE: 0.2921, Test low! Updating! Valid Loss: 0.2258, epoch:  22
Epoch: 023, Training Time: 34.6292 secs
Epoch: 023, Validation Time: 4.3652 secs
-----------------------
Epoch: 023, Train Loss: 0.1006, Train MSE: 0.1619, Train MAE: 0.2616
Epoch: 023, Valid Loss: 0.2247, Valid MSE: 0.2274, Valid MAE: 0.3096
###Update tasks appear###
Test low! Updating! Test MSE: 0.2203, Test MAE: 0.2914, Test low! Updating! Valid Loss: 0.2247, epoch:  23
Epoch: 024, Training Time: 34.5983 secs
Epoch: 024, Validation Time: 4.4056 secs
-----------------------
Epoch: 024, Train Loss: 0.0996, Train MSE: 0.1610, Train MAE: 0.2607
Epoch: 024, Valid Loss: 0.2273, Valid MSE: 0.2279, Valid MAE: 0.3100
No update
Epoch: 025, Training Time: 35.0258 secs
Epoch: 025, Validation Time: 4.3561 secs
-----------------------
Epoch: 025, Train Loss: 0.0990, Train MSE: 0.1606, Train MAE: 0.2603
Epoch: 025, Valid Loss: 0.2237, Valid MSE: 0.2276, Valid MAE: 0.3098
###Update tasks appear###
Test low! Updating! Test MSE: 0.2188, Test MAE: 0.2905, Test low! Updating! Valid Loss: 0.2237, epoch:  25
Epoch: 026, Training Time: 34.6314 secs
Epoch: 026, Validation Time: 4.5792 secs
-----------------------
Epoch: 026, Train Loss: 0.0978, Train MSE: 0.1588, Train MAE: 0.2590
Epoch: 026, Valid Loss: 0.2256, Valid MSE: 0.2268, Valid MAE: 0.3091
No update
Epoch: 027, Training Time: 34.5197 secs
Epoch: 027, Validation Time: 4.3581 secs
-----------------------
Epoch: 027, Train Loss: 0.0971, Train MSE: 0.1580, Train MAE: 0.2583
Epoch: 027, Valid Loss: 0.2251, Valid MSE: 0.2277, Valid MAE: 0.3096
No update
Epoch: 028, Training Time: 34.7016 secs
Epoch: 028, Validation Time: 4.3712 secs
-----------------------
Epoch: 028, Train Loss: 0.0964, Train MSE: 0.1574, Train MAE: 0.2577
Epoch: 028, Valid Loss: 0.2254, Valid MSE: 0.2265, Valid MAE: 0.3086
No update
Epoch: 029, Training Time: 34.6776 secs
Epoch: 029, Validation Time: 4.4500 secs
-----------------------
Epoch: 029, Train Loss: 0.0956, Train MSE: 0.1562, Train MAE: 0.2567
Epoch: 029, Valid Loss: 0.2233, Valid MSE: 0.2257, Valid MAE: 0.3078
###Update tasks appear###
Test low! Updating! Test MSE: 0.2182, Test MAE: 0.2896, Test low! Updating! Valid Loss: 0.2233, epoch:  29
Epoch: 030, Training Time: 34.6760 secs
Epoch: 030, Validation Time: 4.6386 secs
-----------------------
Epoch: 030, Train Loss: 0.0948, Train MSE: 0.1551, Train MAE: 0.2560
Epoch: 030, Valid Loss: 0.2233, Valid MSE: 0.2253, Valid MAE: 0.3078
###Update tasks appear###
Test low! Updating! Test MSE: 0.2167, Test MAE: 0.2886, Test low! Updating! Valid Loss: 0.2233, epoch:  30
Epoch: 031, Training Time: 34.6630 secs
Epoch: 031, Validation Time: 4.6154 secs
-----------------------
Epoch: 031, Train Loss: 0.0942, Train MSE: 0.1546, Train MAE: 0.2554
Epoch: 031, Valid Loss: 0.2223, Valid MSE: 0.2261, Valid MAE: 0.3085
###Update tasks appear###
No update
Epoch: 032, Training Time: 34.8849 secs
Epoch: 032, Validation Time: 4.2920 secs
-----------------------
Epoch: 032, Train Loss: 0.0934, Train MSE: 0.1535, Train MAE: 0.2546
Epoch: 032, Valid Loss: 0.2238, Valid MSE: 0.2266, Valid MAE: 0.3086
No update
Epoch: 033, Training Time: 34.6679 secs
Epoch: 033, Validation Time: 4.6278 secs
-----------------------
Epoch: 033, Train Loss: 0.0929, Train MSE: 0.1531, Train MAE: 0.2541
Epoch: 033, Valid Loss: 0.2253, Valid MSE: 0.2264, Valid MAE: 0.3080
No update
Epoch: 034, Training Time: 34.6132 secs
Epoch: 034, Validation Time: 4.3991 secs
-----------------------
Epoch: 034, Train Loss: 0.0921, Train MSE: 0.1516, Train MAE: 0.2533
Epoch: 034, Valid Loss: 0.2234, Valid MSE: 0.2253, Valid MAE: 0.3073
No update
Epoch: 035, Training Time: 35.0301 secs
Epoch: 035, Validation Time: 4.4528 secs
-----------------------
Epoch: 035, Train Loss: 0.0918, Train MSE: 0.1515, Train MAE: 0.2530
Epoch: 035, Valid Loss: 0.2210, Valid MSE: 0.2251, Valid MAE: 0.3070
###Update tasks appear###
Test low! Updating! Test MSE: 0.2155, Test MAE: 0.2869, Test low! Updating! Valid Loss: 0.2210, epoch:  35
Epoch: 036, Training Time: 34.8743 secs
Epoch: 036, Validation Time: 4.5026 secs
-----------------------
Epoch: 036, Train Loss: 0.0913, Train MSE: 0.1508, Train MAE: 0.2524
Epoch: 036, Valid Loss: 0.2219, Valid MSE: 0.2248, Valid MAE: 0.3070
No update
Epoch: 037, Training Time: 34.6619 secs
Epoch: 037, Validation Time: 4.4105 secs
-----------------------
Epoch: 037, Train Loss: 0.0906, Train MSE: 0.1497, Train MAE: 0.2518
Epoch: 037, Valid Loss: 0.2224, Valid MSE: 0.2251, Valid MAE: 0.3071
No update
Epoch: 038, Training Time: 34.7609 secs
Epoch: 038, Validation Time: 4.3990 secs
-----------------------
Epoch: 038, Train Loss: 0.0900, Train MSE: 0.1488, Train MAE: 0.2509
Epoch: 038, Valid Loss: 0.2225, Valid MSE: 0.2234, Valid MAE: 0.3054
No update
Epoch: 039, Training Time: 34.8556 secs
Epoch: 039, Validation Time: 4.4519 secs
-----------------------
Epoch: 039, Train Loss: 0.0896, Train MSE: 0.1485, Train MAE: 0.2508
Epoch: 039, Valid Loss: 0.2234, Valid MSE: 0.2246, Valid MAE: 0.3063
No update
Epoch: 040, Training Time: 34.5486 secs
Epoch: 040, Validation Time: 4.5051 secs
-----------------------
Epoch: 040, Train Loss: 0.0891, Train MSE: 0.1474, Train MAE: 0.2500
Epoch: 040, Valid Loss: 0.2215, Valid MSE: 0.2248, Valid MAE: 0.3066
No update
Epoch: 041, Training Time: 34.9467 secs
Epoch: 041, Validation Time: 4.3307 secs
-----------------------
Epoch: 041, Train Loss: 0.0886, Train MSE: 0.1467, Train MAE: 0.2494
Epoch: 041, Valid Loss: 0.2221, Valid MSE: 0.2250, Valid MAE: 0.3067
No update
Epoch: 042, Training Time: 34.7249 secs
Epoch: 042, Validation Time: 4.3712 secs
-----------------------
Epoch: 042, Train Loss: 0.0882, Train MSE: 0.1464, Train MAE: 0.2491
Epoch: 042, Valid Loss: 0.2208, Valid MSE: 0.2244, Valid MAE: 0.3059
###Update tasks appear###
Test low! Updating! Test MSE: 0.2137, Test MAE: 0.2853, Test low! Updating! Valid Loss: 0.2208, epoch:  42
Epoch: 043, Training Time: 34.9960 secs
Epoch: 043, Validation Time: 4.3978 secs
-----------------------
Epoch: 043, Train Loss: 0.0879, Train MSE: 0.1459, Train MAE: 0.2486
Epoch: 043, Valid Loss: 0.2245, Valid MSE: 0.2235, Valid MAE: 0.3052
No update
Epoch: 044, Training Time: 35.1466 secs
Epoch: 044, Validation Time: 4.4639 secs
-----------------------
Epoch: 044, Train Loss: 0.0874, Train MSE: 0.1450, Train MAE: 0.2482
Epoch: 044, Valid Loss: 0.2221, Valid MSE: 0.2244, Valid MAE: 0.3055
No update
Epoch: 045, Training Time: 34.5439 secs
Epoch: 045, Validation Time: 4.5605 secs
-----------------------
Epoch: 045, Train Loss: 0.0868, Train MSE: 0.1439, Train MAE: 0.2474
Epoch: 045, Valid Loss: 0.2234, Valid MSE: 0.2239, Valid MAE: 0.3050
No update
Epoch: 046, Training Time: 35.1750 secs
Epoch: 046, Validation Time: 4.4911 secs
-----------------------
Epoch: 046, Train Loss: 0.0865, Train MSE: 0.1436, Train MAE: 0.2471
Epoch: 046, Valid Loss: 0.2245, Valid MSE: 0.2243, Valid MAE: 0.3053
No update
Epoch: 047, Training Time: 35.1361 secs
Epoch: 047, Validation Time: 4.3744 secs
-----------------------
Epoch: 047, Train Loss: 0.0863, Train MSE: 0.1434, Train MAE: 0.2469
Epoch: 047, Valid Loss: 0.2252, Valid MSE: 0.2238, Valid MAE: 0.3045
No update
Epoch: 048, Training Time: 34.9080 secs
Epoch: 048, Validation Time: 4.3558 secs
-----------------------
Epoch: 048, Train Loss: 0.0858, Train MSE: 0.1426, Train MAE: 0.2463
Epoch: 048, Valid Loss: 0.2217, Valid MSE: 0.2245, Valid MAE: 0.3047
No update
Epoch: 049, Training Time: 34.7556 secs
Epoch: 049, Validation Time: 4.6135 secs
-----------------------
Epoch: 049, Train Loss: 0.0855, Train MSE: 0.1422, Train MAE: 0.2460
Epoch: 049, Valid Loss: 0.2233, Valid MSE: 0.2237, Valid MAE: 0.3043
No update
Epoch: 050, Training Time: 34.7683 secs
Epoch: 050, Validation Time: 4.4071 secs
-----------------------
Epoch: 050, Train Loss: 0.0850, Train MSE: 0.1411, Train MAE: 0.2454
Epoch: 050, Valid Loss: 0.2211, Valid MSE: 0.2228, Valid MAE: 0.3036
No update
Epoch: 051, Training Time: 34.9624 secs
Epoch: 051, Validation Time: 4.3609 secs
-----------------------
Epoch: 051, Train Loss: 0.0848, Train MSE: 0.1409, Train MAE: 0.2452
Epoch: 051, Valid Loss: 0.2227, Valid MSE: 0.2241, Valid MAE: 0.3042
No update
Epoch: 052, Training Time: 34.7168 secs
Epoch: 052, Validation Time: 4.4385 secs
-----------------------
Epoch: 052, Train Loss: 0.0844, Train MSE: 0.1401, Train MAE: 0.2446
Epoch: 052, Valid Loss: 0.2245, Valid MSE: 0.2233, Valid MAE: 0.3035
No update
Epoch: 053, Training Time: 34.5696 secs
Epoch: 053, Validation Time: 4.4417 secs
-----------------------
Epoch: 053, Train Loss: 0.0841, Train MSE: 0.1398, Train MAE: 0.2444
Epoch: 053, Valid Loss: 0.2224, Valid MSE: 0.2246, Valid MAE: 0.3040
No update
Epoch: 054, Training Time: 34.7921 secs
Epoch: 054, Validation Time: 4.3795 secs
-----------------------
Epoch: 054, Train Loss: 0.0839, Train MSE: 0.1395, Train MAE: 0.2440
Epoch: 054, Valid Loss: 0.2259, Valid MSE: 0.2233, Valid MAE: 0.3030
No update
Epoch: 055, Training Time: 34.9098 secs
Epoch: 055, Validation Time: 4.4018 secs
-----------------------
Epoch: 055, Train Loss: 0.0835, Train MSE: 0.1387, Train MAE: 0.2435
Epoch: 055, Valid Loss: 0.2236, Valid MSE: 0.2243, Valid MAE: 0.3034
No update
Epoch: 056, Training Time: 34.8954 secs
Epoch: 056, Validation Time: 4.4019 secs
-----------------------
Epoch: 056, Train Loss: 0.0833, Train MSE: 0.1383, Train MAE: 0.2433
Epoch: 056, Valid Loss: 0.2214, Valid MSE: 0.2249, Valid MAE: 0.3038
No update
Epoch: 057, Training Time: 34.7444 secs
Epoch: 057, Validation Time: 4.3335 secs
-----------------------
Epoch: 057, Train Loss: 0.0831, Train MSE: 0.1381, Train MAE: 0.2431
Epoch: 057, Valid Loss: 0.2240, Valid MSE: 0.2243, Valid MAE: 0.3033
No update
Epoch: 058, Training Time: 34.5525 secs
Epoch: 058, Validation Time: 4.3447 secs
-----------------------
Epoch: 058, Train Loss: 0.0827, Train MSE: 0.1374, Train MAE: 0.2426
Epoch: 058, Valid Loss: 0.2243, Valid MSE: 0.2249, Valid MAE: 0.3039
No update
Epoch: 059, Training Time: 34.8199 secs
Epoch: 059, Validation Time: 4.3401 secs
-----------------------
Epoch: 059, Train Loss: 0.0825, Train MSE: 0.1369, Train MAE: 0.2422
Epoch: 059, Valid Loss: 0.2257, Valid MSE: 0.2248, Valid MAE: 0.3034
No update
Epoch: 060, Training Time: 34.6745 secs
Epoch: 060, Validation Time: 4.4619 secs
-----------------------
Epoch: 060, Train Loss: 0.0824, Train MSE: 0.1368, Train MAE: 0.2422
Epoch: 060, Valid Loss: 0.2283, Valid MSE: 0.2242, Valid MAE: 0.3028
No update
Epoch: 061, Training Time: 34.5056 secs
Epoch: 061, Validation Time: 4.4447 secs
-----------------------
Epoch: 061, Train Loss: 0.0819, Train MSE: 0.1361, Train MAE: 0.2417
Epoch: 061, Valid Loss: 0.2248, Valid MSE: 0.2249, Valid MAE: 0.3030
No update
Epoch: 062, Training Time: 34.6961 secs
Epoch: 062, Validation Time: 4.2735 secs
-----------------------
Epoch: 062, Train Loss: 0.0817, Train MSE: 0.1355, Train MAE: 0.2413
Epoch: 062, Valid Loss: 0.2266, Valid MSE: 0.2257, Valid MAE: 0.3030
No update
Epoch: 063, Training Time: 34.5592 secs
Epoch: 063, Validation Time: 4.2372 secs
-----------------------
Epoch: 063, Train Loss: 0.0815, Train MSE: 0.1351, Train MAE: 0.2409
Epoch: 063, Valid Loss: 0.2257, Valid MSE: 0.2252, Valid MAE: 0.3029
No update
Epoch: 064, Training Time: 34.6644 secs
Epoch: 064, Validation Time: 4.3554 secs
-----------------------
Epoch: 064, Train Loss: 0.0814, Train MSE: 0.1351, Train MAE: 0.2410
Epoch: 064, Valid Loss: 0.2273, Valid MSE: 0.2270, Valid MAE: 0.3036
No update
Epoch: 065, Training Time: 34.4199 secs
Epoch: 065, Validation Time: 4.3353 secs
-----------------------
Epoch: 065, Train Loss: 0.0811, Train MSE: 0.1346, Train MAE: 0.2406
Epoch: 065, Valid Loss: 0.2270, Valid MSE: 0.2271, Valid MAE: 0.3033
No update
Epoch: 066, Training Time: 34.6393 secs
Epoch: 066, Validation Time: 4.3254 secs
-----------------------
Epoch: 066, Train Loss: 0.0811, Train MSE: 0.1346, Train MAE: 0.2405
Epoch: 066, Valid Loss: 0.2263, Valid MSE: 0.2265, Valid MAE: 0.3027
No update
Epoch: 067, Training Time: 34.4980 secs
Epoch: 067, Validation Time: 4.4899 secs
-----------------------
Epoch: 067, Train Loss: 0.0808, Train MSE: 0.1340, Train MAE: 0.2400
Epoch: 067, Valid Loss: 0.2251, Valid MSE: 0.2259, Valid MAE: 0.3023
No update
Epoch: 068, Training Time: 34.6974 secs
Epoch: 068, Validation Time: 4.4541 secs
-----------------------
Epoch: 068, Train Loss: 0.0807, Train MSE: 0.1337, Train MAE: 0.2398
Epoch: 068, Valid Loss: 0.2267, Valid MSE: 0.2263, Valid MAE: 0.3023
No update
Epoch: 069, Training Time: 34.6534 secs
Epoch: 069, Validation Time: 4.3324 secs
-----------------------
Epoch: 069, Train Loss: 0.0804, Train MSE: 0.1334, Train MAE: 0.2396
Epoch: 069, Valid Loss: 0.2259, Valid MSE: 0.2266, Valid MAE: 0.3022
No update
Epoch: 070, Training Time: 34.7326 secs
Epoch: 070, Validation Time: 4.3484 secs
-----------------------
Epoch: 070, Train Loss: 0.0803, Train MSE: 0.1330, Train MAE: 0.2394
Epoch: 070, Valid Loss: 0.2268, Valid MSE: 0.2275, Valid MAE: 0.3025
No update
Epoch: 071, Training Time: 34.5573 secs
Epoch: 071, Validation Time: 4.2281 secs
-----------------------
Epoch: 071, Train Loss: 0.0801, Train MSE: 0.1326, Train MAE: 0.2392
Epoch: 071, Valid Loss: 0.2253, Valid MSE: 0.2268, Valid MAE: 0.3020
No update
Epoch: 072, Training Time: 34.6326 secs
Epoch: 072, Validation Time: 4.2961 secs
-----------------------
Epoch: 072, Train Loss: 0.0800, Train MSE: 0.1323, Train MAE: 0.2390
Epoch: 072, Valid Loss: 0.2281, Valid MSE: 0.2286, Valid MAE: 0.3026
No update
Epoch: 073, Training Time: 34.6223 secs
Epoch: 073, Validation Time: 4.2992 secs
-----------------------
Epoch: 073, Train Loss: 0.0799, Train MSE: 0.1323, Train MAE: 0.2390
Epoch: 073, Valid Loss: 0.2273, Valid MSE: 0.2277, Valid MAE: 0.3019
No update
Epoch: 074, Training Time: 34.6650 secs
Epoch: 074, Validation Time: 4.3609 secs
-----------------------
Epoch: 074, Train Loss: 0.0799, Train MSE: 0.1325, Train MAE: 0.2388
Epoch: 074, Valid Loss: 0.2273, Valid MSE: 0.2290, Valid MAE: 0.3024
No update
Epoch: 075, Training Time: 34.3955 secs
Epoch: 075, Validation Time: 4.5817 secs
-----------------------
Epoch: 075, Train Loss: 0.0797, Train MSE: 0.1319, Train MAE: 0.2386
Epoch: 075, Valid Loss: 0.2263, Valid MSE: 0.2277, Valid MAE: 0.3018
No update
Epoch: 076, Training Time: 34.6432 secs
Epoch: 076, Validation Time: 4.4497 secs
-----------------------
Epoch: 076, Train Loss: 0.0794, Train MSE: 0.1313, Train MAE: 0.2383
Epoch: 076, Valid Loss: 0.2267, Valid MSE: 0.2291, Valid MAE: 0.3024
No update
Epoch: 077, Training Time: 34.6069 secs
Epoch: 077, Validation Time: 4.3767 secs
-----------------------
Epoch: 077, Train Loss: 0.0795, Train MSE: 0.1315, Train MAE: 0.2384
Epoch: 077, Valid Loss: 0.2260, Valid MSE: 0.2295, Valid MAE: 0.3024
No update
Epoch: 078, Training Time: 34.4058 secs
Epoch: 078, Validation Time: 4.5056 secs
-----------------------
Epoch: 078, Train Loss: 0.0793, Train MSE: 0.1309, Train MAE: 0.2381
Epoch: 078, Valid Loss: 0.2267, Valid MSE: 0.2299, Valid MAE: 0.3023
No update
Epoch: 079, Training Time: 34.5246 secs
Epoch: 079, Validation Time: 4.4302 secs
-----------------------
Epoch: 079, Train Loss: 0.0794, Train MSE: 0.1312, Train MAE: 0.2381
Epoch: 079, Valid Loss: 0.2261, Valid MSE: 0.2295, Valid MAE: 0.3021
No update
Epoch: 080, Training Time: 34.6919 secs
Epoch: 080, Validation Time: 4.2627 secs
-----------------------
Epoch: 080, Train Loss: 0.0792, Train MSE: 0.1306, Train MAE: 0.2379
Epoch: 080, Valid Loss: 0.2258, Valid MSE: 0.2310, Valid MAE: 0.3027
No update
Epoch: 081, Training Time: 34.6323 secs
Epoch: 081, Validation Time: 4.2384 secs
-----------------------
Epoch: 081, Train Loss: 0.0793, Train MSE: 0.1309, Train MAE: 0.2380
Epoch: 081, Valid Loss: 0.2255, Valid MSE: 0.2312, Valid MAE: 0.3026
No update
Epoch: 082, Training Time: 34.8737 secs
Epoch: 082, Validation Time: 4.3443 secs
-----------------------
Epoch: 082, Train Loss: 0.0792, Train MSE: 0.1307, Train MAE: 0.2378
Epoch: 082, Valid Loss: 0.2256, Valid MSE: 0.2307, Valid MAE: 0.3024
No update
Epoch: 083, Training Time: 34.6258 secs
Epoch: 083, Validation Time: 4.2848 secs
-----------------------
Epoch: 083, Train Loss: 0.0791, Train MSE: 0.1303, Train MAE: 0.2375
Epoch: 083, Valid Loss: 0.2256, Valid MSE: 0.2317, Valid MAE: 0.3027
No update
Epoch: 084, Training Time: 34.6417 secs
Epoch: 084, Validation Time: 4.3728 secs
-----------------------
Epoch: 084, Train Loss: 0.0789, Train MSE: 0.1297, Train MAE: 0.2373
Epoch: 084, Valid Loss: 0.2256, Valid MSE: 0.2330, Valid MAE: 0.3032
No update
Epoch: 085, Training Time: 34.4232 secs
Epoch: 085, Validation Time: 4.3216 secs
-----------------------
Epoch: 085, Train Loss: 0.0788, Train MSE: 0.1296, Train MAE: 0.2371
Epoch: 085, Valid Loss: 0.2257, Valid MSE: 0.2329, Valid MAE: 0.3029
No update
Epoch: 086, Training Time: 34.6710 secs
Epoch: 086, Validation Time: 4.3346 secs
-----------------------
Epoch: 086, Train Loss: 0.0790, Train MSE: 0.1300, Train MAE: 0.2374
Epoch: 086, Valid Loss: 0.2257, Valid MSE: 0.2330, Valid MAE: 0.3028
No update
Epoch: 087, Training Time: 34.7281 secs
Epoch: 087, Validation Time: 4.3787 secs
-----------------------
Epoch: 087, Train Loss: 0.0789, Train MSE: 0.1296, Train MAE: 0.2372
Epoch: 087, Valid Loss: 0.2257, Valid MSE: 0.2338, Valid MAE: 0.3032
No update
Epoch: 088, Training Time: 34.5999 secs
Epoch: 088, Validation Time: 4.4022 secs
-----------------------
Epoch: 088, Train Loss: 0.0789, Train MSE: 0.1297, Train MAE: 0.2371
Epoch: 088, Valid Loss: 0.2253, Valid MSE: 0.2333, Valid MAE: 0.3029
No update
Epoch: 089, Training Time: 34.5360 secs
Epoch: 089, Validation Time: 4.6499 secs
-----------------------
Epoch: 089, Train Loss: 0.0790, Train MSE: 0.1298, Train MAE: 0.2373
Epoch: 089, Valid Loss: 0.2261, Valid MSE: 0.2348, Valid MAE: 0.3035
No update
Epoch: 090, Training Time: 34.4160 secs
Epoch: 090, Validation Time: 4.3450 secs
-----------------------
Epoch: 090, Train Loss: 0.0790, Train MSE: 0.1298, Train MAE: 0.2373
Epoch: 090, Valid Loss: 0.2259, Valid MSE: 0.2337, Valid MAE: 0.3030
No update
Epoch: 091, Training Time: 34.7939 secs
Epoch: 091, Validation Time: 4.4182 secs
-----------------------
Epoch: 091, Train Loss: 0.0788, Train MSE: 0.1293, Train MAE: 0.2368
Epoch: 091, Valid Loss: 0.2267, Valid MSE: 0.2355, Valid MAE: 0.3036
No update
Epoch: 092, Training Time: 34.7372 secs
Epoch: 092, Validation Time: 4.4978 secs
-----------------------
Epoch: 092, Train Loss: 0.0789, Train MSE: 0.1296, Train MAE: 0.2370
Epoch: 092, Valid Loss: 0.2266, Valid MSE: 0.2350, Valid MAE: 0.3034
No update
Average Training Time: 34.5538 secs/epoch
Average Validation Time: 4.4079 secs
Training ends
The epoch of the best result： 42
The valid loss of the best model 0.2208
Test time (total): 27.5930 seconds
On average horizons, Test MSE: 0.2137, Test MAE: 0.2853
Average Testing Time: nan secs
Total time spent: 4106.9205
