Namespace(att_w=0.01, batch_size=16, channel=64, d_llm=768, data_path='ETTh1', device='cuda:0', dropout_n=0.5, e_layer=2, epochs=100, es_patience=50, fcst_w=1, feature_w=0.01, head=4, lrate=0.0001, model_name='gpt2', num_nodes=7, num_workers=10, pred_len=192, recon_w=0.5, save='./logs/2025-10-10-14:26:05-', seed=6666, seq_len=96, weight_decay=0.001)
The number of trainable parameters: 1733632
The number of parameters: 1733632
Dual(
  (normalize_layers): Normalize()
  (length_to_feature): Linear(in_features=96, out_features=64, bias=True)
  (token_to_feature): Linear(in_features=768, out_features=64, bias=True)
  (ts_encoder): Encoder(
    (attn_layers): ModuleList(
      (0-1): 2 x EncoderLayer(
        (attention): AttentionLayer(
          (inner_attention): FullAttention(
            (dropout): Dropout(p=0.5, inplace=False)
          )
          (query_projection): Linear(in_features=64, out_features=64, bias=True)
          (key_projection): Linear(in_features=64, out_features=64, bias=True)
          (value_projection): Linear(in_features=64, out_features=64, bias=True)
          (out_projection): Linear(in_features=64, out_features=64, bias=True)
        )
        (conv1): Conv1d(64, 3072, kernel_size=(1,), stride=(1,))
        (conv2): Conv1d(3072, 64, kernel_size=(1,), stride=(1,))
        (norm1): LayerNorm((64,), eps=1e-05, elementwise_affine=True)
        (norm2): LayerNorm((64,), eps=1e-05, elementwise_affine=True)
        (dropout): Dropout(p=0.5, inplace=False)
      )
    )
    (norm): LayerNorm((64,), eps=1e-05, elementwise_affine=True)
  )
  (prompt_encoder): Encoder(
    (attn_layers): ModuleList(
      (0-1): 2 x EncoderLayer(
        (attention): AttentionLayer(
          (inner_attention): FullAttention(
            (dropout): Dropout(p=0.5, inplace=False)
          )
          (query_projection): Linear(in_features=64, out_features=64, bias=True)
          (key_projection): Linear(in_features=64, out_features=64, bias=True)
          (value_projection): Linear(in_features=64, out_features=64, bias=True)
          (out_projection): Linear(in_features=64, out_features=64, bias=True)
        )
        (conv1): Conv1d(64, 3072, kernel_size=(1,), stride=(1,))
        (conv2): Conv1d(3072, 64, kernel_size=(1,), stride=(1,))
        (norm1): LayerNorm((64,), eps=1e-05, elementwise_affine=True)
        (norm2): LayerNorm((64,), eps=1e-05, elementwise_affine=True)
        (dropout): Dropout(p=0.5, inplace=False)
      )
    )
    (norm): LayerNorm((64,), eps=1e-05, elementwise_affine=True)
  )
  (ts_proj): Linear(in_features=64, out_features=192, bias=True)
  (prompt_proj): Linear(in_features=64, out_features=192, bias=True)
)
Start training...
Epoch: 001, Training Time: 8.5122 secs
Epoch: 001, Validation Time: 1.1335 secs
-----------------------
Epoch: 001, Train Loss: 0.4517, Train MSE: 0.5798, Train MAE: 0.5449
Epoch: 001, Valid Loss: 0.6859, Valid MSE: 1.1452, Valid MAE: 0.7246
###Update tasks appear###
Updating! Valid Loss:0.6859, epoch:  1
Epoch: 002, Training Time: 8.2046 secs
Epoch: 002, Validation Time: 1.1354 secs
-----------------------
Epoch: 002, Train Loss: 0.3855, Train MSE: 0.5053, Train MAE: 0.5031
Epoch: 002, Valid Loss: 0.6617, Valid MSE: 1.0889, Valid MAE: 0.6985
###Update tasks appear###
Updating! Valid Loss:0.6617, epoch:  2
Epoch: 003, Training Time: 8.2092 secs
Epoch: 003, Validation Time: 1.1475 secs
-----------------------
Epoch: 003, Train Loss: 0.3619, Train MSE: 0.4805, Train MAE: 0.4871
Epoch: 003, Valid Loss: 0.6418, Valid MSE: 1.0651, Valid MAE: 0.6868
###Update tasks appear###
Updating! Valid Loss:0.6418, epoch:  3
Epoch: 004, Training Time: 8.1770 secs
Epoch: 004, Validation Time: 1.1636 secs
-----------------------
Epoch: 004, Train Loss: 0.3473, Train MSE: 0.4654, Train MAE: 0.4767
Epoch: 004, Valid Loss: 0.6279, Valid MSE: 1.0484, Valid MAE: 0.6784
###Update tasks appear###
Updating! Valid Loss:0.6279, epoch:  4
Epoch: 005, Training Time: 8.3095 secs
Epoch: 005, Validation Time: 1.1740 secs
-----------------------
Epoch: 005, Train Loss: 0.3364, Train MSE: 0.4557, Train MAE: 0.4700
Epoch: 005, Valid Loss: 0.6174, Valid MSE: 1.0362, Valid MAE: 0.6724
###Update tasks appear###
Updating! Valid Loss:0.6174, epoch:  5
Epoch: 006, Training Time: 8.3227 secs
Epoch: 006, Validation Time: 1.1970 secs
-----------------------
Epoch: 006, Train Loss: 0.3271, Train MSE: 0.4496, Train MAE: 0.4656
Epoch: 006, Valid Loss: 0.6124, Valid MSE: 1.0273, Valid MAE: 0.6679
###Update tasks appear###
Updating! Valid Loss:0.6124, epoch:  6
Epoch: 007, Training Time: 8.2234 secs
Epoch: 007, Validation Time: 1.1480 secs
-----------------------
Epoch: 007, Train Loss: 0.3199, Train MSE: 0.4451, Train MAE: 0.4625
Epoch: 007, Valid Loss: 0.6044, Valid MSE: 1.0209, Valid MAE: 0.6650
###Update tasks appear###
Updating! Valid Loss:0.6044, epoch:  7
Epoch: 008, Training Time: 8.2279 secs
Epoch: 008, Validation Time: 1.1399 secs
-----------------------
Epoch: 008, Train Loss: 0.3136, Train MSE: 0.4416, Train MAE: 0.4600
Epoch: 008, Valid Loss: 0.5975, Valid MSE: 1.0158, Valid MAE: 0.6627
###Update tasks appear###
Updating! Valid Loss:0.5975, epoch:  8
Epoch: 009, Training Time: 8.2084 secs
Epoch: 009, Validation Time: 1.1781 secs
-----------------------
Epoch: 009, Train Loss: 0.3085, Train MSE: 0.4387, Train MAE: 0.4579
Epoch: 009, Valid Loss: 0.5901, Valid MSE: 1.0105, Valid MAE: 0.6605
###Update tasks appear###
Updating! Valid Loss:0.5901, epoch:  9
Epoch: 010, Training Time: 8.1663 secs
Epoch: 010, Validation Time: 1.1522 secs
-----------------------
Epoch: 010, Train Loss: 0.3034, Train MSE: 0.4362, Train MAE: 0.4562
Epoch: 010, Valid Loss: 0.5811, Valid MSE: 1.0076, Valid MAE: 0.6593
###Update tasks appear###
Updating! Valid Loss:0.5811, epoch:  10
Epoch: 011, Training Time: 8.1871 secs
Epoch: 011, Validation Time: 1.1852 secs
-----------------------
Epoch: 011, Train Loss: 0.2987, Train MSE: 0.4343, Train MAE: 0.4548
Epoch: 011, Valid Loss: 0.5746, Valid MSE: 1.0045, Valid MAE: 0.6579
###Update tasks appear###
Test low! Updating! Test MSE: 0.4425, Test MAE: 0.4344, Test low! Updating! Valid Loss: 0.5746, epoch:  11
Epoch: 012, Training Time: 8.3134 secs
Epoch: 012, Validation Time: 1.1592 secs
-----------------------
Epoch: 012, Train Loss: 0.2941, Train MSE: 0.4322, Train MAE: 0.4533
Epoch: 012, Valid Loss: 0.5659, Valid MSE: 1.0013, Valid MAE: 0.6565
###Update tasks appear###
Test low! Updating! Test MSE: 0.4414, Test MAE: 0.4336, Test low! Updating! Valid Loss: 0.5659, epoch:  12
Epoch: 013, Training Time: 8.3286 secs
Epoch: 013, Validation Time: 1.1926 secs
-----------------------
Epoch: 013, Train Loss: 0.2905, Train MSE: 0.4306, Train MAE: 0.4522
Epoch: 013, Valid Loss: 0.5621, Valid MSE: 0.9986, Valid MAE: 0.6554
###Update tasks appear###
Test low! Updating! Test MSE: 0.4400, Test MAE: 0.4328, Test low! Updating! Valid Loss: 0.5621, epoch:  13
Epoch: 014, Training Time: 8.3499 secs
Epoch: 014, Validation Time: 1.1512 secs
-----------------------
Epoch: 014, Train Loss: 0.2875, Train MSE: 0.4289, Train MAE: 0.4510
Epoch: 014, Valid Loss: 0.5588, Valid MSE: 0.9973, Valid MAE: 0.6548
###Update tasks appear###
Test low! Updating! Test MSE: 0.4395, Test MAE: 0.4321, Test low! Updating! Valid Loss: 0.5588, epoch:  14
Epoch: 015, Training Time: 8.3370 secs
Epoch: 015, Validation Time: 1.2129 secs
-----------------------
Epoch: 015, Train Loss: 0.2847, Train MSE: 0.4274, Train MAE: 0.4499
Epoch: 015, Valid Loss: 0.5570, Valid MSE: 0.9950, Valid MAE: 0.6539
###Update tasks appear###
Test low! Updating! Test MSE: 0.4379, Test MAE: 0.4312, Test low! Updating! Valid Loss: 0.5570, epoch:  15
Epoch: 016, Training Time: 8.3504 secs
Epoch: 016, Validation Time: 1.1683 secs
-----------------------
Epoch: 016, Train Loss: 0.2822, Train MSE: 0.4260, Train MAE: 0.4489
Epoch: 016, Valid Loss: 0.5553, Valid MSE: 0.9932, Valid MAE: 0.6532
###Update tasks appear###
Test low! Updating! Test MSE: 0.4368, Test MAE: 0.4306, Test low! Updating! Valid Loss: 0.5553, epoch:  16
Epoch: 017, Training Time: 8.3869 secs
Epoch: 017, Validation Time: 1.1732 secs
-----------------------
Epoch: 017, Train Loss: 0.2802, Train MSE: 0.4248, Train MAE: 0.4480
Epoch: 017, Valid Loss: 0.5528, Valid MSE: 0.9921, Valid MAE: 0.6527
###Update tasks appear###
No update
Epoch: 018, Training Time: 8.3391 secs
Epoch: 018, Validation Time: 1.1944 secs
-----------------------
Epoch: 018, Train Loss: 0.2782, Train MSE: 0.4235, Train MAE: 0.4472
Epoch: 018, Valid Loss: 0.5516, Valid MSE: 0.9906, Valid MAE: 0.6521
###Update tasks appear###
Test low! Updating! Test MSE: 0.4356, Test MAE: 0.4297, Test low! Updating! Valid Loss: 0.5516, epoch:  18
Epoch: 019, Training Time: 8.3502 secs
Epoch: 019, Validation Time: 1.1839 secs
-----------------------
Epoch: 019, Train Loss: 0.2763, Train MSE: 0.4221, Train MAE: 0.4463
Epoch: 019, Valid Loss: 0.5492, Valid MSE: 0.9896, Valid MAE: 0.6517
###Update tasks appear###
Test low! Updating! Test MSE: 0.4354, Test MAE: 0.4295, Test low! Updating! Valid Loss: 0.5492, epoch:  19
Epoch: 020, Training Time: 8.2654 secs
Epoch: 020, Validation Time: 1.1706 secs
-----------------------
Epoch: 020, Train Loss: 0.2747, Train MSE: 0.4210, Train MAE: 0.4456
Epoch: 020, Valid Loss: 0.5472, Valid MSE: 0.9887, Valid MAE: 0.6513
###Update tasks appear###
Test low! Updating! Test MSE: 0.4339, Test MAE: 0.4286, Test low! Updating! Valid Loss: 0.5472, epoch:  20
Epoch: 021, Training Time: 8.3189 secs
Epoch: 021, Validation Time: 1.1860 secs
-----------------------
Epoch: 021, Train Loss: 0.2731, Train MSE: 0.4198, Train MAE: 0.4449
Epoch: 021, Valid Loss: 0.5452, Valid MSE: 0.9876, Valid MAE: 0.6507
###Update tasks appear###
No update
Epoch: 022, Training Time: 8.2774 secs
Epoch: 022, Validation Time: 1.1363 secs
-----------------------
Epoch: 022, Train Loss: 0.2717, Train MSE: 0.4189, Train MAE: 0.4442
Epoch: 022, Valid Loss: 0.5430, Valid MSE: 0.9869, Valid MAE: 0.6506
###Update tasks appear###
Test low! Updating! Test MSE: 0.4335, Test MAE: 0.4287, Test low! Updating! Valid Loss: 0.5430, epoch:  22
Epoch: 023, Training Time: 8.3357 secs
Epoch: 023, Validation Time: 1.1726 secs
-----------------------
Epoch: 023, Train Loss: 0.2700, Train MSE: 0.4176, Train MAE: 0.4434
Epoch: 023, Valid Loss: 0.5420, Valid MSE: 0.9864, Valid MAE: 0.6504
###Update tasks appear###
Test low! Updating! Test MSE: 0.4332, Test MAE: 0.4287, Test low! Updating! Valid Loss: 0.5420, epoch:  23
Epoch: 024, Training Time: 8.3531 secs
Epoch: 024, Validation Time: 1.1674 secs
-----------------------
Epoch: 024, Train Loss: 0.2686, Train MSE: 0.4165, Train MAE: 0.4428
Epoch: 024, Valid Loss: 0.5404, Valid MSE: 0.9855, Valid MAE: 0.6499
###Update tasks appear###
Test low! Updating! Test MSE: 0.4330, Test MAE: 0.4287, Test low! Updating! Valid Loss: 0.5404, epoch:  24
Epoch: 025, Training Time: 8.3802 secs
Epoch: 025, Validation Time: 1.1820 secs
-----------------------
Epoch: 025, Train Loss: 0.2671, Train MSE: 0.4153, Train MAE: 0.4422
Epoch: 025, Valid Loss: 0.5389, Valid MSE: 0.9856, Valid MAE: 0.6502
###Update tasks appear###
Test low! Updating! Test MSE: 0.4320, Test MAE: 0.4283, Test low! Updating! Valid Loss: 0.5389, epoch:  25
Epoch: 026, Training Time: 8.3063 secs
Epoch: 026, Validation Time: 1.1652 secs
-----------------------
Epoch: 026, Train Loss: 0.2658, Train MSE: 0.4144, Train MAE: 0.4415
Epoch: 026, Valid Loss: 0.5383, Valid MSE: 0.9856, Valid MAE: 0.6500
###Update tasks appear###
No update
Epoch: 027, Training Time: 8.2859 secs
Epoch: 027, Validation Time: 1.2249 secs
-----------------------
Epoch: 027, Train Loss: 0.2645, Train MSE: 0.4135, Train MAE: 0.4409
Epoch: 027, Valid Loss: 0.5371, Valid MSE: 0.9851, Valid MAE: 0.6498
###Update tasks appear###
Test low! Updating! Test MSE: 0.4313, Test MAE: 0.4280, Test low! Updating! Valid Loss: 0.5371, epoch:  27
Epoch: 028, Training Time: 8.3604 secs
Epoch: 028, Validation Time: 1.1821 secs
-----------------------
Epoch: 028, Train Loss: 0.2633, Train MSE: 0.4125, Train MAE: 0.4405
Epoch: 028, Valid Loss: 0.5366, Valid MSE: 0.9842, Valid MAE: 0.6493
###Update tasks appear###
No update
Epoch: 029, Training Time: 8.3283 secs
Epoch: 029, Validation Time: 1.1776 secs
-----------------------
Epoch: 029, Train Loss: 0.2620, Train MSE: 0.4114, Train MAE: 0.4398
Epoch: 029, Valid Loss: 0.5362, Valid MSE: 0.9848, Valid MAE: 0.6495
###Update tasks appear###
Test low! Updating! Test MSE: 0.4313, Test MAE: 0.4279, Test low! Updating! Valid Loss: 0.5362, epoch:  29
Epoch: 030, Training Time: 8.3596 secs
Epoch: 030, Validation Time: 1.1907 secs
-----------------------
Epoch: 030, Train Loss: 0.2610, Train MSE: 0.4105, Train MAE: 0.4394
Epoch: 030, Valid Loss: 0.5348, Valid MSE: 0.9843, Valid MAE: 0.6492
###Update tasks appear###
Test low! Updating! Test MSE: 0.4311, Test MAE: 0.4280, Test low! Updating! Valid Loss: 0.5348, epoch:  30
Epoch: 031, Training Time: 8.3566 secs
Epoch: 031, Validation Time: 1.1649 secs
-----------------------
Epoch: 031, Train Loss: 0.2598, Train MSE: 0.4097, Train MAE: 0.4388
Epoch: 031, Valid Loss: 0.5343, Valid MSE: 0.9837, Valid MAE: 0.6491
###Update tasks appear###
Test low! Updating! Test MSE: 0.4296, Test MAE: 0.4274, Test low! Updating! Valid Loss: 0.5343, epoch:  31
Epoch: 032, Training Time: 8.3655 secs
Epoch: 032, Validation Time: 1.2132 secs
-----------------------
Epoch: 032, Train Loss: 0.2585, Train MSE: 0.4082, Train MAE: 0.4381
Epoch: 032, Valid Loss: 0.5332, Valid MSE: 0.9845, Valid MAE: 0.6493
###Update tasks appear###
No update
Epoch: 033, Training Time: 8.4536 secs
Epoch: 033, Validation Time: 1.1423 secs
-----------------------
Epoch: 033, Train Loss: 0.2575, Train MSE: 0.4073, Train MAE: 0.4377
Epoch: 033, Valid Loss: 0.5313, Valid MSE: 0.9832, Valid MAE: 0.6487
###Update tasks appear###
No update
Epoch: 034, Training Time: 8.4580 secs
Epoch: 034, Validation Time: 1.2008 secs
-----------------------
Epoch: 034, Train Loss: 0.2565, Train MSE: 0.4064, Train MAE: 0.4372
Epoch: 034, Valid Loss: 0.5304, Valid MSE: 0.9833, Valid MAE: 0.6486
###Update tasks appear###
Test low! Updating! Test MSE: 0.4296, Test MAE: 0.4274, Test low! Updating! Valid Loss: 0.5304, epoch:  34
Epoch: 035, Training Time: 8.4655 secs
Epoch: 035, Validation Time: 1.1681 secs
-----------------------
Epoch: 035, Train Loss: 0.2557, Train MSE: 0.4053, Train MAE: 0.4366
Epoch: 035, Valid Loss: 0.5301, Valid MSE: 0.9830, Valid MAE: 0.6485
###Update tasks appear###
Test low! Updating! Test MSE: 0.4295, Test MAE: 0.4274, Test low! Updating! Valid Loss: 0.5301, epoch:  35
Epoch: 036, Training Time: 8.3968 secs
Epoch: 036, Validation Time: 1.1328 secs
-----------------------
Epoch: 036, Train Loss: 0.2548, Train MSE: 0.4044, Train MAE: 0.4361
Epoch: 036, Valid Loss: 0.5298, Valid MSE: 0.9832, Valid MAE: 0.6486
###Update tasks appear###
Test low! Updating! Test MSE: 0.4283, Test MAE: 0.4267, Test low! Updating! Valid Loss: 0.5298, epoch:  36
Epoch: 037, Training Time: 8.3079 secs
Epoch: 037, Validation Time: 1.2221 secs
-----------------------
Epoch: 037, Train Loss: 0.2541, Train MSE: 0.4035, Train MAE: 0.4357
Epoch: 037, Valid Loss: 0.5288, Valid MSE: 0.9830, Valid MAE: 0.6486
###Update tasks appear###
Test low! Updating! Test MSE: 0.4279, Test MAE: 0.4266, Test low! Updating! Valid Loss: 0.5288, epoch:  37
Epoch: 038, Training Time: 8.3094 secs
Epoch: 038, Validation Time: 1.1759 secs
-----------------------
Epoch: 038, Train Loss: 0.2531, Train MSE: 0.4025, Train MAE: 0.4353
Epoch: 038, Valid Loss: 0.5290, Valid MSE: 0.9836, Valid MAE: 0.6486
No update
Epoch: 039, Training Time: 8.3576 secs
Epoch: 039, Validation Time: 1.1852 secs
-----------------------
Epoch: 039, Train Loss: 0.2523, Train MSE: 0.4018, Train MAE: 0.4348
Epoch: 039, Valid Loss: 0.5272, Valid MSE: 0.9824, Valid MAE: 0.6479
###Update tasks appear###
No update
Epoch: 040, Training Time: 8.3346 secs
Epoch: 040, Validation Time: 1.1635 secs
-----------------------
Epoch: 040, Train Loss: 0.2514, Train MSE: 0.4004, Train MAE: 0.4342
Epoch: 040, Valid Loss: 0.5268, Valid MSE: 0.9829, Valid MAE: 0.6483
###Update tasks appear###
Test low! Updating! Test MSE: 0.4268, Test MAE: 0.4261, Test low! Updating! Valid Loss: 0.5268, epoch:  40
Epoch: 041, Training Time: 8.4277 secs
Epoch: 041, Validation Time: 1.1869 secs
-----------------------
Epoch: 041, Train Loss: 0.2506, Train MSE: 0.3993, Train MAE: 0.4337
Epoch: 041, Valid Loss: 0.5265, Valid MSE: 0.9827, Valid MAE: 0.6482
###Update tasks appear###
Test low! Updating! Test MSE: 0.4266, Test MAE: 0.4263, Test low! Updating! Valid Loss: 0.5265, epoch:  41
Epoch: 042, Training Time: 8.2728 secs
Epoch: 042, Validation Time: 1.1830 secs
-----------------------
Epoch: 042, Train Loss: 0.2499, Train MSE: 0.3985, Train MAE: 0.4333
Epoch: 042, Valid Loss: 0.5278, Valid MSE: 0.9831, Valid MAE: 0.6483
No update
Epoch: 043, Training Time: 8.3122 secs
Epoch: 043, Validation Time: 1.1729 secs
-----------------------
Epoch: 043, Train Loss: 0.2492, Train MSE: 0.3975, Train MAE: 0.4328
Epoch: 043, Valid Loss: 0.5266, Valid MSE: 0.9829, Valid MAE: 0.6481
No update
Epoch: 044, Training Time: 8.2556 secs
Epoch: 044, Validation Time: 1.1658 secs
-----------------------
Epoch: 044, Train Loss: 0.2486, Train MSE: 0.3968, Train MAE: 0.4326
Epoch: 044, Valid Loss: 0.5274, Valid MSE: 0.9831, Valid MAE: 0.6481
No update
Epoch: 045, Training Time: 8.3056 secs
Epoch: 045, Validation Time: 1.2097 secs
-----------------------
Epoch: 045, Train Loss: 0.2478, Train MSE: 0.3958, Train MAE: 0.4319
Epoch: 045, Valid Loss: 0.5266, Valid MSE: 0.9830, Valid MAE: 0.6481
No update
Epoch: 046, Training Time: 8.3417 secs
Epoch: 046, Validation Time: 1.1744 secs
-----------------------
Epoch: 046, Train Loss: 0.2473, Train MSE: 0.3949, Train MAE: 0.4316
Epoch: 046, Valid Loss: 0.5264, Valid MSE: 0.9830, Valid MAE: 0.6481
###Update tasks appear###
Test low! Updating! Test MSE: 0.4248, Test MAE: 0.4255, Test low! Updating! Valid Loss: 0.5264, epoch:  46
Epoch: 047, Training Time: 8.2920 secs
Epoch: 047, Validation Time: 1.1560 secs
-----------------------
Epoch: 047, Train Loss: 0.2465, Train MSE: 0.3940, Train MAE: 0.4311
Epoch: 047, Valid Loss: 0.5261, Valid MSE: 0.9836, Valid MAE: 0.6482
###Update tasks appear###
No update
Epoch: 048, Training Time: 8.3179 secs
Epoch: 048, Validation Time: 1.1868 secs
-----------------------
Epoch: 048, Train Loss: 0.2459, Train MSE: 0.3932, Train MAE: 0.4307
Epoch: 048, Valid Loss: 0.5274, Valid MSE: 0.9836, Valid MAE: 0.6482
No update
Epoch: 049, Training Time: 8.4102 secs
Epoch: 049, Validation Time: 1.1726 secs
-----------------------
Epoch: 049, Train Loss: 0.2454, Train MSE: 0.3921, Train MAE: 0.4302
Epoch: 049, Valid Loss: 0.5267, Valid MSE: 0.9837, Valid MAE: 0.6482
No update
Epoch: 050, Training Time: 8.4436 secs
Epoch: 050, Validation Time: 1.1558 secs
-----------------------
Epoch: 050, Train Loss: 0.2448, Train MSE: 0.3914, Train MAE: 0.4299
Epoch: 050, Valid Loss: 0.5255, Valid MSE: 0.9832, Valid MAE: 0.6478
###Update tasks appear###
Test low! Updating! Test MSE: 0.4237, Test MAE: 0.4248, Test low! Updating! Valid Loss: 0.5255, epoch:  50
Epoch: 051, Training Time: 8.4037 secs
Epoch: 051, Validation Time: 1.1816 secs
-----------------------
Epoch: 051, Train Loss: 0.2442, Train MSE: 0.3910, Train MAE: 0.4297
Epoch: 051, Valid Loss: 0.5254, Valid MSE: 0.9835, Valid MAE: 0.6480
###Update tasks appear###
No update
Epoch: 052, Training Time: 8.2909 secs
Epoch: 052, Validation Time: 1.1980 secs
-----------------------
Epoch: 052, Train Loss: 0.2436, Train MSE: 0.3898, Train MAE: 0.4291
Epoch: 052, Valid Loss: 0.5255, Valid MSE: 0.9849, Valid MAE: 0.6487
###Update tasks appear###
Test low! Updating! Test MSE: 0.4229, Test MAE: 0.4245, Test low! Updating! Valid Loss: 0.5255, epoch:  52
Epoch: 053, Training Time: 8.2736 secs
Epoch: 053, Validation Time: 1.1931 secs
-----------------------
Epoch: 053, Train Loss: 0.2430, Train MSE: 0.3885, Train MAE: 0.4285
Epoch: 053, Valid Loss: 0.5252, Valid MSE: 0.9849, Valid MAE: 0.6487
###Update tasks appear###
Test low! Updating! Test MSE: 0.4228, Test MAE: 0.4245, Test low! Updating! Valid Loss: 0.5252, epoch:  53
Epoch: 054, Training Time: 8.3745 secs
Epoch: 054, Validation Time: 1.1596 secs
-----------------------
Epoch: 054, Train Loss: 0.2424, Train MSE: 0.3877, Train MAE: 0.4282
Epoch: 054, Valid Loss: 0.5246, Valid MSE: 0.9842, Valid MAE: 0.6482
###Update tasks appear###
Test low! Updating! Test MSE: 0.4226, Test MAE: 0.4243, Test low! Updating! Valid Loss: 0.5246, epoch:  54
Epoch: 055, Training Time: 8.2958 secs
Epoch: 055, Validation Time: 1.2066 secs
-----------------------
Epoch: 055, Train Loss: 0.2420, Train MSE: 0.3875, Train MAE: 0.4279
Epoch: 055, Valid Loss: 0.5254, Valid MSE: 0.9849, Valid MAE: 0.6485
No update
Epoch: 056, Training Time: 8.3740 secs
Epoch: 056, Validation Time: 1.1528 secs
-----------------------
Epoch: 056, Train Loss: 0.2416, Train MSE: 0.3867, Train MAE: 0.4277
Epoch: 056, Valid Loss: 0.5256, Valid MSE: 0.9848, Valid MAE: 0.6485
No update
Epoch: 057, Training Time: 8.3420 secs
Epoch: 057, Validation Time: 1.1825 secs
-----------------------
Epoch: 057, Train Loss: 0.2410, Train MSE: 0.3856, Train MAE: 0.4272
Epoch: 057, Valid Loss: 0.5249, Valid MSE: 0.9843, Valid MAE: 0.6482
No update
Epoch: 058, Training Time: 8.3932 secs
Epoch: 058, Validation Time: 1.1998 secs
-----------------------
Epoch: 058, Train Loss: 0.2405, Train MSE: 0.3846, Train MAE: 0.4266
Epoch: 058, Valid Loss: 0.5244, Valid MSE: 0.9850, Valid MAE: 0.6485
###Update tasks appear###
Test low! Updating! Test MSE: 0.4217, Test MAE: 0.4241, Test low! Updating! Valid Loss: 0.5244, epoch:  58
Epoch: 059, Training Time: 8.4510 secs
Epoch: 059, Validation Time: 1.1741 secs
-----------------------
Epoch: 059, Train Loss: 0.2401, Train MSE: 0.3840, Train MAE: 0.4263
Epoch: 059, Valid Loss: 0.5254, Valid MSE: 0.9854, Valid MAE: 0.6488
No update
Epoch: 060, Training Time: 8.3416 secs
Epoch: 060, Validation Time: 1.1737 secs
-----------------------
Epoch: 060, Train Loss: 0.2397, Train MSE: 0.3832, Train MAE: 0.4261
Epoch: 060, Valid Loss: 0.5250, Valid MSE: 0.9854, Valid MAE: 0.6485
No update
Epoch: 061, Training Time: 8.4738 secs
Epoch: 061, Validation Time: 1.1405 secs
-----------------------
Epoch: 061, Train Loss: 0.2391, Train MSE: 0.3824, Train MAE: 0.4256
Epoch: 061, Valid Loss: 0.5256, Valid MSE: 0.9855, Valid MAE: 0.6488
No update
Epoch: 062, Training Time: 8.2218 secs
Epoch: 062, Validation Time: 1.1462 secs
-----------------------
Epoch: 062, Train Loss: 0.2389, Train MSE: 0.3818, Train MAE: 0.4253
Epoch: 062, Valid Loss: 0.5256, Valid MSE: 0.9853, Valid MAE: 0.6484
No update
Epoch: 063, Training Time: 8.3664 secs
Epoch: 063, Validation Time: 1.2053 secs
-----------------------
Epoch: 063, Train Loss: 0.2384, Train MSE: 0.3808, Train MAE: 0.4250
Epoch: 063, Valid Loss: 0.5261, Valid MSE: 0.9861, Valid MAE: 0.6489
No update
Epoch: 064, Training Time: 8.4111 secs
Epoch: 064, Validation Time: 1.1962 secs
-----------------------
Epoch: 064, Train Loss: 0.2381, Train MSE: 0.3805, Train MAE: 0.4248
Epoch: 064, Valid Loss: 0.5270, Valid MSE: 0.9856, Valid MAE: 0.6485
No update
Epoch: 065, Training Time: 8.3588 secs
Epoch: 065, Validation Time: 1.1414 secs
-----------------------
Epoch: 065, Train Loss: 0.2376, Train MSE: 0.3795, Train MAE: 0.4243
Epoch: 065, Valid Loss: 0.5278, Valid MSE: 0.9870, Valid MAE: 0.6491
No update
Epoch: 066, Training Time: 8.3832 secs
Epoch: 066, Validation Time: 1.2124 secs
-----------------------
Epoch: 066, Train Loss: 0.2373, Train MSE: 0.3792, Train MAE: 0.4241
Epoch: 066, Valid Loss: 0.5277, Valid MSE: 0.9869, Valid MAE: 0.6489
No update
Epoch: 067, Training Time: 8.4190 secs
Epoch: 067, Validation Time: 1.1901 secs
-----------------------
Epoch: 067, Train Loss: 0.2370, Train MSE: 0.3786, Train MAE: 0.4239
Epoch: 067, Valid Loss: 0.5275, Valid MSE: 0.9872, Valid MAE: 0.6490
No update
Epoch: 068, Training Time: 8.2834 secs
Epoch: 068, Validation Time: 1.1464 secs
-----------------------
Epoch: 068, Train Loss: 0.2366, Train MSE: 0.3780, Train MAE: 0.4235
Epoch: 068, Valid Loss: 0.5274, Valid MSE: 0.9861, Valid MAE: 0.6485
No update
Epoch: 069, Training Time: 8.2138 secs
Epoch: 069, Validation Time: 1.1409 secs
-----------------------
Epoch: 069, Train Loss: 0.2364, Train MSE: 0.3773, Train MAE: 0.4233
Epoch: 069, Valid Loss: 0.5294, Valid MSE: 0.9877, Valid MAE: 0.6492
No update
Epoch: 070, Training Time: 8.3320 secs
Epoch: 070, Validation Time: 1.1343 secs
-----------------------
Epoch: 070, Train Loss: 0.2360, Train MSE: 0.3768, Train MAE: 0.4230
Epoch: 070, Valid Loss: 0.5296, Valid MSE: 0.9872, Valid MAE: 0.6489
No update
Epoch: 071, Training Time: 8.4373 secs
Epoch: 071, Validation Time: 1.1698 secs
-----------------------
Epoch: 071, Train Loss: 0.2358, Train MSE: 0.3763, Train MAE: 0.4229
Epoch: 071, Valid Loss: 0.5300, Valid MSE: 0.9877, Valid MAE: 0.6489
No update
Epoch: 072, Training Time: 8.3739 secs
Epoch: 072, Validation Time: 1.1629 secs
-----------------------
Epoch: 072, Train Loss: 0.2355, Train MSE: 0.3758, Train MAE: 0.4225
Epoch: 072, Valid Loss: 0.5302, Valid MSE: 0.9878, Valid MAE: 0.6490
No update
Epoch: 073, Training Time: 8.3852 secs
Epoch: 073, Validation Time: 1.1859 secs
-----------------------
Epoch: 073, Train Loss: 0.2352, Train MSE: 0.3753, Train MAE: 0.4223
Epoch: 073, Valid Loss: 0.5302, Valid MSE: 0.9877, Valid MAE: 0.6489
No update
Epoch: 074, Training Time: 8.3659 secs
Epoch: 074, Validation Time: 1.1661 secs
-----------------------
Epoch: 074, Train Loss: 0.2349, Train MSE: 0.3744, Train MAE: 0.4219
Epoch: 074, Valid Loss: 0.5317, Valid MSE: 0.9884, Valid MAE: 0.6492
No update
Epoch: 075, Training Time: 8.4325 secs
Epoch: 075, Validation Time: 1.1856 secs
-----------------------
Epoch: 075, Train Loss: 0.2347, Train MSE: 0.3742, Train MAE: 0.4217
Epoch: 075, Valid Loss: 0.5318, Valid MSE: 0.9885, Valid MAE: 0.6490
No update
Epoch: 076, Training Time: 8.4942 secs
Epoch: 076, Validation Time: 1.1528 secs
-----------------------
Epoch: 076, Train Loss: 0.2347, Train MSE: 0.3740, Train MAE: 0.4217
Epoch: 076, Valid Loss: 0.5324, Valid MSE: 0.9880, Valid MAE: 0.6487
No update
Epoch: 077, Training Time: 8.2303 secs
Epoch: 077, Validation Time: 1.1609 secs
-----------------------
Epoch: 077, Train Loss: 0.2342, Train MSE: 0.3730, Train MAE: 0.4211
Epoch: 077, Valid Loss: 0.5320, Valid MSE: 0.9882, Valid MAE: 0.6487
No update
Epoch: 078, Training Time: 8.3561 secs
Epoch: 078, Validation Time: 1.2101 secs
-----------------------
Epoch: 078, Train Loss: 0.2342, Train MSE: 0.3732, Train MAE: 0.4214
Epoch: 078, Valid Loss: 0.5320, Valid MSE: 0.9889, Valid MAE: 0.6490
No update
Epoch: 079, Training Time: 8.4340 secs
Epoch: 079, Validation Time: 1.1636 secs
-----------------------
Epoch: 079, Train Loss: 0.2339, Train MSE: 0.3729, Train MAE: 0.4210
Epoch: 079, Valid Loss: 0.5321, Valid MSE: 0.9892, Valid MAE: 0.6490
No update
Epoch: 080, Training Time: 8.3428 secs
Epoch: 080, Validation Time: 1.1722 secs
-----------------------
Epoch: 080, Train Loss: 0.2338, Train MSE: 0.3725, Train MAE: 0.4210
Epoch: 080, Valid Loss: 0.5320, Valid MSE: 0.9888, Valid MAE: 0.6487
No update
Epoch: 081, Training Time: 8.3664 secs
Epoch: 081, Validation Time: 1.1955 secs
-----------------------
Epoch: 081, Train Loss: 0.2336, Train MSE: 0.3725, Train MAE: 0.4208
Epoch: 081, Valid Loss: 0.5315, Valid MSE: 0.9898, Valid MAE: 0.6489
No update
Epoch: 082, Training Time: 8.3738 secs
Epoch: 082, Validation Time: 1.1414 secs
-----------------------
Epoch: 082, Train Loss: 0.2334, Train MSE: 0.3719, Train MAE: 0.4206
Epoch: 082, Valid Loss: 0.5306, Valid MSE: 0.9897, Valid MAE: 0.6487
No update
Epoch: 083, Training Time: 8.3020 secs
Epoch: 083, Validation Time: 1.1981 secs
-----------------------
Epoch: 083, Train Loss: 0.2331, Train MSE: 0.3710, Train MAE: 0.4202
Epoch: 083, Valid Loss: 0.5304, Valid MSE: 0.9902, Valid MAE: 0.6489
No update
Epoch: 084, Training Time: 8.4536 secs
Epoch: 084, Validation Time: 1.1723 secs
-----------------------
Epoch: 084, Train Loss: 0.2330, Train MSE: 0.3711, Train MAE: 0.4202
Epoch: 084, Valid Loss: 0.5292, Valid MSE: 0.9904, Valid MAE: 0.6488
No update
Epoch: 085, Training Time: 8.2980 secs
Epoch: 085, Validation Time: 1.1515 secs
-----------------------
Epoch: 085, Train Loss: 0.2330, Train MSE: 0.3711, Train MAE: 0.4203
Epoch: 085, Valid Loss: 0.5277, Valid MSE: 0.9903, Valid MAE: 0.6487
No update
Epoch: 086, Training Time: 8.3647 secs
Epoch: 086, Validation Time: 1.1953 secs
-----------------------
Epoch: 086, Train Loss: 0.2328, Train MSE: 0.3708, Train MAE: 0.4199
Epoch: 086, Valid Loss: 0.5267, Valid MSE: 0.9905, Valid MAE: 0.6487
No update
Epoch: 087, Training Time: 8.4598 secs
Epoch: 087, Validation Time: 1.1682 secs
-----------------------
Epoch: 087, Train Loss: 0.2325, Train MSE: 0.3704, Train MAE: 0.4197
Epoch: 087, Valid Loss: 0.5256, Valid MSE: 0.9906, Valid MAE: 0.6486
No update
Epoch: 088, Training Time: 8.4056 secs
Epoch: 088, Validation Time: 1.1640 secs
-----------------------
Epoch: 088, Train Loss: 0.2324, Train MSE: 0.3701, Train MAE: 0.4196
Epoch: 088, Valid Loss: 0.5251, Valid MSE: 0.9911, Valid MAE: 0.6487
No update
Epoch: 089, Training Time: 8.4548 secs
Epoch: 089, Validation Time: 1.2161 secs
-----------------------
Epoch: 089, Train Loss: 0.2324, Train MSE: 0.3699, Train MAE: 0.4197
Epoch: 089, Valid Loss: 0.5242, Valid MSE: 0.9912, Valid MAE: 0.6488
###Update tasks appear###
Test low! Updating! Test MSE: 0.4205, Test MAE: 0.4251, Test low! Updating! Valid Loss: 0.5242, epoch:  89
Epoch: 090, Training Time: 8.4282 secs
Epoch: 090, Validation Time: 1.1399 secs
-----------------------
Epoch: 090, Train Loss: 0.2323, Train MSE: 0.3701, Train MAE: 0.4196
Epoch: 090, Valid Loss: 0.5236, Valid MSE: 0.9914, Valid MAE: 0.6488
###Update tasks appear###
No update
Epoch: 091, Training Time: 8.3286 secs
Epoch: 091, Validation Time: 1.1887 secs
-----------------------
Epoch: 091, Train Loss: 0.2320, Train MSE: 0.3692, Train MAE: 0.4191
Epoch: 091, Valid Loss: 0.5231, Valid MSE: 0.9913, Valid MAE: 0.6487
###Update tasks appear###
No update
Epoch: 092, Training Time: 8.3222 secs
Epoch: 092, Validation Time: 1.1764 secs
-----------------------
Epoch: 092, Train Loss: 0.2322, Train MSE: 0.3696, Train MAE: 0.4195
Epoch: 092, Valid Loss: 0.5226, Valid MSE: 0.9913, Valid MAE: 0.6486
###Update tasks appear###
No update
Epoch: 093, Training Time: 8.3665 secs
Epoch: 093, Validation Time: 1.1649 secs
-----------------------
Epoch: 093, Train Loss: 0.2320, Train MSE: 0.3695, Train MAE: 0.4193
Epoch: 093, Valid Loss: 0.5224, Valid MSE: 0.9914, Valid MAE: 0.6487
###Update tasks appear###
No update
Epoch: 094, Training Time: 8.4468 secs
Epoch: 094, Validation Time: 1.1728 secs
-----------------------
Epoch: 094, Train Loss: 0.2318, Train MSE: 0.3690, Train MAE: 0.4190
Epoch: 094, Valid Loss: 0.5222, Valid MSE: 0.9917, Valid MAE: 0.6487
###Update tasks appear###
No update
Epoch: 095, Training Time: 8.3195 secs
Epoch: 095, Validation Time: 1.1908 secs
-----------------------
Epoch: 095, Train Loss: 0.2317, Train MSE: 0.3691, Train MAE: 0.4191
Epoch: 095, Valid Loss: 0.5220, Valid MSE: 0.9918, Valid MAE: 0.6487
###Update tasks appear###
No update
Epoch: 096, Training Time: 8.2935 secs
Epoch: 096, Validation Time: 1.1559 secs
-----------------------
Epoch: 096, Train Loss: 0.2316, Train MSE: 0.3689, Train MAE: 0.4190
Epoch: 096, Valid Loss: 0.5220, Valid MSE: 0.9918, Valid MAE: 0.6487
###Update tasks appear###
No update
Epoch: 097, Training Time: 8.2637 secs
Epoch: 097, Validation Time: 1.1869 secs
-----------------------
Epoch: 097, Train Loss: 0.2316, Train MSE: 0.3690, Train MAE: 0.4189
Epoch: 097, Valid Loss: 0.5219, Valid MSE: 0.9918, Valid MAE: 0.6487
###Update tasks appear###
No update
Epoch: 098, Training Time: 8.3599 secs
Epoch: 098, Validation Time: 1.1482 secs
-----------------------
Epoch: 098, Train Loss: 0.2318, Train MSE: 0.3694, Train MAE: 0.4193
Epoch: 098, Valid Loss: 0.5219, Valid MSE: 0.9918, Valid MAE: 0.6487
###Update tasks appear###
No update
Epoch: 099, Training Time: 8.2991 secs
Epoch: 099, Validation Time: 1.1751 secs
-----------------------
Epoch: 099, Train Loss: 0.2315, Train MSE: 0.3686, Train MAE: 0.4190
Epoch: 099, Valid Loss: 0.5218, Valid MSE: 0.9919, Valid MAE: 0.6487
###Update tasks appear###
No update
Epoch: 100, Training Time: 8.3799 secs
Epoch: 100, Validation Time: 1.1877 secs
-----------------------
Epoch: 100, Train Loss: 0.2315, Train MSE: 0.3687, Train MAE: 0.4188
Epoch: 100, Valid Loss: 0.5218, Valid MSE: 0.9919, Valid MAE: 0.6487
###Update tasks appear###
No update
Average Training Time: 8.3440 secs/epoch
Average Validation Time: 1.1737 secs
Training ends
The epoch of the best result： 89
The valid loss of the best model 0.5242
Test time (total): 6.4801 seconds
On average horizons, Test MSE: 0.4205, Test MAE: 0.4251
Average Testing Time: nan secs
Total time spent: 1281.1877
