Namespace(att_w=0.01, batch_size=16, channel=64, d_llm=768, data_path='exchange_rate', device='cuda:1', dropout_n=0.5, e_layer=2, epochs=100, es_patience=50, fcst_w=1, feature_w=0.01, head=4, lrate=1e-05, model_name='gpt2', num_nodes=8, num_workers=10, pred_len=192, recon_w=0.5, save='./logs/2025-10-11-17:15:03-', seed=6666, seq_len=96, weight_decay=0.001)
The number of trainable parameters: 1733632
The number of parameters: 1733632
Dual(
  (normalize_layers): Normalize()
  (length_to_feature): Linear(in_features=96, out_features=64, bias=True)
  (token_to_feature): Linear(in_features=768, out_features=64, bias=True)
  (ts_encoder): Encoder(
    (attn_layers): ModuleList(
      (0-1): 2 x EncoderLayer(
        (attention): AttentionLayer(
          (inner_attention): FullAttention(
            (dropout): Dropout(p=0.5, inplace=False)
          )
          (query_projection): Linear(in_features=64, out_features=64, bias=True)
          (key_projection): Linear(in_features=64, out_features=64, bias=True)
          (value_projection): Linear(in_features=64, out_features=64, bias=True)
          (out_projection): Linear(in_features=64, out_features=64, bias=True)
        )
        (conv1): Conv1d(64, 3072, kernel_size=(1,), stride=(1,))
        (conv2): Conv1d(3072, 64, kernel_size=(1,), stride=(1,))
        (norm1): LayerNorm((64,), eps=1e-05, elementwise_affine=True)
        (norm2): LayerNorm((64,), eps=1e-05, elementwise_affine=True)
        (dropout): Dropout(p=0.5, inplace=False)
      )
    )
    (norm): LayerNorm((64,), eps=1e-05, elementwise_affine=True)
  )
  (prompt_encoder): Encoder(
    (attn_layers): ModuleList(
      (0-1): 2 x EncoderLayer(
        (attention): AttentionLayer(
          (inner_attention): FullAttention(
            (dropout): Dropout(p=0.5, inplace=False)
          )
          (query_projection): Linear(in_features=64, out_features=64, bias=True)
          (key_projection): Linear(in_features=64, out_features=64, bias=True)
          (value_projection): Linear(in_features=64, out_features=64, bias=True)
          (out_projection): Linear(in_features=64, out_features=64, bias=True)
        )
        (conv1): Conv1d(64, 3072, kernel_size=(1,), stride=(1,))
        (conv2): Conv1d(3072, 64, kernel_size=(1,), stride=(1,))
        (norm1): LayerNorm((64,), eps=1e-05, elementwise_affine=True)
        (norm2): LayerNorm((64,), eps=1e-05, elementwise_affine=True)
        (dropout): Dropout(p=0.5, inplace=False)
      )
    )
    (norm): LayerNorm((64,), eps=1e-05, elementwise_affine=True)
  )
  (ts_proj): Linear(in_features=64, out_features=192, bias=True)
  (prompt_proj): Linear(in_features=64, out_features=192, bias=True)
)
Start training...
Epoch: 001, Training Time: 6.3343 secs
Epoch: 001, Validation Time: 0.5270 secs
-----------------------
Epoch: 001, Train Loss: 0.4379, Train MSE: 0.3417, Train MAE: 0.3963
Epoch: 001, Valid Loss: 1.0385, Valid MSE: 0.3176, Valid MAE: 0.4259
###Update tasks appear###
Updating! Valid Loss:1.0385, epoch:  1
Epoch: 002, Training Time: 5.9633 secs
Epoch: 002, Validation Time: 0.5177 secs
-----------------------
Epoch: 002, Train Loss: 0.4099, Train MSE: 0.3386, Train MAE: 0.3939
Epoch: 002, Valid Loss: 1.0193, Valid MSE: 0.3139, Valid MAE: 0.4233
###Update tasks appear###
Updating! Valid Loss:1.0193, epoch:  2
Epoch: 003, Training Time: 6.4791 secs
Epoch: 003, Validation Time: 0.6259 secs
-----------------------
Epoch: 003, Train Loss: 0.4002, Train MSE: 0.3369, Train MAE: 0.3927
Epoch: 003, Valid Loss: 1.0034, Valid MSE: 0.3105, Valid MAE: 0.4209
###Update tasks appear###
Updating! Valid Loss:1.0034, epoch:  3
Epoch: 004, Training Time: 6.0429 secs
Epoch: 004, Validation Time: 0.5089 secs
-----------------------
Epoch: 004, Train Loss: 0.3929, Train MSE: 0.3353, Train MAE: 0.3915
Epoch: 004, Valid Loss: 0.9878, Valid MSE: 0.3072, Valid MAE: 0.4184
###Update tasks appear###
Updating! Valid Loss:0.9878, epoch:  4
Epoch: 005, Training Time: 5.9892 secs
Epoch: 005, Validation Time: 0.4955 secs
-----------------------
Epoch: 005, Train Loss: 0.3869, Train MSE: 0.3332, Train MAE: 0.3900
Epoch: 005, Valid Loss: 0.9735, Valid MSE: 0.3035, Valid MAE: 0.4156
###Update tasks appear###
Updating! Valid Loss:0.9735, epoch:  5
Epoch: 006, Training Time: 6.0468 secs
Epoch: 006, Validation Time: 0.5218 secs
-----------------------
Epoch: 006, Train Loss: 0.3820, Train MSE: 0.3311, Train MAE: 0.3884
Epoch: 006, Valid Loss: 0.9602, Valid MSE: 0.3000, Valid MAE: 0.4129
###Update tasks appear###
Updating! Valid Loss:0.9602, epoch:  6
Epoch: 007, Training Time: 6.5719 secs
Epoch: 007, Validation Time: 0.5358 secs
-----------------------
Epoch: 007, Train Loss: 0.3776, Train MSE: 0.3287, Train MAE: 0.3866
Epoch: 007, Valid Loss: 0.9473, Valid MSE: 0.2962, Valid MAE: 0.4098
###Update tasks appear###
Updating! Valid Loss:0.9473, epoch:  7
Epoch: 008, Training Time: 6.0698 secs
Epoch: 008, Validation Time: 0.5112 secs
-----------------------
Epoch: 008, Train Loss: 0.3739, Train MSE: 0.3262, Train MAE: 0.3847
Epoch: 008, Valid Loss: 0.9346, Valid MSE: 0.2921, Valid MAE: 0.4065
###Update tasks appear###
Updating! Valid Loss:0.9346, epoch:  8
Epoch: 009, Training Time: 6.0049 secs
Epoch: 009, Validation Time: 0.5282 secs
-----------------------
Epoch: 009, Train Loss: 0.3705, Train MSE: 0.3232, Train MAE: 0.3826
Epoch: 009, Valid Loss: 0.9217, Valid MSE: 0.2878, Valid MAE: 0.4029
###Update tasks appear###
Updating! Valid Loss:0.9217, epoch:  9
Epoch: 010, Training Time: 6.2154 secs
Epoch: 010, Validation Time: 0.5750 secs
-----------------------
Epoch: 010, Train Loss: 0.3669, Train MSE: 0.3203, Train MAE: 0.3803
Epoch: 010, Valid Loss: 0.9056, Valid MSE: 0.2835, Valid MAE: 0.3992
###Update tasks appear###
Updating! Valid Loss:0.9056, epoch:  10
Epoch: 011, Training Time: 6.3192 secs
Epoch: 011, Validation Time: 0.5255 secs
-----------------------
Epoch: 011, Train Loss: 0.3631, Train MSE: 0.3171, Train MAE: 0.3780
Epoch: 011, Valid Loss: 0.8867, Valid MSE: 0.2792, Valid MAE: 0.3955
###Update tasks appear###
Test low! Updating! Test MSE: 0.2222, Test MAE: 0.3384, Test low! Updating! Valid Loss: 0.8867, epoch:  11
Epoch: 012, Training Time: 6.1149 secs
Epoch: 012, Validation Time: 0.5412 secs
-----------------------
Epoch: 012, Train Loss: 0.3613, Train MSE: 0.3138, Train MAE: 0.3755
Epoch: 012, Valid Loss: 0.8816, Valid MSE: 0.2751, Valid MAE: 0.3919
###Update tasks appear###
Test low! Updating! Test MSE: 0.2193, Test MAE: 0.3358, Test low! Updating! Valid Loss: 0.8816, epoch:  12
Epoch: 013, Training Time: 6.5630 secs
Epoch: 013, Validation Time: 0.4951 secs
-----------------------
Epoch: 013, Train Loss: 0.3572, Train MSE: 0.3106, Train MAE: 0.3731
Epoch: 013, Valid Loss: 0.8781, Valid MSE: 0.2710, Valid MAE: 0.3881
###Update tasks appear###
Test low! Updating! Test MSE: 0.2165, Test MAE: 0.3332, Test low! Updating! Valid Loss: 0.8781, epoch:  13
Epoch: 014, Training Time: 5.9755 secs
Epoch: 014, Validation Time: 0.5149 secs
-----------------------
Epoch: 014, Train Loss: 0.3542, Train MSE: 0.3073, Train MAE: 0.3705
Epoch: 014, Valid Loss: 0.8767, Valid MSE: 0.2670, Valid MAE: 0.3845
###Update tasks appear###
Test low! Updating! Test MSE: 0.2140, Test MAE: 0.3308, Test low! Updating! Valid Loss: 0.8767, epoch:  14
Epoch: 015, Training Time: 6.3709 secs
Epoch: 015, Validation Time: 0.5795 secs
-----------------------
Epoch: 015, Train Loss: 0.3517, Train MSE: 0.3045, Train MAE: 0.3683
Epoch: 015, Valid Loss: 0.8736, Valid MSE: 0.2633, Valid MAE: 0.3810
###Update tasks appear###
Test low! Updating! Test MSE: 0.2117, Test MAE: 0.3286, Test low! Updating! Valid Loss: 0.8736, epoch:  15
Epoch: 016, Training Time: 5.9615 secs
Epoch: 016, Validation Time: 0.5261 secs
-----------------------
Epoch: 016, Train Loss: 0.3489, Train MSE: 0.3016, Train MAE: 0.3661
Epoch: 016, Valid Loss: 0.8627, Valid MSE: 0.2598, Valid MAE: 0.3777
###Update tasks appear###
Test low! Updating! Test MSE: 0.2097, Test MAE: 0.3267, Test low! Updating! Valid Loss: 0.8627, epoch:  16
Epoch: 017, Training Time: 6.0954 secs
Epoch: 017, Validation Time: 0.5290 secs
-----------------------
Epoch: 017, Train Loss: 0.3462, Train MSE: 0.2992, Train MAE: 0.3641
Epoch: 017, Valid Loss: 0.8578, Valid MSE: 0.2567, Valid MAE: 0.3746
###Update tasks appear###
Test low! Updating! Test MSE: 0.2080, Test MAE: 0.3250, Test low! Updating! Valid Loss: 0.8578, epoch:  17
Epoch: 018, Training Time: 6.3850 secs
Epoch: 018, Validation Time: 0.5175 secs
-----------------------
Epoch: 018, Train Loss: 0.3440, Train MSE: 0.2969, Train MAE: 0.3623
Epoch: 018, Valid Loss: 0.8576, Valid MSE: 0.2539, Valid MAE: 0.3719
###Update tasks appear###
Test low! Updating! Test MSE: 0.2063, Test MAE: 0.3234, Test low! Updating! Valid Loss: 0.8576, epoch:  18
Epoch: 019, Training Time: 6.1180 secs
Epoch: 019, Validation Time: 0.5401 secs
-----------------------
Epoch: 019, Train Loss: 0.3412, Train MSE: 0.2946, Train MAE: 0.3605
Epoch: 019, Valid Loss: 0.8605, Valid MSE: 0.2515, Valid MAE: 0.3695
No update
Epoch: 020, Training Time: 6.4127 secs
Epoch: 020, Validation Time: 0.5560 secs
-----------------------
Epoch: 020, Train Loss: 0.3397, Train MSE: 0.2925, Train MAE: 0.3588
Epoch: 020, Valid Loss: 0.8596, Valid MSE: 0.2490, Valid MAE: 0.3671
No update
Epoch: 021, Training Time: 6.3104 secs
Epoch: 021, Validation Time: 0.4958 secs
-----------------------
Epoch: 021, Train Loss: 0.3367, Train MSE: 0.2905, Train MAE: 0.3572
Epoch: 021, Valid Loss: 0.8622, Valid MSE: 0.2468, Valid MAE: 0.3648
No update
Epoch: 022, Training Time: 6.1141 secs
Epoch: 022, Validation Time: 0.5043 secs
-----------------------
Epoch: 022, Train Loss: 0.3349, Train MSE: 0.2884, Train MAE: 0.3555
Epoch: 022, Valid Loss: 0.8550, Valid MSE: 0.2448, Valid MAE: 0.3628
###Update tasks appear###
Test low! Updating! Test MSE: 0.2007, Test MAE: 0.3182, Test low! Updating! Valid Loss: 0.8550, epoch:  22
Epoch: 023, Training Time: 6.2750 secs
Epoch: 023, Validation Time: 0.5863 secs
-----------------------
Epoch: 023, Train Loss: 0.3328, Train MSE: 0.2868, Train MAE: 0.3542
Epoch: 023, Valid Loss: 0.8609, Valid MSE: 0.2431, Valid MAE: 0.3610
No update
Epoch: 024, Training Time: 6.4805 secs
Epoch: 024, Validation Time: 0.5063 secs
-----------------------
Epoch: 024, Train Loss: 0.3316, Train MSE: 0.2850, Train MAE: 0.3527
Epoch: 024, Valid Loss: 0.8533, Valid MSE: 0.2412, Valid MAE: 0.3591
###Update tasks appear###
Test low! Updating! Test MSE: 0.1983, Test MAE: 0.3160, Test low! Updating! Valid Loss: 0.8533, epoch:  24
Epoch: 025, Training Time: 6.1004 secs
Epoch: 025, Validation Time: 0.5051 secs
-----------------------
Epoch: 025, Train Loss: 0.3298, Train MSE: 0.2836, Train MAE: 0.3514
Epoch: 025, Valid Loss: 0.8523, Valid MSE: 0.2398, Valid MAE: 0.3576
###Update tasks appear###
Test low! Updating! Test MSE: 0.1972, Test MAE: 0.3150, Test low! Updating! Valid Loss: 0.8523, epoch:  25
Epoch: 026, Training Time: 6.2143 secs
Epoch: 026, Validation Time: 0.5428 secs
-----------------------
Epoch: 026, Train Loss: 0.3287, Train MSE: 0.2820, Train MAE: 0.3502
Epoch: 026, Valid Loss: 0.8446, Valid MSE: 0.2384, Valid MAE: 0.3561
###Update tasks appear###
Test low! Updating! Test MSE: 0.1963, Test MAE: 0.3141, Test low! Updating! Valid Loss: 0.8446, epoch:  26
Epoch: 027, Training Time: 6.1392 secs
Epoch: 027, Validation Time: 0.4989 secs
-----------------------
Epoch: 027, Train Loss: 0.3271, Train MSE: 0.2808, Train MAE: 0.3492
Epoch: 027, Valid Loss: 0.8386, Valid MSE: 0.2371, Valid MAE: 0.3547
###Update tasks appear###
Test low! Updating! Test MSE: 0.1955, Test MAE: 0.3134, Test low! Updating! Valid Loss: 0.8386, epoch:  27
Epoch: 028, Training Time: 6.5740 secs
Epoch: 028, Validation Time: 0.5039 secs
-----------------------
Epoch: 028, Train Loss: 0.3266, Train MSE: 0.2794, Train MAE: 0.3481
Epoch: 028, Valid Loss: 0.8311, Valid MSE: 0.2360, Valid MAE: 0.3535
###Update tasks appear###
Test low! Updating! Test MSE: 0.1946, Test MAE: 0.3126, Test low! Updating! Valid Loss: 0.8311, epoch:  28
Epoch: 029, Training Time: 6.0360 secs
Epoch: 029, Validation Time: 0.5178 secs
-----------------------
Epoch: 029, Train Loss: 0.3249, Train MSE: 0.2783, Train MAE: 0.3471
Epoch: 029, Valid Loss: 0.8211, Valid MSE: 0.2349, Valid MAE: 0.3523
###Update tasks appear###
Test low! Updating! Test MSE: 0.1939, Test MAE: 0.3120, Test low! Updating! Valid Loss: 0.8211, epoch:  29
Epoch: 030, Training Time: 6.2982 secs
Epoch: 030, Validation Time: 0.6002 secs
-----------------------
Epoch: 030, Train Loss: 0.3228, Train MSE: 0.2773, Train MAE: 0.3463
Epoch: 030, Valid Loss: 0.8077, Valid MSE: 0.2339, Valid MAE: 0.3512
###Update tasks appear###
Test low! Updating! Test MSE: 0.1934, Test MAE: 0.3115, Test low! Updating! Valid Loss: 0.8077, epoch:  30
Epoch: 031, Training Time: 6.0318 secs
Epoch: 031, Validation Time: 0.5098 secs
-----------------------
Epoch: 031, Train Loss: 0.3220, Train MSE: 0.2763, Train MAE: 0.3454
Epoch: 031, Valid Loss: 0.8048, Valid MSE: 0.2330, Valid MAE: 0.3502
###Update tasks appear###
Test low! Updating! Test MSE: 0.1924, Test MAE: 0.3106, Test low! Updating! Valid Loss: 0.8048, epoch:  31
Epoch: 032, Training Time: 6.1697 secs
Epoch: 032, Validation Time: 0.5590 secs
-----------------------
Epoch: 032, Train Loss: 0.3223, Train MSE: 0.2751, Train MAE: 0.3444
Epoch: 032, Valid Loss: 0.7980, Valid MSE: 0.2321, Valid MAE: 0.3493
###Update tasks appear###
Test low! Updating! Test MSE: 0.1920, Test MAE: 0.3103, Test low! Updating! Valid Loss: 0.7980, epoch:  32
Epoch: 033, Training Time: 6.0558 secs
Epoch: 033, Validation Time: 0.5142 secs
-----------------------
Epoch: 033, Train Loss: 0.3203, Train MSE: 0.2742, Train MAE: 0.3437
Epoch: 033, Valid Loss: 0.7885, Valid MSE: 0.2314, Valid MAE: 0.3485
###Update tasks appear###
Test low! Updating! Test MSE: 0.1913, Test MAE: 0.3096, Test low! Updating! Valid Loss: 0.7885, epoch:  33
Epoch: 034, Training Time: 6.1513 secs
Epoch: 034, Validation Time: 0.5292 secs
-----------------------
Epoch: 034, Train Loss: 0.3200, Train MSE: 0.2735, Train MAE: 0.3430
Epoch: 034, Valid Loss: 0.7805, Valid MSE: 0.2306, Valid MAE: 0.3476
###Update tasks appear###
Test low! Updating! Test MSE: 0.1906, Test MAE: 0.3090, Test low! Updating! Valid Loss: 0.7805, epoch:  34
Epoch: 035, Training Time: 6.5096 secs
Epoch: 035, Validation Time: 0.4976 secs
-----------------------
Epoch: 035, Train Loss: 0.3191, Train MSE: 0.2728, Train MAE: 0.3424
Epoch: 035, Valid Loss: 0.7787, Valid MSE: 0.2300, Valid MAE: 0.3469
###Update tasks appear###
Test low! Updating! Test MSE: 0.1901, Test MAE: 0.3086, Test low! Updating! Valid Loss: 0.7787, epoch:  35
Epoch: 036, Training Time: 6.1098 secs
Epoch: 036, Validation Time: 0.5378 secs
-----------------------
Epoch: 036, Train Loss: 0.3183, Train MSE: 0.2718, Train MAE: 0.3416
Epoch: 036, Valid Loss: 0.7655, Valid MSE: 0.2295, Valid MAE: 0.3464
###Update tasks appear###
Test low! Updating! Test MSE: 0.1896, Test MAE: 0.3082, Test low! Updating! Valid Loss: 0.7655, epoch:  36
Epoch: 037, Training Time: 6.5408 secs
Epoch: 037, Validation Time: 0.5161 secs
-----------------------
Epoch: 037, Train Loss: 0.3174, Train MSE: 0.2713, Train MAE: 0.3411
Epoch: 037, Valid Loss: 0.7617, Valid MSE: 0.2289, Valid MAE: 0.3457
###Update tasks appear###
Test low! Updating! Test MSE: 0.1890, Test MAE: 0.3077, Test low! Updating! Valid Loss: 0.7617, epoch:  37
Epoch: 038, Training Time: 6.0256 secs
Epoch: 038, Validation Time: 0.5342 secs
-----------------------
Epoch: 038, Train Loss: 0.3167, Train MSE: 0.2706, Train MAE: 0.3406
Epoch: 038, Valid Loss: 0.7531, Valid MSE: 0.2284, Valid MAE: 0.3451
###Update tasks appear###
Test low! Updating! Test MSE: 0.1887, Test MAE: 0.3074, Test low! Updating! Valid Loss: 0.7531, epoch:  38
Epoch: 039, Training Time: 6.4302 secs
Epoch: 039, Validation Time: 0.5472 secs
-----------------------
Epoch: 039, Train Loss: 0.3158, Train MSE: 0.2701, Train MAE: 0.3401
Epoch: 039, Valid Loss: 0.7472, Valid MSE: 0.2280, Valid MAE: 0.3446
###Update tasks appear###
Test low! Updating! Test MSE: 0.1883, Test MAE: 0.3071, Test low! Updating! Valid Loss: 0.7472, epoch:  39
Epoch: 040, Training Time: 6.0063 secs
Epoch: 040, Validation Time: 0.5057 secs
-----------------------
Epoch: 040, Train Loss: 0.3152, Train MSE: 0.2693, Train MAE: 0.3395
Epoch: 040, Valid Loss: 0.7430, Valid MSE: 0.2275, Valid MAE: 0.3440
###Update tasks appear###
Test low! Updating! Test MSE: 0.1877, Test MAE: 0.3066, Test low! Updating! Valid Loss: 0.7430, epoch:  40
Epoch: 041, Training Time: 6.1363 secs
Epoch: 041, Validation Time: 0.5230 secs
-----------------------
Epoch: 041, Train Loss: 0.3143, Train MSE: 0.2687, Train MAE: 0.3390
Epoch: 041, Valid Loss: 0.7294, Valid MSE: 0.2272, Valid MAE: 0.3438
###Update tasks appear###
No update
Epoch: 042, Training Time: 5.9793 secs
Epoch: 042, Validation Time: 0.5066 secs
-----------------------
Epoch: 042, Train Loss: 0.3138, Train MSE: 0.2686, Train MAE: 0.3389
Epoch: 042, Valid Loss: 0.7330, Valid MSE: 0.2268, Valid MAE: 0.3433
###Update tasks appear###
Test low! Updating! Test MSE: 0.1871, Test MAE: 0.3061, Test low! Updating! Valid Loss: 0.7330, epoch:  42
Epoch: 043, Training Time: 6.1799 secs
Epoch: 043, Validation Time: 0.5620 secs
-----------------------
Epoch: 043, Train Loss: 0.3128, Train MSE: 0.2677, Train MAE: 0.3383
Epoch: 043, Valid Loss: 0.7302, Valid MSE: 0.2264, Valid MAE: 0.3429
###Update tasks appear###
Test low! Updating! Test MSE: 0.1864, Test MAE: 0.3055, Test low! Updating! Valid Loss: 0.7302, epoch:  43
Epoch: 044, Training Time: 6.2996 secs
Epoch: 044, Validation Time: 0.5040 secs
-----------------------
Epoch: 044, Train Loss: 0.3121, Train MSE: 0.2672, Train MAE: 0.3377
Epoch: 044, Valid Loss: 0.7193, Valid MSE: 0.2261, Valid MAE: 0.3426
###Update tasks appear###
Test low! Updating! Test MSE: 0.1861, Test MAE: 0.3052, Test low! Updating! Valid Loss: 0.7193, epoch:  44
Epoch: 045, Training Time: 6.0093 secs
Epoch: 045, Validation Time: 0.5105 secs
-----------------------
Epoch: 045, Train Loss: 0.3116, Train MSE: 0.2670, Train MAE: 0.3375
Epoch: 045, Valid Loss: 0.7148, Valid MSE: 0.2258, Valid MAE: 0.3423
###Update tasks appear###
Test low! Updating! Test MSE: 0.1856, Test MAE: 0.3048, Test low! Updating! Valid Loss: 0.7148, epoch:  45
Epoch: 046, Training Time: 6.5275 secs
Epoch: 046, Validation Time: 0.4883 secs
-----------------------
Epoch: 046, Train Loss: 0.3111, Train MSE: 0.2662, Train MAE: 0.3370
Epoch: 046, Valid Loss: 0.7085, Valid MSE: 0.2256, Valid MAE: 0.3420
###Update tasks appear###
No update
Epoch: 047, Training Time: 6.1316 secs
Epoch: 047, Validation Time: 0.5127 secs
-----------------------
Epoch: 047, Train Loss: 0.3103, Train MSE: 0.2658, Train MAE: 0.3366
Epoch: 047, Valid Loss: 0.7115, Valid MSE: 0.2254, Valid MAE: 0.3418
###Update tasks appear###
No update
Epoch: 048, Training Time: 6.5440 secs
Epoch: 048, Validation Time: 0.5711 secs
-----------------------
Epoch: 048, Train Loss: 0.3099, Train MSE: 0.2656, Train MAE: 0.3365
Epoch: 048, Valid Loss: 0.7134, Valid MSE: 0.2251, Valid MAE: 0.3415
###Update tasks appear###
Test low! Updating! Test MSE: 0.1851, Test MAE: 0.3044, Test low! Updating! Valid Loss: 0.7134, epoch:  48
Epoch: 049, Training Time: 6.0343 secs
Epoch: 049, Validation Time: 0.5384 secs
-----------------------
Epoch: 049, Train Loss: 0.3091, Train MSE: 0.2651, Train MAE: 0.3361
Epoch: 049, Valid Loss: 0.7154, Valid MSE: 0.2249, Valid MAE: 0.3413
No update
Epoch: 050, Training Time: 6.0619 secs
Epoch: 050, Validation Time: 0.5542 secs
-----------------------
Epoch: 050, Train Loss: 0.3088, Train MSE: 0.2651, Train MAE: 0.3360
Epoch: 050, Valid Loss: 0.7131, Valid MSE: 0.2247, Valid MAE: 0.3411
###Update tasks appear###
Test low! Updating! Test MSE: 0.1843, Test MAE: 0.3038, Test low! Updating! Valid Loss: 0.7131, epoch:  50
Epoch: 051, Training Time: 6.6376 secs
Epoch: 051, Validation Time: 0.5094 secs
-----------------------
Epoch: 051, Train Loss: 0.3080, Train MSE: 0.2645, Train MAE: 0.3355
Epoch: 051, Valid Loss: 0.7115, Valid MSE: 0.2245, Valid MAE: 0.3409
###Update tasks appear###
Test low! Updating! Test MSE: 0.1843, Test MAE: 0.3038, Test low! Updating! Valid Loss: 0.7115, epoch:  51
Epoch: 052, Training Time: 6.0249 secs
Epoch: 052, Validation Time: 0.5128 secs
-----------------------
Epoch: 052, Train Loss: 0.3075, Train MSE: 0.2640, Train MAE: 0.3352
Epoch: 052, Valid Loss: 0.7076, Valid MSE: 0.2243, Valid MAE: 0.3407
###Update tasks appear###
Test low! Updating! Test MSE: 0.1840, Test MAE: 0.3036, Test low! Updating! Valid Loss: 0.7076, epoch:  52
Epoch: 053, Training Time: 6.7554 secs
Epoch: 053, Validation Time: 0.5858 secs
-----------------------
Epoch: 053, Train Loss: 0.3068, Train MSE: 0.2637, Train MAE: 0.3350
Epoch: 053, Valid Loss: 0.7081, Valid MSE: 0.2241, Valid MAE: 0.3405
No update
Epoch: 054, Training Time: 6.0418 secs
Epoch: 054, Validation Time: 0.5193 secs
-----------------------
Epoch: 054, Train Loss: 0.3063, Train MSE: 0.2633, Train MAE: 0.3346
Epoch: 054, Valid Loss: 0.7060, Valid MSE: 0.2240, Valid MAE: 0.3403
###Update tasks appear###
Test low! Updating! Test MSE: 0.1836, Test MAE: 0.3032, Test low! Updating! Valid Loss: 0.7060, epoch:  54
Epoch: 055, Training Time: 6.0663 secs
Epoch: 055, Validation Time: 0.5487 secs
-----------------------
Epoch: 055, Train Loss: 0.3059, Train MSE: 0.2634, Train MAE: 0.3347
Epoch: 055, Valid Loss: 0.7033, Valid MSE: 0.2239, Valid MAE: 0.3403
###Update tasks appear###
Test low! Updating! Test MSE: 0.1831, Test MAE: 0.3029, Test low! Updating! Valid Loss: 0.7033, epoch:  55
Epoch: 056, Training Time: 6.7471 secs
Epoch: 056, Validation Time: 0.5140 secs
-----------------------
Epoch: 056, Train Loss: 0.3056, Train MSE: 0.2631, Train MAE: 0.3344
Epoch: 056, Valid Loss: 0.7024, Valid MSE: 0.2237, Valid MAE: 0.3401
###Update tasks appear###
No update
Epoch: 057, Training Time: 6.0227 secs
Epoch: 057, Validation Time: 0.5077 secs
-----------------------
Epoch: 057, Train Loss: 0.3052, Train MSE: 0.2630, Train MAE: 0.3343
Epoch: 057, Valid Loss: 0.7032, Valid MSE: 0.2236, Valid MAE: 0.3401
###Update tasks appear###
Test low! Updating! Test MSE: 0.1829, Test MAE: 0.3027, Test low! Updating! Valid Loss: 0.7032, epoch:  57
Epoch: 058, Training Time: 6.5603 secs
Epoch: 058, Validation Time: 0.6065 secs
-----------------------
Epoch: 058, Train Loss: 0.3048, Train MSE: 0.2624, Train MAE: 0.3340
Epoch: 058, Valid Loss: 0.7009, Valid MSE: 0.2235, Valid MAE: 0.3400
###Update tasks appear###
Test low! Updating! Test MSE: 0.1828, Test MAE: 0.3026, Test low! Updating! Valid Loss: 0.7009, epoch:  58
Epoch: 059, Training Time: 6.0550 secs
Epoch: 059, Validation Time: 0.5313 secs
-----------------------
Epoch: 059, Train Loss: 0.3042, Train MSE: 0.2623, Train MAE: 0.3338
Epoch: 059, Valid Loss: 0.6991, Valid MSE: 0.2234, Valid MAE: 0.3399
###Update tasks appear###
Test low! Updating! Test MSE: 0.1823, Test MAE: 0.3023, Test low! Updating! Valid Loss: 0.6991, epoch:  59
Epoch: 060, Training Time: 6.1779 secs
Epoch: 060, Validation Time: 0.5809 secs
-----------------------
Epoch: 060, Train Loss: 0.3036, Train MSE: 0.2619, Train MAE: 0.3335
Epoch: 060, Valid Loss: 0.6970, Valid MSE: 0.2233, Valid MAE: 0.3397
###Update tasks appear###
Test low! Updating! Test MSE: 0.1821, Test MAE: 0.3022, Test low! Updating! Valid Loss: 0.6970, epoch:  60
Epoch: 061, Training Time: 5.9761 secs
Epoch: 061, Validation Time: 0.5207 secs
-----------------------
Epoch: 061, Train Loss: 0.3034, Train MSE: 0.2617, Train MAE: 0.3333
Epoch: 061, Valid Loss: 0.6968, Valid MSE: 0.2232, Valid MAE: 0.3396
###Update tasks appear###
Test low! Updating! Test MSE: 0.1819, Test MAE: 0.3020, Test low! Updating! Valid Loss: 0.6968, epoch:  61
Epoch: 062, Training Time: 6.1764 secs
Epoch: 062, Validation Time: 0.5485 secs
-----------------------
Epoch: 062, Train Loss: 0.3026, Train MSE: 0.2616, Train MAE: 0.3332
Epoch: 062, Valid Loss: 0.6930, Valid MSE: 0.2231, Valid MAE: 0.3395
###Update tasks appear###
Test low! Updating! Test MSE: 0.1818, Test MAE: 0.3019, Test low! Updating! Valid Loss: 0.6930, epoch:  62
Epoch: 063, Training Time: 6.2647 secs
Epoch: 063, Validation Time: 0.5005 secs
-----------------------
Epoch: 063, Train Loss: 0.3024, Train MSE: 0.2612, Train MAE: 0.3330
Epoch: 063, Valid Loss: 0.6921, Valid MSE: 0.2230, Valid MAE: 0.3394
###Update tasks appear###
Test low! Updating! Test MSE: 0.1817, Test MAE: 0.3018, Test low! Updating! Valid Loss: 0.6921, epoch:  63
Epoch: 064, Training Time: 6.7185 secs
Epoch: 064, Validation Time: 0.5518 secs
-----------------------
Epoch: 064, Train Loss: 0.3020, Train MSE: 0.2612, Train MAE: 0.3330
Epoch: 064, Valid Loss: 0.6925, Valid MSE: 0.2229, Valid MAE: 0.3394
No update
Epoch: 065, Training Time: 6.4479 secs
Epoch: 065, Validation Time: 0.5797 secs
-----------------------
Epoch: 065, Train Loss: 0.3016, Train MSE: 0.2606, Train MAE: 0.3326
Epoch: 065, Valid Loss: 0.6904, Valid MSE: 0.2229, Valid MAE: 0.3394
###Update tasks appear###
Test low! Updating! Test MSE: 0.1815, Test MAE: 0.3017, Test low! Updating! Valid Loss: 0.6904, epoch:  65
Epoch: 066, Training Time: 6.0375 secs
Epoch: 066, Validation Time: 0.5361 secs
-----------------------
Epoch: 066, Train Loss: 0.3012, Train MSE: 0.2610, Train MAE: 0.3328
Epoch: 066, Valid Loss: 0.6884, Valid MSE: 0.2228, Valid MAE: 0.3394
###Update tasks appear###
Test low! Updating! Test MSE: 0.1812, Test MAE: 0.3014, Test low! Updating! Valid Loss: 0.6884, epoch:  66
Epoch: 067, Training Time: 6.1336 secs
Epoch: 067, Validation Time: 0.5705 secs
-----------------------
Epoch: 067, Train Loss: 0.3008, Train MSE: 0.2607, Train MAE: 0.3326
Epoch: 067, Valid Loss: 0.6854, Valid MSE: 0.2228, Valid MAE: 0.3393
###Update tasks appear###
Test low! Updating! Test MSE: 0.1812, Test MAE: 0.3014, Test low! Updating! Valid Loss: 0.6854, epoch:  67
Epoch: 068, Training Time: 5.9757 secs
Epoch: 068, Validation Time: 0.4896 secs
-----------------------
Epoch: 068, Train Loss: 0.3006, Train MSE: 0.2603, Train MAE: 0.3323
Epoch: 068, Valid Loss: 0.6841, Valid MSE: 0.2228, Valid MAE: 0.3393
###Update tasks appear###
Test low! Updating! Test MSE: 0.1810, Test MAE: 0.3013, Test low! Updating! Valid Loss: 0.6841, epoch:  68
Epoch: 069, Training Time: 6.0457 secs
Epoch: 069, Validation Time: 0.5571 secs
-----------------------
Epoch: 069, Train Loss: 0.3002, Train MSE: 0.2604, Train MAE: 0.3323
Epoch: 069, Valid Loss: 0.6836, Valid MSE: 0.2227, Valid MAE: 0.3393
###Update tasks appear###
Test low! Updating! Test MSE: 0.1806, Test MAE: 0.3011, Test low! Updating! Valid Loss: 0.6836, epoch:  69
Epoch: 070, Training Time: 6.1551 secs
Epoch: 070, Validation Time: 0.5087 secs
-----------------------
Epoch: 070, Train Loss: 0.2998, Train MSE: 0.2602, Train MAE: 0.3322
Epoch: 070, Valid Loss: 0.6826, Valid MSE: 0.2227, Valid MAE: 0.3392
###Update tasks appear###
No update
Epoch: 071, Training Time: 6.1706 secs
Epoch: 071, Validation Time: 0.5342 secs
-----------------------
Epoch: 071, Train Loss: 0.2991, Train MSE: 0.2597, Train MAE: 0.3318
Epoch: 071, Valid Loss: 0.6802, Valid MSE: 0.2226, Valid MAE: 0.3392
###Update tasks appear###
Test low! Updating! Test MSE: 0.1805, Test MAE: 0.3010, Test low! Updating! Valid Loss: 0.6802, epoch:  71
Epoch: 072, Training Time: 6.7201 secs
Epoch: 072, Validation Time: 0.5140 secs
-----------------------
Epoch: 072, Train Loss: 0.2991, Train MSE: 0.2598, Train MAE: 0.3320
Epoch: 072, Valid Loss: 0.6785, Valid MSE: 0.2226, Valid MAE: 0.3392
###Update tasks appear###
Test low! Updating! Test MSE: 0.1804, Test MAE: 0.3009, Test low! Updating! Valid Loss: 0.6785, epoch:  72
Epoch: 073, Training Time: 6.0953 secs
Epoch: 073, Validation Time: 0.5197 secs
-----------------------
Epoch: 073, Train Loss: 0.2985, Train MSE: 0.2595, Train MAE: 0.3318
Epoch: 073, Valid Loss: 0.6780, Valid MSE: 0.2226, Valid MAE: 0.3391
###Update tasks appear###
No update
Epoch: 074, Training Time: 6.5476 secs
Epoch: 074, Validation Time: 0.6192 secs
-----------------------
Epoch: 074, Train Loss: 0.2984, Train MSE: 0.2601, Train MAE: 0.3320
Epoch: 074, Valid Loss: 0.6770, Valid MSE: 0.2226, Valid MAE: 0.3392
###Update tasks appear###
Test low! Updating! Test MSE: 0.1802, Test MAE: 0.3007, Test low! Updating! Valid Loss: 0.6770, epoch:  74
Epoch: 075, Training Time: 6.0416 secs
Epoch: 075, Validation Time: 0.5051 secs
-----------------------
Epoch: 075, Train Loss: 0.2979, Train MSE: 0.2594, Train MAE: 0.3317
Epoch: 075, Valid Loss: 0.6759, Valid MSE: 0.2225, Valid MAE: 0.3392
###Update tasks appear###
Test low! Updating! Test MSE: 0.1801, Test MAE: 0.3007, Test low! Updating! Valid Loss: 0.6759, epoch:  75
Epoch: 076, Training Time: 6.0848 secs
Epoch: 076, Validation Time: 0.5723 secs
-----------------------
Epoch: 076, Train Loss: 0.2975, Train MSE: 0.2592, Train MAE: 0.3315
Epoch: 076, Valid Loss: 0.6749, Valid MSE: 0.2225, Valid MAE: 0.3392
###Update tasks appear###
No update
Epoch: 077, Training Time: 6.0584 secs
Epoch: 077, Validation Time: 0.4902 secs
-----------------------
Epoch: 077, Train Loss: 0.2973, Train MSE: 0.2591, Train MAE: 0.3315
Epoch: 077, Valid Loss: 0.6746, Valid MSE: 0.2225, Valid MAE: 0.3392
###Update tasks appear###
Test low! Updating! Test MSE: 0.1801, Test MAE: 0.3006, Test low! Updating! Valid Loss: 0.6746, epoch:  77
Epoch: 078, Training Time: 5.9973 secs
Epoch: 078, Validation Time: 0.5293 secs
-----------------------
Epoch: 078, Train Loss: 0.2970, Train MSE: 0.2593, Train MAE: 0.3316
Epoch: 078, Valid Loss: 0.6737, Valid MSE: 0.2225, Valid MAE: 0.3392
###Update tasks appear###
Test low! Updating! Test MSE: 0.1800, Test MAE: 0.3006, Test low! Updating! Valid Loss: 0.6737, epoch:  78
Epoch: 079, Training Time: 6.4720 secs
Epoch: 079, Validation Time: 0.5312 secs
-----------------------
Epoch: 079, Train Loss: 0.2966, Train MSE: 0.2590, Train MAE: 0.3314
Epoch: 079, Valid Loss: 0.6725, Valid MSE: 0.2225, Valid MAE: 0.3392
###Update tasks appear###
Test low! Updating! Test MSE: 0.1799, Test MAE: 0.3005, Test low! Updating! Valid Loss: 0.6725, epoch:  79
Epoch: 080, Training Time: 6.0912 secs
Epoch: 080, Validation Time: 0.5201 secs
-----------------------
Epoch: 080, Train Loss: 0.2964, Train MSE: 0.2590, Train MAE: 0.3315
Epoch: 080, Valid Loss: 0.6721, Valid MSE: 0.2224, Valid MAE: 0.3391
###Update tasks appear###
Test low! Updating! Test MSE: 0.1799, Test MAE: 0.3005, Test low! Updating! Valid Loss: 0.6721, epoch:  80
Epoch: 081, Training Time: 6.5534 secs
Epoch: 081, Validation Time: 0.4969 secs
-----------------------
Epoch: 081, Train Loss: 0.2961, Train MSE: 0.2591, Train MAE: 0.3313
Epoch: 081, Valid Loss: 0.6713, Valid MSE: 0.2224, Valid MAE: 0.3391
###Update tasks appear###
Test low! Updating! Test MSE: 0.1798, Test MAE: 0.3004, Test low! Updating! Valid Loss: 0.6713, epoch:  81
Epoch: 082, Training Time: 6.0160 secs
Epoch: 082, Validation Time: 0.5391 secs
-----------------------
Epoch: 082, Train Loss: 0.2956, Train MSE: 0.2589, Train MAE: 0.3313
Epoch: 082, Valid Loss: 0.6707, Valid MSE: 0.2224, Valid MAE: 0.3392
###Update tasks appear###
Test low! Updating! Test MSE: 0.1797, Test MAE: 0.3004, Test low! Updating! Valid Loss: 0.6707, epoch:  82
Epoch: 083, Training Time: 6.2522 secs
Epoch: 083, Validation Time: 0.5806 secs
-----------------------
Epoch: 083, Train Loss: 0.2958, Train MSE: 0.2590, Train MAE: 0.3313
Epoch: 083, Valid Loss: 0.6701, Valid MSE: 0.2224, Valid MAE: 0.3392
###Update tasks appear###
Test low! Updating! Test MSE: 0.1797, Test MAE: 0.3004, Test low! Updating! Valid Loss: 0.6701, epoch:  83
Epoch: 084, Training Time: 6.0334 secs
Epoch: 084, Validation Time: 0.5151 secs
-----------------------
Epoch: 084, Train Loss: 0.2953, Train MSE: 0.2590, Train MAE: 0.3314
Epoch: 084, Valid Loss: 0.6696, Valid MSE: 0.2224, Valid MAE: 0.3392
###Update tasks appear###
Test low! Updating! Test MSE: 0.1796, Test MAE: 0.3003, Test low! Updating! Valid Loss: 0.6696, epoch:  84
Epoch: 085, Training Time: 6.2347 secs
Epoch: 085, Validation Time: 0.5542 secs
-----------------------
Epoch: 085, Train Loss: 0.2948, Train MSE: 0.2588, Train MAE: 0.3312
Epoch: 085, Valid Loss: 0.6697, Valid MSE: 0.2224, Valid MAE: 0.3392
No update
Epoch: 086, Training Time: 6.7126 secs
Epoch: 086, Validation Time: 0.4912 secs
-----------------------
Epoch: 086, Train Loss: 0.2948, Train MSE: 0.2589, Train MAE: 0.3313
Epoch: 086, Valid Loss: 0.6687, Valid MSE: 0.2224, Valid MAE: 0.3392
###Update tasks appear###
Test low! Updating! Test MSE: 0.1795, Test MAE: 0.3002, Test low! Updating! Valid Loss: 0.6687, epoch:  86
Epoch: 087, Training Time: 6.0875 secs
Epoch: 087, Validation Time: 0.5192 secs
-----------------------
Epoch: 087, Train Loss: 0.2949, Train MSE: 0.2590, Train MAE: 0.3313
Epoch: 087, Valid Loss: 0.6684, Valid MSE: 0.2224, Valid MAE: 0.3392
###Update tasks appear###
Test low! Updating! Test MSE: 0.1794, Test MAE: 0.3002, Test low! Updating! Valid Loss: 0.6684, epoch:  87
Epoch: 088, Training Time: 6.2420 secs
Epoch: 088, Validation Time: 0.5840 secs
-----------------------
Epoch: 088, Train Loss: 0.2945, Train MSE: 0.2585, Train MAE: 0.3310
Epoch: 088, Valid Loss: 0.6682, Valid MSE: 0.2224, Valid MAE: 0.3392
###Update tasks appear###
Test low! Updating! Test MSE: 0.1794, Test MAE: 0.3002, Test low! Updating! Valid Loss: 0.6682, epoch:  88
Epoch: 089, Training Time: 5.9820 secs
Epoch: 089, Validation Time: 0.5193 secs
-----------------------
Epoch: 089, Train Loss: 0.2942, Train MSE: 0.2582, Train MAE: 0.3308
Epoch: 089, Valid Loss: 0.6679, Valid MSE: 0.2224, Valid MAE: 0.3392
###Update tasks appear###
Test low! Updating! Test MSE: 0.1794, Test MAE: 0.3002, Test low! Updating! Valid Loss: 0.6679, epoch:  89
Epoch: 090, Training Time: 6.0884 secs
Epoch: 090, Validation Time: 0.5095 secs
-----------------------
Epoch: 090, Train Loss: 0.2942, Train MSE: 0.2587, Train MAE: 0.3311
Epoch: 090, Valid Loss: 0.6675, Valid MSE: 0.2224, Valid MAE: 0.3392
###Update tasks appear###
Test low! Updating! Test MSE: 0.1794, Test MAE: 0.3001, Test low! Updating! Valid Loss: 0.6675, epoch:  90
Epoch: 091, Training Time: 6.2207 secs
Epoch: 091, Validation Time: 0.5261 secs
-----------------------
Epoch: 091, Train Loss: 0.2940, Train MSE: 0.2584, Train MAE: 0.3310
Epoch: 091, Valid Loss: 0.6672, Valid MSE: 0.2224, Valid MAE: 0.3392
###Update tasks appear###
Test low! Updating! Test MSE: 0.1793, Test MAE: 0.3001, Test low! Updating! Valid Loss: 0.6672, epoch:  91
Epoch: 092, Training Time: 6.0587 secs
Epoch: 092, Validation Time: 0.5248 secs
-----------------------
Epoch: 092, Train Loss: 0.2940, Train MSE: 0.2583, Train MAE: 0.3309
Epoch: 092, Valid Loss: 0.6673, Valid MSE: 0.2224, Valid MAE: 0.3392
No update
Epoch: 093, Training Time: 6.4109 secs
Epoch: 093, Validation Time: 0.5962 secs
-----------------------
Epoch: 093, Train Loss: 0.2937, Train MSE: 0.2584, Train MAE: 0.3308
Epoch: 093, Valid Loss: 0.6671, Valid MSE: 0.2224, Valid MAE: 0.3392
###Update tasks appear###
Test low! Updating! Test MSE: 0.1793, Test MAE: 0.3001, Test low! Updating! Valid Loss: 0.6671, epoch:  93
Epoch: 094, Training Time: 6.0522 secs
Epoch: 094, Validation Time: 0.4940 secs
-----------------------
Epoch: 094, Train Loss: 0.2937, Train MSE: 0.2584, Train MAE: 0.3309
Epoch: 094, Valid Loss: 0.6669, Valid MSE: 0.2224, Valid MAE: 0.3393
###Update tasks appear###
Test low! Updating! Test MSE: 0.1793, Test MAE: 0.3001, Test low! Updating! Valid Loss: 0.6669, epoch:  94
Epoch: 095, Training Time: 6.0951 secs
Epoch: 095, Validation Time: 0.5461 secs
-----------------------
Epoch: 095, Train Loss: 0.2935, Train MSE: 0.2585, Train MAE: 0.3309
Epoch: 095, Valid Loss: 0.6669, Valid MSE: 0.2224, Valid MAE: 0.3393
###Update tasks appear###
Test low! Updating! Test MSE: 0.1793, Test MAE: 0.3001, Test low! Updating! Valid Loss: 0.6669, epoch:  95
Epoch: 096, Training Time: 5.9776 secs
Epoch: 096, Validation Time: 0.5109 secs
-----------------------
Epoch: 096, Train Loss: 0.2936, Train MSE: 0.2586, Train MAE: 0.3311
Epoch: 096, Valid Loss: 0.6667, Valid MSE: 0.2224, Valid MAE: 0.3393
###Update tasks appear###
Test low! Updating! Test MSE: 0.1793, Test MAE: 0.3001, Test low! Updating! Valid Loss: 0.6667, epoch:  96
Epoch: 097, Training Time: 6.0671 secs
Epoch: 097, Validation Time: 0.5249 secs
-----------------------
Epoch: 097, Train Loss: 0.2934, Train MSE: 0.2584, Train MAE: 0.3310
Epoch: 097, Valid Loss: 0.6666, Valid MSE: 0.2224, Valid MAE: 0.3393
###Update tasks appear###
Test low! Updating! Test MSE: 0.1793, Test MAE: 0.3001, Test low! Updating! Valid Loss: 0.6666, epoch:  97
Epoch: 098, Training Time: 6.6293 secs
Epoch: 098, Validation Time: 0.5218 secs
-----------------------
Epoch: 098, Train Loss: 0.2933, Train MSE: 0.2583, Train MAE: 0.3308
Epoch: 098, Valid Loss: 0.6666, Valid MSE: 0.2224, Valid MAE: 0.3393
###Update tasks appear###
Test low! Updating! Test MSE: 0.1793, Test MAE: 0.3001, Test low! Updating! Valid Loss: 0.6666, epoch:  98
Epoch: 099, Training Time: 6.0409 secs
Epoch: 099, Validation Time: 0.5318 secs
-----------------------
Epoch: 099, Train Loss: 0.2932, Train MSE: 0.2583, Train MAE: 0.3309
Epoch: 099, Valid Loss: 0.6666, Valid MSE: 0.2224, Valid MAE: 0.3393
###Update tasks appear###
Test low! Updating! Test MSE: 0.1793, Test MAE: 0.3001, Test low! Updating! Valid Loss: 0.6666, epoch:  99
Epoch: 100, Training Time: 6.5918 secs
Epoch: 100, Validation Time: 0.5726 secs
-----------------------
Epoch: 100, Train Loss: 0.2933, Train MSE: 0.2584, Train MAE: 0.3309
Epoch: 100, Valid Loss: 0.6666, Valid MSE: 0.2224, Valid MAE: 0.3393
###Update tasks appear###
Test low! Updating! Test MSE: 0.1793, Test MAE: 0.3001, Test low! Updating! Valid Loss: 0.6666, epoch:  100
Average Training Time: 6.2216 secs/epoch
Average Validation Time: 0.5323 secs
Training ends
The epoch of the best result： 100
The valid loss of the best model 0.6666
Test time (total): 3.9373 seconds
On average horizons, Test MSE: 0.1793, Test MAE: 0.3001
Average Testing Time: nan secs
Total time spent: 1016.3296
