Namespace(att_w=0.01, batch_size=16, channel=64, d_llm=768, data_path='ETTh2', device='cuda:0', dropout_n=0.5, e_layer=2, epochs=100, es_patience=50, fcst_w=1, feature_w=0.01, head=4, lrate=1e-05, model_name='gpt2', num_nodes=7, num_workers=10, pred_len=24, recon_w=0.5, save='./logs/2025-10-10-15:24:23-', seed=6666, seq_len=96, weight_decay=0.001)
The number of trainable parameters: 1711792
The number of parameters: 1711792
Dual(
  (normalize_layers): Normalize()
  (length_to_feature): Linear(in_features=96, out_features=64, bias=True)
  (token_to_feature): Linear(in_features=768, out_features=64, bias=True)
  (ts_encoder): Encoder(
    (attn_layers): ModuleList(
      (0-1): 2 x EncoderLayer(
        (attention): AttentionLayer(
          (inner_attention): FullAttention(
            (dropout): Dropout(p=0.5, inplace=False)
          )
          (query_projection): Linear(in_features=64, out_features=64, bias=True)
          (key_projection): Linear(in_features=64, out_features=64, bias=True)
          (value_projection): Linear(in_features=64, out_features=64, bias=True)
          (out_projection): Linear(in_features=64, out_features=64, bias=True)
        )
        (conv1): Conv1d(64, 3072, kernel_size=(1,), stride=(1,))
        (conv2): Conv1d(3072, 64, kernel_size=(1,), stride=(1,))
        (norm1): LayerNorm((64,), eps=1e-05, elementwise_affine=True)
        (norm2): LayerNorm((64,), eps=1e-05, elementwise_affine=True)
        (dropout): Dropout(p=0.5, inplace=False)
      )
    )
    (norm): LayerNorm((64,), eps=1e-05, elementwise_affine=True)
  )
  (prompt_encoder): Encoder(
    (attn_layers): ModuleList(
      (0-1): 2 x EncoderLayer(
        (attention): AttentionLayer(
          (inner_attention): FullAttention(
            (dropout): Dropout(p=0.5, inplace=False)
          )
          (query_projection): Linear(in_features=64, out_features=64, bias=True)
          (key_projection): Linear(in_features=64, out_features=64, bias=True)
          (value_projection): Linear(in_features=64, out_features=64, bias=True)
          (out_projection): Linear(in_features=64, out_features=64, bias=True)
        )
        (conv1): Conv1d(64, 3072, kernel_size=(1,), stride=(1,))
        (conv2): Conv1d(3072, 64, kernel_size=(1,), stride=(1,))
        (norm1): LayerNorm((64,), eps=1e-05, elementwise_affine=True)
        (norm2): LayerNorm((64,), eps=1e-05, elementwise_affine=True)
        (dropout): Dropout(p=0.5, inplace=False)
      )
    )
    (norm): LayerNorm((64,), eps=1e-05, elementwise_affine=True)
  )
  (ts_proj): Linear(in_features=64, out_features=24, bias=True)
  (prompt_proj): Linear(in_features=64, out_features=24, bias=True)
)
Start training...
Epoch: 001, Training Time: 8.5340 secs
Epoch: 001, Validation Time: 1.1871 secs
-----------------------
Epoch: 001, Train Loss: 0.4096, Train MSE: 0.4093, Train MAE: 0.3738
Epoch: 001, Valid Loss: 0.3691, Valid MSE: 0.1792, Valid MAE: 0.2999
###Update tasks appear###
Updating! Valid Loss:0.3691, epoch:  1
Epoch: 002, Training Time: 8.2463 secs
Epoch: 002, Validation Time: 1.2126 secs
-----------------------
Epoch: 002, Train Loss: 0.3621, Train MSE: 0.3683, Train MAE: 0.3508
Epoch: 002, Valid Loss: 0.3355, Valid MSE: 0.1647, Valid MAE: 0.2862
###Update tasks appear###
Updating! Valid Loss:0.3355, epoch:  2
Epoch: 003, Training Time: 8.3213 secs
Epoch: 003, Validation Time: 1.2099 secs
-----------------------
Epoch: 003, Train Loss: 0.3368, Train MSE: 0.3469, Train MAE: 0.3400
Epoch: 003, Valid Loss: 0.3147, Valid MSE: 0.1547, Valid MAE: 0.2762
###Update tasks appear###
Updating! Valid Loss:0.3147, epoch:  3
Epoch: 004, Training Time: 8.3084 secs
Epoch: 004, Validation Time: 1.2128 secs
-----------------------
Epoch: 004, Train Loss: 0.3183, Train MSE: 0.3306, Train MAE: 0.3317
Epoch: 004, Valid Loss: 0.3009, Valid MSE: 0.1478, Valid MAE: 0.2693
###Update tasks appear###
Updating! Valid Loss:0.3009, epoch:  4
Epoch: 005, Training Time: 8.2418 secs
Epoch: 005, Validation Time: 1.2065 secs
-----------------------
Epoch: 005, Train Loss: 0.3041, Train MSE: 0.3184, Train MAE: 0.3257
Epoch: 005, Valid Loss: 0.2892, Valid MSE: 0.1432, Valid MAE: 0.2645
###Update tasks appear###
Updating! Valid Loss:0.2892, epoch:  5
Epoch: 006, Training Time: 8.2938 secs
Epoch: 006, Validation Time: 1.2163 secs
-----------------------
Epoch: 006, Train Loss: 0.2930, Train MSE: 0.3102, Train MAE: 0.3215
Epoch: 006, Valid Loss: 0.2802, Valid MSE: 0.1398, Valid MAE: 0.2611
###Update tasks appear###
Updating! Valid Loss:0.2802, epoch:  6
Epoch: 007, Training Time: 8.3690 secs
Epoch: 007, Validation Time: 1.2503 secs
-----------------------
Epoch: 007, Train Loss: 0.2833, Train MSE: 0.3038, Train MAE: 0.3182
Epoch: 007, Valid Loss: 0.2729, Valid MSE: 0.1374, Valid MAE: 0.2587
###Update tasks appear###
Updating! Valid Loss:0.2729, epoch:  7
Epoch: 008, Training Time: 8.3213 secs
Epoch: 008, Validation Time: 1.2117 secs
-----------------------
Epoch: 008, Train Loss: 0.2751, Train MSE: 0.2981, Train MAE: 0.3153
Epoch: 008, Valid Loss: 0.2668, Valid MSE: 0.1354, Valid MAE: 0.2567
###Update tasks appear###
Updating! Valid Loss:0.2668, epoch:  8
Epoch: 009, Training Time: 8.2918 secs
Epoch: 009, Validation Time: 1.2073 secs
-----------------------
Epoch: 009, Train Loss: 0.2683, Train MSE: 0.2937, Train MAE: 0.3131
Epoch: 009, Valid Loss: 0.2614, Valid MSE: 0.1338, Valid MAE: 0.2552
###Update tasks appear###
Updating! Valid Loss:0.2614, epoch:  9
Epoch: 010, Training Time: 8.3358 secs
Epoch: 010, Validation Time: 1.2155 secs
-----------------------
Epoch: 010, Train Loss: 0.2619, Train MSE: 0.2902, Train MAE: 0.3112
Epoch: 010, Valid Loss: 0.2565, Valid MSE: 0.1325, Valid MAE: 0.2539
###Update tasks appear###
Updating! Valid Loss:0.2565, epoch:  10
Epoch: 011, Training Time: 8.3296 secs
Epoch: 011, Validation Time: 1.1667 secs
-----------------------
Epoch: 011, Train Loss: 0.2559, Train MSE: 0.2862, Train MAE: 0.3093
Epoch: 011, Valid Loss: 0.2527, Valid MSE: 0.1315, Valid MAE: 0.2529
###Update tasks appear###
Test low! Updating! Test MSE: 0.1876, Test MAE: 0.2759, Test low! Updating! Valid Loss: 0.2527, epoch:  11
Epoch: 012, Training Time: 8.3580 secs
Epoch: 012, Validation Time: 1.2145 secs
-----------------------
Epoch: 012, Train Loss: 0.2506, Train MSE: 0.2823, Train MAE: 0.3076
Epoch: 012, Valid Loss: 0.2498, Valid MSE: 0.1306, Valid MAE: 0.2520
###Update tasks appear###
Test low! Updating! Test MSE: 0.1868, Test MAE: 0.2752, Test low! Updating! Valid Loss: 0.2498, epoch:  12
Epoch: 013, Training Time: 8.3441 secs
Epoch: 013, Validation Time: 1.2095 secs
-----------------------
Epoch: 013, Train Loss: 0.2457, Train MSE: 0.2795, Train MAE: 0.3060
Epoch: 013, Valid Loss: 0.2465, Valid MSE: 0.1297, Valid MAE: 0.2511
###Update tasks appear###
Test low! Updating! Test MSE: 0.1858, Test MAE: 0.2743, Test low! Updating! Valid Loss: 0.2465, epoch:  13
Epoch: 014, Training Time: 8.4101 secs
Epoch: 014, Validation Time: 1.2212 secs
-----------------------
Epoch: 014, Train Loss: 0.2412, Train MSE: 0.2772, Train MAE: 0.3048
Epoch: 014, Valid Loss: 0.2449, Valid MSE: 0.1291, Valid MAE: 0.2505
###Update tasks appear###
Test low! Updating! Test MSE: 0.1855, Test MAE: 0.2740, Test low! Updating! Valid Loss: 0.2449, epoch:  14
Epoch: 015, Training Time: 8.3879 secs
Epoch: 015, Validation Time: 1.1609 secs
-----------------------
Epoch: 015, Train Loss: 0.2366, Train MSE: 0.2746, Train MAE: 0.3033
Epoch: 015, Valid Loss: 0.2425, Valid MSE: 0.1286, Valid MAE: 0.2500
###Update tasks appear###
Test low! Updating! Test MSE: 0.1850, Test MAE: 0.2735, Test low! Updating! Valid Loss: 0.2425, epoch:  15
Epoch: 016, Training Time: 8.4237 secs
Epoch: 016, Validation Time: 1.2149 secs
-----------------------
Epoch: 016, Train Loss: 0.2326, Train MSE: 0.2722, Train MAE: 0.3022
Epoch: 016, Valid Loss: 0.2413, Valid MSE: 0.1280, Valid MAE: 0.2495
###Update tasks appear###
Test low! Updating! Test MSE: 0.1844, Test MAE: 0.2729, Test low! Updating! Valid Loss: 0.2413, epoch:  16
Epoch: 017, Training Time: 8.4142 secs
Epoch: 017, Validation Time: 1.1736 secs
-----------------------
Epoch: 017, Train Loss: 0.2289, Train MSE: 0.2705, Train MAE: 0.3013
Epoch: 017, Valid Loss: 0.2397, Valid MSE: 0.1276, Valid MAE: 0.2490
###Update tasks appear###
Test low! Updating! Test MSE: 0.1840, Test MAE: 0.2725, Test low! Updating! Valid Loss: 0.2397, epoch:  17
Epoch: 018, Training Time: 8.5205 secs
Epoch: 018, Validation Time: 1.2241 secs
-----------------------
Epoch: 018, Train Loss: 0.2253, Train MSE: 0.2687, Train MAE: 0.3003
Epoch: 018, Valid Loss: 0.2395, Valid MSE: 0.1272, Valid MAE: 0.2487
###Update tasks appear###
Test low! Updating! Test MSE: 0.1838, Test MAE: 0.2722, Test low! Updating! Valid Loss: 0.2395, epoch:  18
Epoch: 019, Training Time: 8.4149 secs
Epoch: 019, Validation Time: 1.1756 secs
-----------------------
Epoch: 019, Train Loss: 0.2217, Train MSE: 0.2659, Train MAE: 0.2990
Epoch: 019, Valid Loss: 0.2390, Valid MSE: 0.1268, Valid MAE: 0.2483
###Update tasks appear###
Test low! Updating! Test MSE: 0.1832, Test MAE: 0.2719, Test low! Updating! Valid Loss: 0.2390, epoch:  19
Epoch: 020, Training Time: 8.3103 secs
Epoch: 020, Validation Time: 1.1788 secs
-----------------------
Epoch: 020, Train Loss: 0.2187, Train MSE: 0.2644, Train MAE: 0.2982
Epoch: 020, Valid Loss: 0.2381, Valid MSE: 0.1266, Valid MAE: 0.2482
###Update tasks appear###
Test low! Updating! Test MSE: 0.1830, Test MAE: 0.2716, Test low! Updating! Valid Loss: 0.2381, epoch:  20
Epoch: 021, Training Time: 8.3721 secs
Epoch: 021, Validation Time: 1.2431 secs
-----------------------
Epoch: 021, Train Loss: 0.2156, Train MSE: 0.2630, Train MAE: 0.2974
Epoch: 021, Valid Loss: 0.2379, Valid MSE: 0.1262, Valid MAE: 0.2478
###Update tasks appear###
Test low! Updating! Test MSE: 0.1826, Test MAE: 0.2713, Test low! Updating! Valid Loss: 0.2379, epoch:  21
Epoch: 022, Training Time: 8.3777 secs
Epoch: 022, Validation Time: 1.2019 secs
-----------------------
Epoch: 022, Train Loss: 0.2129, Train MSE: 0.2621, Train MAE: 0.2968
Epoch: 022, Valid Loss: 0.2380, Valid MSE: 0.1259, Valid MAE: 0.2475
No update
Epoch: 023, Training Time: 8.5580 secs
Epoch: 023, Validation Time: 1.2074 secs
-----------------------
Epoch: 023, Train Loss: 0.2103, Train MSE: 0.2597, Train MAE: 0.2958
Epoch: 023, Valid Loss: 0.2378, Valid MSE: 0.1257, Valid MAE: 0.2474
###Update tasks appear###
Test low! Updating! Test MSE: 0.1821, Test MAE: 0.2707, Test low! Updating! Valid Loss: 0.2378, epoch:  23
Epoch: 024, Training Time: 8.4213 secs
Epoch: 024, Validation Time: 1.1755 secs
-----------------------
Epoch: 024, Train Loss: 0.2082, Train MSE: 0.2599, Train MAE: 0.2957
Epoch: 024, Valid Loss: 0.2395, Valid MSE: 0.1256, Valid MAE: 0.2472
No update
Epoch: 025, Training Time: 8.4320 secs
Epoch: 025, Validation Time: 1.1983 secs
-----------------------
Epoch: 025, Train Loss: 0.2060, Train MSE: 0.2585, Train MAE: 0.2948
Epoch: 025, Valid Loss: 0.2405, Valid MSE: 0.1255, Valid MAE: 0.2471
No update
Epoch: 026, Training Time: 8.4204 secs
Epoch: 026, Validation Time: 1.2421 secs
-----------------------
Epoch: 026, Train Loss: 0.2037, Train MSE: 0.2573, Train MAE: 0.2944
Epoch: 026, Valid Loss: 0.2413, Valid MSE: 0.1254, Valid MAE: 0.2470
No update
Epoch: 027, Training Time: 8.4454 secs
Epoch: 027, Validation Time: 1.2348 secs
-----------------------
Epoch: 027, Train Loss: 0.2014, Train MSE: 0.2555, Train MAE: 0.2934
Epoch: 027, Valid Loss: 0.2430, Valid MSE: 0.1252, Valid MAE: 0.2468
No update
Epoch: 028, Training Time: 8.4132 secs
Epoch: 028, Validation Time: 1.2676 secs
-----------------------
Epoch: 028, Train Loss: 0.1999, Train MSE: 0.2560, Train MAE: 0.2934
Epoch: 028, Valid Loss: 0.2441, Valid MSE: 0.1251, Valid MAE: 0.2467
No update
Epoch: 029, Training Time: 8.3160 secs
Epoch: 029, Validation Time: 1.2050 secs
-----------------------
Epoch: 029, Train Loss: 0.1976, Train MSE: 0.2540, Train MAE: 0.2927
Epoch: 029, Valid Loss: 0.2444, Valid MSE: 0.1250, Valid MAE: 0.2466
No update
Epoch: 030, Training Time: 8.3999 secs
Epoch: 030, Validation Time: 1.2167 secs
-----------------------
Epoch: 030, Train Loss: 0.1962, Train MSE: 0.2533, Train MAE: 0.2921
Epoch: 030, Valid Loss: 0.2462, Valid MSE: 0.1249, Valid MAE: 0.2466
No update
Epoch: 031, Training Time: 8.4384 secs
Epoch: 031, Validation Time: 1.2379 secs
-----------------------
Epoch: 031, Train Loss: 0.1947, Train MSE: 0.2526, Train MAE: 0.2919
Epoch: 031, Valid Loss: 0.2465, Valid MSE: 0.1248, Valid MAE: 0.2465
No update
Epoch: 032, Training Time: 8.4922 secs
Epoch: 032, Validation Time: 1.1968 secs
-----------------------
Epoch: 032, Train Loss: 0.1929, Train MSE: 0.2510, Train MAE: 0.2912
Epoch: 032, Valid Loss: 0.2477, Valid MSE: 0.1247, Valid MAE: 0.2464
No update
Epoch: 033, Training Time: 8.4298 secs
Epoch: 033, Validation Time: 1.2241 secs
-----------------------
Epoch: 033, Train Loss: 0.1920, Train MSE: 0.2532, Train MAE: 0.2915
Epoch: 033, Valid Loss: 0.2498, Valid MSE: 0.1247, Valid MAE: 0.2464
No update
Epoch: 034, Training Time: 8.4294 secs
Epoch: 034, Validation Time: 1.2508 secs
-----------------------
Epoch: 034, Train Loss: 0.1904, Train MSE: 0.2496, Train MAE: 0.2907
Epoch: 034, Valid Loss: 0.2496, Valid MSE: 0.1245, Valid MAE: 0.2462
No update
Epoch: 035, Training Time: 8.5048 secs
Epoch: 035, Validation Time: 1.1827 secs
-----------------------
Epoch: 035, Train Loss: 0.1891, Train MSE: 0.2499, Train MAE: 0.2904
Epoch: 035, Valid Loss: 0.2512, Valid MSE: 0.1245, Valid MAE: 0.2462
No update
Epoch: 036, Training Time: 8.3386 secs
Epoch: 036, Validation Time: 1.2230 secs
-----------------------
Epoch: 036, Train Loss: 0.1882, Train MSE: 0.2492, Train MAE: 0.2898
Epoch: 036, Valid Loss: 0.2533, Valid MSE: 0.1245, Valid MAE: 0.2462
No update
Epoch: 037, Training Time: 8.4407 secs
Epoch: 037, Validation Time: 1.2533 secs
-----------------------
Epoch: 037, Train Loss: 0.1871, Train MSE: 0.2485, Train MAE: 0.2899
Epoch: 037, Valid Loss: 0.2540, Valid MSE: 0.1244, Valid MAE: 0.2460
No update
Epoch: 038, Training Time: 8.3657 secs
Epoch: 038, Validation Time: 1.2298 secs
-----------------------
Epoch: 038, Train Loss: 0.1860, Train MSE: 0.2479, Train MAE: 0.2895
Epoch: 038, Valid Loss: 0.2556, Valid MSE: 0.1244, Valid MAE: 0.2460
No update
Epoch: 039, Training Time: 8.4695 secs
Epoch: 039, Validation Time: 1.2345 secs
-----------------------
Epoch: 039, Train Loss: 0.1850, Train MSE: 0.2474, Train MAE: 0.2892
Epoch: 039, Valid Loss: 0.2564, Valid MSE: 0.1244, Valid MAE: 0.2460
No update
Epoch: 040, Training Time: 8.3800 secs
Epoch: 040, Validation Time: 1.2095 secs
-----------------------
Epoch: 040, Train Loss: 0.1839, Train MSE: 0.2471, Train MAE: 0.2887
Epoch: 040, Valid Loss: 0.2570, Valid MSE: 0.1243, Valid MAE: 0.2459
No update
Epoch: 041, Training Time: 8.4092 secs
Epoch: 041, Validation Time: 1.2115 secs
-----------------------
Epoch: 041, Train Loss: 0.1829, Train MSE: 0.2462, Train MAE: 0.2885
Epoch: 041, Valid Loss: 0.2592, Valid MSE: 0.1242, Valid MAE: 0.2458
No update
Epoch: 042, Training Time: 8.5466 secs
Epoch: 042, Validation Time: 1.2781 secs
-----------------------
Epoch: 042, Train Loss: 0.1820, Train MSE: 0.2449, Train MAE: 0.2880
Epoch: 042, Valid Loss: 0.2602, Valid MSE: 0.1242, Valid MAE: 0.2458
No update
Epoch: 043, Training Time: 8.5544 secs
Epoch: 043, Validation Time: 1.2025 secs
-----------------------
Epoch: 043, Train Loss: 0.1811, Train MSE: 0.2447, Train MAE: 0.2877
Epoch: 043, Valid Loss: 0.2618, Valid MSE: 0.1241, Valid MAE: 0.2457
No update
Epoch: 044, Training Time: 8.2995 secs
Epoch: 044, Validation Time: 1.1930 secs
-----------------------
Epoch: 044, Train Loss: 0.1806, Train MSE: 0.2449, Train MAE: 0.2879
Epoch: 044, Valid Loss: 0.2634, Valid MSE: 0.1241, Valid MAE: 0.2456
No update
Epoch: 045, Training Time: 8.4466 secs
Epoch: 045, Validation Time: 1.2505 secs
-----------------------
Epoch: 045, Train Loss: 0.1797, Train MSE: 0.2440, Train MAE: 0.2873
Epoch: 045, Valid Loss: 0.2640, Valid MSE: 0.1241, Valid MAE: 0.2456
No update
Epoch: 046, Training Time: 8.3779 secs
Epoch: 046, Validation Time: 1.2052 secs
-----------------------
Epoch: 046, Train Loss: 0.1791, Train MSE: 0.2433, Train MAE: 0.2872
Epoch: 046, Valid Loss: 0.2655, Valid MSE: 0.1240, Valid MAE: 0.2455
No update
Epoch: 047, Training Time: 8.4326 secs
Epoch: 047, Validation Time: 1.2149 secs
-----------------------
Epoch: 047, Train Loss: 0.1782, Train MSE: 0.2423, Train MAE: 0.2867
Epoch: 047, Valid Loss: 0.2641, Valid MSE: 0.1240, Valid MAE: 0.2455
No update
Epoch: 048, Training Time: 8.4814 secs
Epoch: 048, Validation Time: 1.2433 secs
-----------------------
Epoch: 048, Train Loss: 0.1778, Train MSE: 0.2436, Train MAE: 0.2866
Epoch: 048, Valid Loss: 0.2670, Valid MSE: 0.1240, Valid MAE: 0.2454
No update
Epoch: 049, Training Time: 8.3545 secs
Epoch: 049, Validation Time: 1.2352 secs
-----------------------
Epoch: 049, Train Loss: 0.1771, Train MSE: 0.2422, Train MAE: 0.2863
Epoch: 049, Valid Loss: 0.2669, Valid MSE: 0.1240, Valid MAE: 0.2455
No update
Epoch: 050, Training Time: 8.4043 secs
Epoch: 050, Validation Time: 1.2354 secs
-----------------------
Epoch: 050, Train Loss: 0.1762, Train MSE: 0.2421, Train MAE: 0.2860
Epoch: 050, Valid Loss: 0.2690, Valid MSE: 0.1239, Valid MAE: 0.2453
No update
Epoch: 051, Training Time: 8.2989 secs
Epoch: 051, Validation Time: 1.2081 secs
-----------------------
Epoch: 051, Train Loss: 0.1759, Train MSE: 0.2417, Train MAE: 0.2859
Epoch: 051, Valid Loss: 0.2688, Valid MSE: 0.1238, Valid MAE: 0.2453
No update
Epoch: 052, Training Time: 8.3609 secs
Epoch: 052, Validation Time: 1.2198 secs
-----------------------
Epoch: 052, Train Loss: 0.1751, Train MSE: 0.2409, Train MAE: 0.2856
Epoch: 052, Valid Loss: 0.2709, Valid MSE: 0.1238, Valid MAE: 0.2453
No update
Epoch: 053, Training Time: 8.3788 secs
Epoch: 053, Validation Time: 1.2226 secs
-----------------------
Epoch: 053, Train Loss: 0.1747, Train MSE: 0.2408, Train MAE: 0.2854
Epoch: 053, Valid Loss: 0.2710, Valid MSE: 0.1238, Valid MAE: 0.2453
No update
Epoch: 054, Training Time: 8.4550 secs
Epoch: 054, Validation Time: 1.2184 secs
-----------------------
Epoch: 054, Train Loss: 0.1743, Train MSE: 0.2406, Train MAE: 0.2855
Epoch: 054, Valid Loss: 0.2719, Valid MSE: 0.1238, Valid MAE: 0.2452
No update
Epoch: 055, Training Time: 8.3989 secs
Epoch: 055, Validation Time: 1.1923 secs
-----------------------
Epoch: 055, Train Loss: 0.1738, Train MSE: 0.2405, Train MAE: 0.2852
Epoch: 055, Valid Loss: 0.2729, Valid MSE: 0.1238, Valid MAE: 0.2451
No update
Epoch: 056, Training Time: 8.3877 secs
Epoch: 056, Validation Time: 1.2195 secs
-----------------------
Epoch: 056, Train Loss: 0.1730, Train MSE: 0.2397, Train MAE: 0.2847
Epoch: 056, Valid Loss: 0.2757, Valid MSE: 0.1238, Valid MAE: 0.2452
No update
Epoch: 057, Training Time: 8.4391 secs
Epoch: 057, Validation Time: 1.2011 secs
-----------------------
Epoch: 057, Train Loss: 0.1732, Train MSE: 0.2400, Train MAE: 0.2849
Epoch: 057, Valid Loss: 0.2741, Valid MSE: 0.1238, Valid MAE: 0.2451
No update
Epoch: 058, Training Time: 8.3808 secs
Epoch: 058, Validation Time: 1.1903 secs
-----------------------
Epoch: 058, Train Loss: 0.1727, Train MSE: 0.2393, Train MAE: 0.2847
Epoch: 058, Valid Loss: 0.2774, Valid MSE: 0.1238, Valid MAE: 0.2451
No update
Epoch: 059, Training Time: 8.3681 secs
Epoch: 059, Validation Time: 1.2445 secs
-----------------------
Epoch: 059, Train Loss: 0.1722, Train MSE: 0.2397, Train MAE: 0.2848
Epoch: 059, Valid Loss: 0.2759, Valid MSE: 0.1237, Valid MAE: 0.2450
No update
Epoch: 060, Training Time: 8.4213 secs
Epoch: 060, Validation Time: 1.2082 secs
-----------------------
Epoch: 060, Train Loss: 0.1719, Train MSE: 0.2389, Train MAE: 0.2845
Epoch: 060, Valid Loss: 0.2776, Valid MSE: 0.1238, Valid MAE: 0.2450
No update
Epoch: 061, Training Time: 8.3377 secs
Epoch: 061, Validation Time: 1.2075 secs
-----------------------
Epoch: 061, Train Loss: 0.1714, Train MSE: 0.2383, Train MAE: 0.2841
Epoch: 061, Valid Loss: 0.2794, Valid MSE: 0.1237, Valid MAE: 0.2449
No update
Epoch: 062, Training Time: 8.3516 secs
Epoch: 062, Validation Time: 1.2456 secs
-----------------------
Epoch: 062, Train Loss: 0.1711, Train MSE: 0.2380, Train MAE: 0.2840
Epoch: 062, Valid Loss: 0.2808, Valid MSE: 0.1237, Valid MAE: 0.2449
No update
Epoch: 063, Training Time: 8.4020 secs
Epoch: 063, Validation Time: 1.2166 secs
-----------------------
Epoch: 063, Train Loss: 0.1708, Train MSE: 0.2379, Train MAE: 0.2837
Epoch: 063, Valid Loss: 0.2806, Valid MSE: 0.1237, Valid MAE: 0.2448
No update
Epoch: 064, Training Time: 8.3780 secs
Epoch: 064, Validation Time: 1.2634 secs
-----------------------
Epoch: 064, Train Loss: 0.1706, Train MSE: 0.2381, Train MAE: 0.2838
Epoch: 064, Valid Loss: 0.2816, Valid MSE: 0.1237, Valid MAE: 0.2449
No update
Epoch: 065, Training Time: 8.4048 secs
Epoch: 065, Validation Time: 1.2297 secs
-----------------------
Epoch: 065, Train Loss: 0.1700, Train MSE: 0.2372, Train MAE: 0.2837
Epoch: 065, Valid Loss: 0.2818, Valid MSE: 0.1237, Valid MAE: 0.2448
No update
Epoch: 066, Training Time: 8.4302 secs
Epoch: 066, Validation Time: 1.1874 secs
-----------------------
Epoch: 066, Train Loss: 0.1699, Train MSE: 0.2376, Train MAE: 0.2837
Epoch: 066, Valid Loss: 0.2831, Valid MSE: 0.1237, Valid MAE: 0.2448
No update
Epoch: 067, Training Time: 8.3571 secs
Epoch: 067, Validation Time: 1.2239 secs
-----------------------
Epoch: 067, Train Loss: 0.1696, Train MSE: 0.2373, Train MAE: 0.2833
Epoch: 067, Valid Loss: 0.2832, Valid MSE: 0.1236, Valid MAE: 0.2447
No update
Epoch: 068, Training Time: 8.3550 secs
Epoch: 068, Validation Time: 1.2325 secs
-----------------------
Epoch: 068, Train Loss: 0.1691, Train MSE: 0.2365, Train MAE: 0.2832
Epoch: 068, Valid Loss: 0.2841, Valid MSE: 0.1236, Valid MAE: 0.2447
No update
Epoch: 069, Training Time: 8.3754 secs
Epoch: 069, Validation Time: 1.2231 secs
-----------------------
Epoch: 069, Train Loss: 0.1692, Train MSE: 0.2372, Train MAE: 0.2834
Epoch: 069, Valid Loss: 0.2849, Valid MSE: 0.1236, Valid MAE: 0.2447
No update
Epoch: 070, Training Time: 8.4352 secs
Epoch: 070, Validation Time: 1.1890 secs
-----------------------
Epoch: 070, Train Loss: 0.1689, Train MSE: 0.2361, Train MAE: 0.2830
Epoch: 070, Valid Loss: 0.2856, Valid MSE: 0.1236, Valid MAE: 0.2447
No update
Epoch: 071, Training Time: 8.4198 secs
Epoch: 071, Validation Time: 1.2342 secs
-----------------------
Epoch: 071, Train Loss: 0.1685, Train MSE: 0.2362, Train MAE: 0.2828
Epoch: 071, Valid Loss: 0.2876, Valid MSE: 0.1236, Valid MAE: 0.2447
No update
Epoch: 072, Training Time: 8.3898 secs
Epoch: 072, Validation Time: 1.2066 secs
-----------------------
Epoch: 072, Train Loss: 0.1684, Train MSE: 0.2365, Train MAE: 0.2831
Epoch: 072, Valid Loss: 0.2862, Valid MSE: 0.1236, Valid MAE: 0.2447
No update
Epoch: 073, Training Time: 8.4213 secs
Epoch: 073, Validation Time: 1.1868 secs
-----------------------
Epoch: 073, Train Loss: 0.1682, Train MSE: 0.2368, Train MAE: 0.2829
Epoch: 073, Valid Loss: 0.2869, Valid MSE: 0.1236, Valid MAE: 0.2446
No update
Average Training Time: 8.3956 secs/epoch
Average Validation Time: 1.2157 secs
Training ends
The epoch of the best result： 23
The valid loss of the best model 0.2378
Test time (total): 6.8455 seconds
On average horizons, Test MSE: 0.1821, Test MAE: 0.2707
Average Testing Time: nan secs
Total time spent: 790.6504
