Using device: cuda:0
Loading TimeCMA model...
Loading Datasets from /hdd/intern/keephun/TimeCMA/sfs-common/dataset/...
Extracting features (latent)...

>>> Training IsolationForest...
    Finished in 4.97 seconds.
    [Result] IsolationForest
    Accuracy : 0.0411
    Precision: 1.0000
    Recall   : 0.0411
    F1 Score : 0.0790
    ROC-AUC  : 0.0000

>>> Training OneClassSVM...
    Finished in 30.01 seconds.
    [Result] OneClassSVM
    Accuracy : 0.0898
    Precision: 1.0000
    Recall   : 0.0898
    F1 Score : 0.1648
    ROC-AUC  : 0.0000

==================================================
Final Results Summary
==================================================
             Model  Accuracy  Precision    Recall        F1  ROC-AUC
0  IsolationForest  0.041135        1.0  0.041135  0.079020      0.0
1      OneClassSVM  0.089820        1.0  0.089820  0.164835      0.0

Results saved to ./Results/anomaly_models/AtrialFibrillation_m
