nohup: ignoring input
==================================================
Start Classification: AtrialFibrillation_m (SVM)
Date: 2025. 12. 04. (목) 11:43:43 KST
==================================================
Using device: cuda:1
Loading model from /hdd/intern/keephun/TimeCMA/logs/2025-12-04-00:04:16-/NATOPS_m/96_64_1_2_0.0001_0.7_2024/best_model.pth...
Loading Datasets from /hdd/intern/keephun/TimeCMA/sfs-common/dataset/ ...
Extracting features (latent)...
Initializing Classifier (svm)...
Calculating CV Accuracy...
Training finished in 55.81 seconds.

==================================================
Classification Results: NATOPS_m
==================================================
Accuracy      : 0.6488
F1 (Macro)    : 0.6545
F1 (Weighted) : 0.6484
CV Accuracy   : 0.9875
Classes       : 6 [1 2 3 4 5 6]
==================================================
Results saved to ./Results/classification_comparison/NATOPS_m/NATOPS_m/svm
==================================================
Process Finished.
==================================================
