nohup: ignoring input
==================================================
Start Classification: AtrialFibrillation_m (SVM)
Date: 2025. 12. 04. (목) 00:06:15 KST
==================================================
Using device: cuda:1
Loading model from /hdd/intern/keephun/TimeCMA/logs/2025-12-02-22:14:47-/UWaveGestureLibrary_m/96_64_1_2_0.0001_0.7_2024/best_model.pth...
Loading Datasets from /hdd/intern/keephun/TimeCMA/sfs-common/dataset/ ...
Extracting features (latent)...
Initializing Classifier (svm)...
Calculating CV Accuracy...
Training finished in 1017.06 seconds.

==================================================
Classification Results: UWaveGestureLibrary_m
==================================================
Accuracy      : 0.5826
F1 (Macro)    : 0.2488
F1 (Weighted) : 0.7268
CV Accuracy   : 0.9464
Classes       : 8 [1 2 3 4 5 6 7 8]
==================================================
Results saved to ./Results/classification_comparison/UWaveGestureLibrary_m/UWaveGestureLibrary_m/svm
==================================================
Process Finished.
==================================================
