nohup: ignoring input
==================================================
Start Classification: AtrialFibrillation_m (SVM)
Date: 2025. 12. 03. (수) 23:50:44 KST
==================================================
Using device: cuda:1
Loading model from /hdd/intern/keephun/TimeCMA/logs/2025-12-02-22:17:52-/AtrialFibrillation_m/96_64_1_2_0.0001_0.7_2024/best_model.pth...
Loading Datasets from /hdd/intern/keephun/TimeCMA/sfs-common/dataset/ ...
Extracting features (latent)...
Initializing Classifier (svm)...
Calculating CV Accuracy...
Training finished in 17.44 seconds.

==================================================
Classification Results: AtrialFibrillation_m
==================================================
Accuracy      : 0.0711
F1 (Macro)    : 0.0543
F1 (Weighted) : 0.1139
CV Accuracy   : 0.7596
Classes       : 3 [1 2 3]
==================================================
Results saved to ./Results/classification_comparison/AtrialFibrillation_m/AtrialFibrillation_m/svm
==================================================
Process Finished.
==================================================
