Namespace(att_w=0.01, batch_size=16, channel=64, d_llm=768, data_path='ETTh2', device='cuda:0', dropout_n=0.5, e_layer=2, epochs=100, es_patience=50, fcst_w=1, feature_w=0.01, head=4, lrate=1e-05, model_name='gpt2', num_nodes=7, num_workers=10, pred_len=48, recon_w=0.5, save='./logs/2025-10-10-16:25:22-', seed=6666, seq_len=96, weight_decay=0.001)
The number of trainable parameters: 1714912
The number of parameters: 1714912
Dual(
  (normalize_layers): Normalize()
  (length_to_feature): Linear(in_features=96, out_features=64, bias=True)
  (token_to_feature): Linear(in_features=768, out_features=64, bias=True)
  (ts_encoder): Encoder(
    (attn_layers): ModuleList(
      (0-1): 2 x EncoderLayer(
        (attention): AttentionLayer(
          (inner_attention): FullAttention(
            (dropout): Dropout(p=0.5, inplace=False)
          )
          (query_projection): Linear(in_features=64, out_features=64, bias=True)
          (key_projection): Linear(in_features=64, out_features=64, bias=True)
          (value_projection): Linear(in_features=64, out_features=64, bias=True)
          (out_projection): Linear(in_features=64, out_features=64, bias=True)
        )
        (conv1): Conv1d(64, 3072, kernel_size=(1,), stride=(1,))
        (conv2): Conv1d(3072, 64, kernel_size=(1,), stride=(1,))
        (norm1): LayerNorm((64,), eps=1e-05, elementwise_affine=True)
        (norm2): LayerNorm((64,), eps=1e-05, elementwise_affine=True)
        (dropout): Dropout(p=0.5, inplace=False)
      )
    )
    (norm): LayerNorm((64,), eps=1e-05, elementwise_affine=True)
  )
  (prompt_encoder): Encoder(
    (attn_layers): ModuleList(
      (0-1): 2 x EncoderLayer(
        (attention): AttentionLayer(
          (inner_attention): FullAttention(
            (dropout): Dropout(p=0.5, inplace=False)
          )
          (query_projection): Linear(in_features=64, out_features=64, bias=True)
          (key_projection): Linear(in_features=64, out_features=64, bias=True)
          (value_projection): Linear(in_features=64, out_features=64, bias=True)
          (out_projection): Linear(in_features=64, out_features=64, bias=True)
        )
        (conv1): Conv1d(64, 3072, kernel_size=(1,), stride=(1,))
        (conv2): Conv1d(3072, 64, kernel_size=(1,), stride=(1,))
        (norm1): LayerNorm((64,), eps=1e-05, elementwise_affine=True)
        (norm2): LayerNorm((64,), eps=1e-05, elementwise_affine=True)
        (dropout): Dropout(p=0.5, inplace=False)
      )
    )
    (norm): LayerNorm((64,), eps=1e-05, elementwise_affine=True)
  )
  (ts_proj): Linear(in_features=64, out_features=48, bias=True)
  (prompt_proj): Linear(in_features=64, out_features=48, bias=True)
)
Start training...
Epoch: 001, Training Time: 8.8316 secs
Epoch: 001, Validation Time: 1.2244 secs
-----------------------
Epoch: 001, Train Loss: 0.4351, Train MSE: 0.4782, Train MAE: 0.4028
Epoch: 001, Valid Loss: 0.4045, Valid MSE: 0.2241, Valid MAE: 0.3352
###Update tasks appear###
Updating! Valid Loss:0.4045, epoch:  1
Epoch: 002, Training Time: 8.3174 secs
Epoch: 002, Validation Time: 1.2226 secs
-----------------------
Epoch: 002, Train Loss: 0.3911, Train MSE: 0.4522, Train MAE: 0.3887
Epoch: 002, Valid Loss: 0.3779, Valid MSE: 0.2134, Valid MAE: 0.3265
###Update tasks appear###
Updating! Valid Loss:0.3779, epoch:  2
Epoch: 003, Training Time: 8.4623 secs
Epoch: 003, Validation Time: 1.2387 secs
-----------------------
Epoch: 003, Train Loss: 0.3692, Train MSE: 0.4381, Train MAE: 0.3815
Epoch: 003, Valid Loss: 0.3561, Valid MSE: 0.2051, Valid MAE: 0.3192
###Update tasks appear###
Updating! Valid Loss:0.3561, epoch:  3
Epoch: 004, Training Time: 8.3527 secs
Epoch: 004, Validation Time: 1.2183 secs
-----------------------
Epoch: 004, Train Loss: 0.3514, Train MSE: 0.4250, Train MAE: 0.3751
Epoch: 004, Valid Loss: 0.3329, Valid MSE: 0.1986, Valid MAE: 0.3132
###Update tasks appear###
Updating! Valid Loss:0.3329, epoch:  4
Epoch: 005, Training Time: 8.4053 secs
Epoch: 005, Validation Time: 1.2359 secs
-----------------------
Epoch: 005, Train Loss: 0.3364, Train MSE: 0.4149, Train MAE: 0.3700
Epoch: 005, Valid Loss: 0.3119, Valid MSE: 0.1938, Valid MAE: 0.3088
###Update tasks appear###
Updating! Valid Loss:0.3119, epoch:  5
Epoch: 006, Training Time: 8.3459 secs
Epoch: 006, Validation Time: 1.2527 secs
-----------------------
Epoch: 006, Train Loss: 0.3240, Train MSE: 0.4055, Train MAE: 0.3655
Epoch: 006, Valid Loss: 0.2947, Valid MSE: 0.1901, Valid MAE: 0.3053
###Update tasks appear###
Updating! Valid Loss:0.2947, epoch:  6
Epoch: 007, Training Time: 8.4453 secs
Epoch: 007, Validation Time: 1.2311 secs
-----------------------
Epoch: 007, Train Loss: 0.3134, Train MSE: 0.3979, Train MAE: 0.3619
Epoch: 007, Valid Loss: 0.2802, Valid MSE: 0.1871, Valid MAE: 0.3026
###Update tasks appear###
Updating! Valid Loss:0.2802, epoch:  7
Epoch: 008, Training Time: 8.4168 secs
Epoch: 008, Validation Time: 1.1989 secs
-----------------------
Epoch: 008, Train Loss: 0.3043, Train MSE: 0.3920, Train MAE: 0.3590
Epoch: 008, Valid Loss: 0.2684, Valid MSE: 0.1847, Valid MAE: 0.3003
###Update tasks appear###
Updating! Valid Loss:0.2684, epoch:  8
Epoch: 009, Training Time: 8.3180 secs
Epoch: 009, Validation Time: 1.2466 secs
-----------------------
Epoch: 009, Train Loss: 0.2963, Train MSE: 0.3860, Train MAE: 0.3563
Epoch: 009, Valid Loss: 0.2592, Valid MSE: 0.1826, Valid MAE: 0.2984
###Update tasks appear###
Updating! Valid Loss:0.2592, epoch:  9
Epoch: 010, Training Time: 8.4161 secs
Epoch: 010, Validation Time: 1.1751 secs
-----------------------
Epoch: 010, Train Loss: 0.2893, Train MSE: 0.3822, Train MAE: 0.3543
Epoch: 010, Valid Loss: 0.2518, Valid MSE: 0.1808, Valid MAE: 0.2967
###Update tasks appear###
Updating! Valid Loss:0.2518, epoch:  10
Epoch: 011, Training Time: 8.4006 secs
Epoch: 011, Validation Time: 1.2733 secs
-----------------------
Epoch: 011, Train Loss: 0.2829, Train MSE: 0.3771, Train MAE: 0.3521
Epoch: 011, Valid Loss: 0.2454, Valid MSE: 0.1791, Valid MAE: 0.2953
###Update tasks appear###
Test low! Updating! Test MSE: 0.2456, Test MAE: 0.3149, Test low! Updating! Valid Loss: 0.2454, epoch:  11
Epoch: 012, Training Time: 8.5139 secs
Epoch: 012, Validation Time: 1.2526 secs
-----------------------
Epoch: 012, Train Loss: 0.2775, Train MSE: 0.3740, Train MAE: 0.3505
Epoch: 012, Valid Loss: 0.2402, Valid MSE: 0.1777, Valid MAE: 0.2940
###Update tasks appear###
Test low! Updating! Test MSE: 0.2443, Test MAE: 0.3138, Test low! Updating! Valid Loss: 0.2402, epoch:  12
Epoch: 013, Training Time: 8.6354 secs
Epoch: 013, Validation Time: 1.2357 secs
-----------------------
Epoch: 013, Train Loss: 0.2719, Train MSE: 0.3692, Train MAE: 0.3485
Epoch: 013, Valid Loss: 0.2363, Valid MSE: 0.1766, Valid MAE: 0.2930
###Update tasks appear###
Test low! Updating! Test MSE: 0.2434, Test MAE: 0.3129, Test low! Updating! Valid Loss: 0.2363, epoch:  13
Epoch: 014, Training Time: 8.5270 secs
Epoch: 014, Validation Time: 1.1922 secs
-----------------------
Epoch: 014, Train Loss: 0.2675, Train MSE: 0.3677, Train MAE: 0.3472
Epoch: 014, Valid Loss: 0.2330, Valid MSE: 0.1755, Valid MAE: 0.2919
###Update tasks appear###
Test low! Updating! Test MSE: 0.2423, Test MAE: 0.3119, Test low! Updating! Valid Loss: 0.2330, epoch:  14
Epoch: 015, Training Time: 8.5358 secs
Epoch: 015, Validation Time: 1.2096 secs
-----------------------
Epoch: 015, Train Loss: 0.2632, Train MSE: 0.3646, Train MAE: 0.3458
Epoch: 015, Valid Loss: 0.2303, Valid MSE: 0.1744, Valid MAE: 0.2909
###Update tasks appear###
Test low! Updating! Test MSE: 0.2415, Test MAE: 0.3111, Test low! Updating! Valid Loss: 0.2303, epoch:  15
Epoch: 016, Training Time: 8.5573 secs
Epoch: 016, Validation Time: 1.2430 secs
-----------------------
Epoch: 016, Train Loss: 0.2588, Train MSE: 0.3619, Train MAE: 0.3444
Epoch: 016, Valid Loss: 0.2278, Valid MSE: 0.1735, Valid MAE: 0.2902
###Update tasks appear###
Test low! Updating! Test MSE: 0.2410, Test MAE: 0.3106, Test low! Updating! Valid Loss: 0.2278, epoch:  16
Epoch: 017, Training Time: 8.5610 secs
Epoch: 017, Validation Time: 1.2049 secs
-----------------------
Epoch: 017, Train Loss: 0.2553, Train MSE: 0.3598, Train MAE: 0.3432
Epoch: 017, Valid Loss: 0.2258, Valid MSE: 0.1727, Valid MAE: 0.2894
###Update tasks appear###
Test low! Updating! Test MSE: 0.2404, Test MAE: 0.3099, Test low! Updating! Valid Loss: 0.2258, epoch:  17
Epoch: 018, Training Time: 8.5657 secs
Epoch: 018, Validation Time: 1.2418 secs
-----------------------
Epoch: 018, Train Loss: 0.2517, Train MSE: 0.3578, Train MAE: 0.3422
Epoch: 018, Valid Loss: 0.2246, Valid MSE: 0.1720, Valid MAE: 0.2888
###Update tasks appear###
Test low! Updating! Test MSE: 0.2400, Test MAE: 0.3095, Test low! Updating! Valid Loss: 0.2246, epoch:  18
Epoch: 019, Training Time: 8.4986 secs
Epoch: 019, Validation Time: 1.2358 secs
-----------------------
Epoch: 019, Train Loss: 0.2486, Train MSE: 0.3557, Train MAE: 0.3413
Epoch: 019, Valid Loss: 0.2230, Valid MSE: 0.1713, Valid MAE: 0.2882
###Update tasks appear###
Test low! Updating! Test MSE: 0.2396, Test MAE: 0.3090, Test low! Updating! Valid Loss: 0.2230, epoch:  19
Epoch: 020, Training Time: 8.5576 secs
Epoch: 020, Validation Time: 1.2334 secs
-----------------------
Epoch: 020, Train Loss: 0.2453, Train MSE: 0.3530, Train MAE: 0.3401
Epoch: 020, Valid Loss: 0.2221, Valid MSE: 0.1707, Valid MAE: 0.2875
###Update tasks appear###
Test low! Updating! Test MSE: 0.2392, Test MAE: 0.3085, Test low! Updating! Valid Loss: 0.2221, epoch:  20
Epoch: 021, Training Time: 8.6132 secs
Epoch: 021, Validation Time: 1.2077 secs
-----------------------
Epoch: 021, Train Loss: 0.2425, Train MSE: 0.3516, Train MAE: 0.3392
Epoch: 021, Valid Loss: 0.2210, Valid MSE: 0.1701, Valid MAE: 0.2871
###Update tasks appear###
Test low! Updating! Test MSE: 0.2392, Test MAE: 0.3084, Test low! Updating! Valid Loss: 0.2210, epoch:  21
Epoch: 022, Training Time: 8.5671 secs
Epoch: 022, Validation Time: 1.2565 secs
-----------------------
Epoch: 022, Train Loss: 0.2401, Train MSE: 0.3511, Train MAE: 0.3387
Epoch: 022, Valid Loss: 0.2205, Valid MSE: 0.1695, Valid MAE: 0.2866
###Update tasks appear###
Test low! Updating! Test MSE: 0.2387, Test MAE: 0.3079, Test low! Updating! Valid Loss: 0.2205, epoch:  22
Epoch: 023, Training Time: 8.5951 secs
Epoch: 023, Validation Time: 1.2172 secs
-----------------------
Epoch: 023, Train Loss: 0.2373, Train MSE: 0.3479, Train MAE: 0.3375
Epoch: 023, Valid Loss: 0.2207, Valid MSE: 0.1690, Valid MAE: 0.2861
No update
Epoch: 024, Training Time: 8.4688 secs
Epoch: 024, Validation Time: 1.2331 secs
-----------------------
Epoch: 024, Train Loss: 0.2351, Train MSE: 0.3472, Train MAE: 0.3370
Epoch: 024, Valid Loss: 0.2192, Valid MSE: 0.1686, Valid MAE: 0.2858
###Update tasks appear###
Test low! Updating! Test MSE: 0.2383, Test MAE: 0.3074, Test low! Updating! Valid Loss: 0.2192, epoch:  24
Epoch: 025, Training Time: 8.5700 secs
Epoch: 025, Validation Time: 1.2083 secs
-----------------------
Epoch: 025, Train Loss: 0.2329, Train MSE: 0.3463, Train MAE: 0.3363
Epoch: 025, Valid Loss: 0.2189, Valid MSE: 0.1683, Valid MAE: 0.2854
###Update tasks appear###
Test low! Updating! Test MSE: 0.2383, Test MAE: 0.3072, Test low! Updating! Valid Loss: 0.2189, epoch:  25
Epoch: 026, Training Time: 8.5027 secs
Epoch: 026, Validation Time: 1.2414 secs
-----------------------
Epoch: 026, Train Loss: 0.2311, Train MSE: 0.3443, Train MAE: 0.3354
Epoch: 026, Valid Loss: 0.2192, Valid MSE: 0.1678, Valid MAE: 0.2851
No update
Epoch: 027, Training Time: 8.5740 secs
Epoch: 027, Validation Time: 1.2430 secs
-----------------------
Epoch: 027, Train Loss: 0.2293, Train MSE: 0.3431, Train MAE: 0.3350
Epoch: 027, Valid Loss: 0.2193, Valid MSE: 0.1675, Valid MAE: 0.2848
No update
Epoch: 028, Training Time: 8.4614 secs
Epoch: 028, Validation Time: 1.2507 secs
-----------------------
Epoch: 028, Train Loss: 0.2274, Train MSE: 0.3423, Train MAE: 0.3343
Epoch: 028, Valid Loss: 0.2196, Valid MSE: 0.1672, Valid MAE: 0.2845
No update
Epoch: 029, Training Time: 8.5080 secs
Epoch: 029, Validation Time: 1.2249 secs
-----------------------
Epoch: 029, Train Loss: 0.2257, Train MSE: 0.3405, Train MAE: 0.3334
Epoch: 029, Valid Loss: 0.2199, Valid MSE: 0.1669, Valid MAE: 0.2842
No update
Epoch: 030, Training Time: 8.4202 secs
Epoch: 030, Validation Time: 1.2407 secs
-----------------------
Epoch: 030, Train Loss: 0.2242, Train MSE: 0.3399, Train MAE: 0.3332
Epoch: 030, Valid Loss: 0.2205, Valid MSE: 0.1667, Valid MAE: 0.2841
No update
Epoch: 031, Training Time: 8.5014 secs
Epoch: 031, Validation Time: 1.2458 secs
-----------------------
Epoch: 031, Train Loss: 0.2227, Train MSE: 0.3384, Train MAE: 0.3326
Epoch: 031, Valid Loss: 0.2213, Valid MSE: 0.1664, Valid MAE: 0.2838
No update
Epoch: 032, Training Time: 8.5144 secs
Epoch: 032, Validation Time: 1.1927 secs
-----------------------
Epoch: 032, Train Loss: 0.2215, Train MSE: 0.3380, Train MAE: 0.3322
Epoch: 032, Valid Loss: 0.2220, Valid MSE: 0.1661, Valid MAE: 0.2835
No update
Epoch: 033, Training Time: 8.4997 secs
Epoch: 033, Validation Time: 1.2155 secs
-----------------------
Epoch: 033, Train Loss: 0.2207, Train MSE: 0.3385, Train MAE: 0.3322
Epoch: 033, Valid Loss: 0.2223, Valid MSE: 0.1659, Valid MAE: 0.2834
No update
Epoch: 034, Training Time: 8.5748 secs
Epoch: 034, Validation Time: 1.2707 secs
-----------------------
Epoch: 034, Train Loss: 0.2189, Train MSE: 0.3357, Train MAE: 0.3310
Epoch: 034, Valid Loss: 0.2229, Valid MSE: 0.1658, Valid MAE: 0.2832
No update
Epoch: 035, Training Time: 8.5357 secs
Epoch: 035, Validation Time: 1.2101 secs
-----------------------
Epoch: 035, Train Loss: 0.2179, Train MSE: 0.3354, Train MAE: 0.3307
Epoch: 035, Valid Loss: 0.2223, Valid MSE: 0.1656, Valid MAE: 0.2831
No update
Epoch: 036, Training Time: 8.5234 secs
Epoch: 036, Validation Time: 1.2159 secs
-----------------------
Epoch: 036, Train Loss: 0.2169, Train MSE: 0.3346, Train MAE: 0.3307
Epoch: 036, Valid Loss: 0.2235, Valid MSE: 0.1654, Valid MAE: 0.2829
No update
Epoch: 037, Training Time: 8.5509 secs
Epoch: 037, Validation Time: 1.2428 secs
-----------------------
Epoch: 037, Train Loss: 0.2157, Train MSE: 0.3336, Train MAE: 0.3299
Epoch: 037, Valid Loss: 0.2245, Valid MSE: 0.1653, Valid MAE: 0.2828
No update
Epoch: 038, Training Time: 8.5698 secs
Epoch: 038, Validation Time: 1.2075 secs
-----------------------
Epoch: 038, Train Loss: 0.2148, Train MSE: 0.3329, Train MAE: 0.3297
Epoch: 038, Valid Loss: 0.2246, Valid MSE: 0.1652, Valid MAE: 0.2827
No update
Epoch: 039, Training Time: 8.4908 secs
Epoch: 039, Validation Time: 1.2727 secs
-----------------------
Epoch: 039, Train Loss: 0.2136, Train MSE: 0.3312, Train MAE: 0.3294
Epoch: 039, Valid Loss: 0.2254, Valid MSE: 0.1651, Valid MAE: 0.2827
No update
Epoch: 040, Training Time: 8.8195 secs
Epoch: 040, Validation Time: 1.2516 secs
-----------------------
Epoch: 040, Train Loss: 0.2130, Train MSE: 0.3321, Train MAE: 0.3290
Epoch: 040, Valid Loss: 0.2250, Valid MSE: 0.1650, Valid MAE: 0.2826
No update
Epoch: 041, Training Time: 8.5414 secs
Epoch: 041, Validation Time: 1.2228 secs
-----------------------
Epoch: 041, Train Loss: 0.2123, Train MSE: 0.3316, Train MAE: 0.3288
Epoch: 041, Valid Loss: 0.2250, Valid MSE: 0.1649, Valid MAE: 0.2824
No update
Epoch: 042, Training Time: 8.4527 secs
Epoch: 042, Validation Time: 1.2545 secs
-----------------------
Epoch: 042, Train Loss: 0.2116, Train MSE: 0.3310, Train MAE: 0.3285
Epoch: 042, Valid Loss: 0.2237, Valid MSE: 0.1647, Valid MAE: 0.2823
No update
Epoch: 043, Training Time: 8.6436 secs
Epoch: 043, Validation Time: 1.2566 secs
-----------------------
Epoch: 043, Train Loss: 0.2107, Train MSE: 0.3299, Train MAE: 0.3280
Epoch: 043, Valid Loss: 0.2247, Valid MSE: 0.1646, Valid MAE: 0.2822
No update
Epoch: 044, Training Time: 8.5619 secs
Epoch: 044, Validation Time: 1.2191 secs
-----------------------
Epoch: 044, Train Loss: 0.2101, Train MSE: 0.3296, Train MAE: 0.3280
Epoch: 044, Valid Loss: 0.2251, Valid MSE: 0.1645, Valid MAE: 0.2820
No update
Epoch: 045, Training Time: 8.4886 secs
Epoch: 045, Validation Time: 1.2267 secs
-----------------------
Epoch: 045, Train Loss: 0.2091, Train MSE: 0.3280, Train MAE: 0.3274
Epoch: 045, Valid Loss: 0.2258, Valid MSE: 0.1644, Valid MAE: 0.2820
No update
Epoch: 046, Training Time: 8.5359 secs
Epoch: 046, Validation Time: 1.2666 secs
-----------------------
Epoch: 046, Train Loss: 0.2088, Train MSE: 0.3278, Train MAE: 0.3273
Epoch: 046, Valid Loss: 0.2251, Valid MSE: 0.1643, Valid MAE: 0.2820
No update
Epoch: 047, Training Time: 8.5321 secs
Epoch: 047, Validation Time: 1.2004 secs
-----------------------
Epoch: 047, Train Loss: 0.2083, Train MSE: 0.3282, Train MAE: 0.3273
Epoch: 047, Valid Loss: 0.2258, Valid MSE: 0.1642, Valid MAE: 0.2818
No update
Epoch: 048, Training Time: 8.5012 secs
Epoch: 048, Validation Time: 1.2623 secs
-----------------------
Epoch: 048, Train Loss: 0.2074, Train MSE: 0.3267, Train MAE: 0.3267
Epoch: 048, Valid Loss: 0.2258, Valid MSE: 0.1642, Valid MAE: 0.2818
No update
Epoch: 049, Training Time: 8.6557 secs
Epoch: 049, Validation Time: 1.2283 secs
-----------------------
Epoch: 049, Train Loss: 0.2069, Train MSE: 0.3267, Train MAE: 0.3265
Epoch: 049, Valid Loss: 0.2276, Valid MSE: 0.1641, Valid MAE: 0.2817
No update
Epoch: 050, Training Time: 8.4209 secs
Epoch: 050, Validation Time: 1.2175 secs
-----------------------
Epoch: 050, Train Loss: 0.2064, Train MSE: 0.3271, Train MAE: 0.3265
Epoch: 050, Valid Loss: 0.2262, Valid MSE: 0.1641, Valid MAE: 0.2817
No update
Epoch: 051, Training Time: 8.6494 secs
Epoch: 051, Validation Time: 1.2439 secs
-----------------------
Epoch: 051, Train Loss: 0.2059, Train MSE: 0.3261, Train MAE: 0.3263
Epoch: 051, Valid Loss: 0.2263, Valid MSE: 0.1640, Valid MAE: 0.2816
No update
Epoch: 052, Training Time: 8.4527 secs
Epoch: 052, Validation Time: 1.1905 secs
-----------------------
Epoch: 052, Train Loss: 0.2056, Train MSE: 0.3256, Train MAE: 0.3260
Epoch: 052, Valid Loss: 0.2279, Valid MSE: 0.1640, Valid MAE: 0.2815
No update
Epoch: 053, Training Time: 8.4809 secs
Epoch: 053, Validation Time: 1.2804 secs
-----------------------
Epoch: 053, Train Loss: 0.2050, Train MSE: 0.3242, Train MAE: 0.3257
Epoch: 053, Valid Loss: 0.2281, Valid MSE: 0.1640, Valid MAE: 0.2815
No update
Epoch: 054, Training Time: 8.6463 secs
Epoch: 054, Validation Time: 1.2452 secs
-----------------------
Epoch: 054, Train Loss: 0.2046, Train MSE: 0.3250, Train MAE: 0.3257
Epoch: 054, Valid Loss: 0.2286, Valid MSE: 0.1639, Valid MAE: 0.2814
No update
Epoch: 055, Training Time: 8.4974 secs
Epoch: 055, Validation Time: 1.2432 secs
-----------------------
Epoch: 055, Train Loss: 0.2039, Train MSE: 0.3236, Train MAE: 0.3252
Epoch: 055, Valid Loss: 0.2277, Valid MSE: 0.1638, Valid MAE: 0.2813
No update
Epoch: 056, Training Time: 8.5967 secs
Epoch: 056, Validation Time: 1.2312 secs
-----------------------
Epoch: 056, Train Loss: 0.2039, Train MSE: 0.3246, Train MAE: 0.3255
Epoch: 056, Valid Loss: 0.2275, Valid MSE: 0.1638, Valid MAE: 0.2813
No update
Epoch: 057, Training Time: 8.4454 secs
Epoch: 057, Validation Time: 1.2298 secs
-----------------------
Epoch: 057, Train Loss: 0.2036, Train MSE: 0.3242, Train MAE: 0.3254
Epoch: 057, Valid Loss: 0.2286, Valid MSE: 0.1637, Valid MAE: 0.2812
No update
Epoch: 058, Training Time: 8.6789 secs
Epoch: 058, Validation Time: 1.2570 secs
-----------------------
Epoch: 058, Train Loss: 0.2029, Train MSE: 0.3227, Train MAE: 0.3248
Epoch: 058, Valid Loss: 0.2293, Valid MSE: 0.1637, Valid MAE: 0.2812
No update
Epoch: 059, Training Time: 8.7296 secs
Epoch: 059, Validation Time: 1.2505 secs
-----------------------
Epoch: 059, Train Loss: 0.2024, Train MSE: 0.3215, Train MAE: 0.3246
Epoch: 059, Valid Loss: 0.2289, Valid MSE: 0.1637, Valid MAE: 0.2811
No update
Epoch: 060, Training Time: 8.5528 secs
Epoch: 060, Validation Time: 1.2154 secs
-----------------------
Epoch: 060, Train Loss: 0.2021, Train MSE: 0.3222, Train MAE: 0.3243
Epoch: 060, Valid Loss: 0.2302, Valid MSE: 0.1637, Valid MAE: 0.2811
No update
Epoch: 061, Training Time: 8.4372 secs
Epoch: 061, Validation Time: 1.2320 secs
-----------------------
Epoch: 061, Train Loss: 0.2021, Train MSE: 0.3217, Train MAE: 0.3242
Epoch: 061, Valid Loss: 0.2305, Valid MSE: 0.1636, Valid MAE: 0.2811
No update
Epoch: 062, Training Time: 8.5944 secs
Epoch: 062, Validation Time: 1.2294 secs
-----------------------
Epoch: 062, Train Loss: 0.2016, Train MSE: 0.3213, Train MAE: 0.3242
Epoch: 062, Valid Loss: 0.2302, Valid MSE: 0.1636, Valid MAE: 0.2810
No update
Epoch: 063, Training Time: 8.6147 secs
Epoch: 063, Validation Time: 1.2184 secs
-----------------------
Epoch: 063, Train Loss: 0.2013, Train MSE: 0.3211, Train MAE: 0.3241
Epoch: 063, Valid Loss: 0.2305, Valid MSE: 0.1636, Valid MAE: 0.2810
No update
Epoch: 064, Training Time: 8.4711 secs
Epoch: 064, Validation Time: 1.1979 secs
-----------------------
Epoch: 064, Train Loss: 0.2009, Train MSE: 0.3210, Train MAE: 0.3238
Epoch: 064, Valid Loss: 0.2302, Valid MSE: 0.1636, Valid MAE: 0.2810
No update
Epoch: 065, Training Time: 8.5754 secs
Epoch: 065, Validation Time: 1.2697 secs
-----------------------
Epoch: 065, Train Loss: 0.2009, Train MSE: 0.3219, Train MAE: 0.3239
Epoch: 065, Valid Loss: 0.2306, Valid MSE: 0.1636, Valid MAE: 0.2810
No update
Epoch: 066, Training Time: 8.5656 secs
Epoch: 066, Validation Time: 1.2587 secs
-----------------------
Epoch: 066, Train Loss: 0.2005, Train MSE: 0.3205, Train MAE: 0.3238
Epoch: 066, Valid Loss: 0.2309, Valid MSE: 0.1635, Valid MAE: 0.2809
No update
Epoch: 067, Training Time: 8.4770 secs
Epoch: 067, Validation Time: 1.2269 secs
-----------------------
Epoch: 067, Train Loss: 0.2001, Train MSE: 0.3193, Train MAE: 0.3235
Epoch: 067, Valid Loss: 0.2308, Valid MSE: 0.1635, Valid MAE: 0.2808
No update
Epoch: 068, Training Time: 8.5446 secs
Epoch: 068, Validation Time: 1.2201 secs
-----------------------
Epoch: 068, Train Loss: 0.2000, Train MSE: 0.3205, Train MAE: 0.3235
Epoch: 068, Valid Loss: 0.2310, Valid MSE: 0.1636, Valid MAE: 0.2809
No update
Epoch: 069, Training Time: 8.4957 secs
Epoch: 069, Validation Time: 1.2821 secs
-----------------------
Epoch: 069, Train Loss: 0.1998, Train MSE: 0.3194, Train MAE: 0.3233
Epoch: 069, Valid Loss: 0.2307, Valid MSE: 0.1636, Valid MAE: 0.2809
No update
Epoch: 070, Training Time: 8.6174 secs
Epoch: 070, Validation Time: 1.2164 secs
-----------------------
Epoch: 070, Train Loss: 0.1992, Train MSE: 0.3189, Train MAE: 0.3230
Epoch: 070, Valid Loss: 0.2311, Valid MSE: 0.1636, Valid MAE: 0.2809
No update
Epoch: 071, Training Time: 8.5183 secs
Epoch: 071, Validation Time: 1.2221 secs
-----------------------
Epoch: 071, Train Loss: 0.1995, Train MSE: 0.3198, Train MAE: 0.3233
Epoch: 071, Valid Loss: 0.2306, Valid MSE: 0.1635, Valid MAE: 0.2808
No update
Epoch: 072, Training Time: 8.6070 secs
Epoch: 072, Validation Time: 1.2892 secs
-----------------------
Epoch: 072, Train Loss: 0.1993, Train MSE: 0.3192, Train MAE: 0.3230
Epoch: 072, Valid Loss: 0.2313, Valid MSE: 0.1635, Valid MAE: 0.2808
No update
Epoch: 073, Training Time: 8.6386 secs
Epoch: 073, Validation Time: 1.2280 secs
-----------------------
Epoch: 073, Train Loss: 0.1992, Train MSE: 0.3182, Train MAE: 0.3229
Epoch: 073, Valid Loss: 0.2308, Valid MSE: 0.1635, Valid MAE: 0.2808
No update
Epoch: 074, Training Time: 8.4072 secs
Epoch: 074, Validation Time: 1.2746 secs
-----------------------
Epoch: 074, Train Loss: 0.1991, Train MSE: 0.3197, Train MAE: 0.3228
Epoch: 074, Valid Loss: 0.2313, Valid MSE: 0.1635, Valid MAE: 0.2808
No update
Epoch: 075, Training Time: 8.6454 secs
Epoch: 075, Validation Time: 1.2587 secs
-----------------------
Epoch: 075, Train Loss: 0.1989, Train MSE: 0.3200, Train MAE: 0.3229
Epoch: 075, Valid Loss: 0.2322, Valid MSE: 0.1635, Valid MAE: 0.2807
No update
Average Training Time: 8.5307 secs/epoch
Average Validation Time: 1.2344 secs
Training ends
The epoch of the best result： 25
The valid loss of the best model 0.2189
Test time (total): 6.9236 seconds
On average horizons, Test MSE: 0.2383, Test MAE: 0.3072
Average Testing Time: nan secs
Total time spent: 837.1089
