Namespace(att_w=0.01, batch_size=16, channel=64, d_llm=768, data_path='exchange_rate', device='cuda:1', dropout_n=0.5, e_layer=2, epochs=100, es_patience=50, fcst_w=1, feature_w=0.01, head=4, lrate=1e-05, model_name='gpt2', num_nodes=8, num_workers=10, pred_len=36, recon_w=0.5, save='./logs/2025-10-11-16:05:18-', seed=6666, seq_len=96, weight_decay=0.001)
The number of trainable parameters: 1713352
The number of parameters: 1713352
Dual(
  (normalize_layers): Normalize()
  (length_to_feature): Linear(in_features=96, out_features=64, bias=True)
  (token_to_feature): Linear(in_features=768, out_features=64, bias=True)
  (ts_encoder): Encoder(
    (attn_layers): ModuleList(
      (0-1): 2 x EncoderLayer(
        (attention): AttentionLayer(
          (inner_attention): FullAttention(
            (dropout): Dropout(p=0.5, inplace=False)
          )
          (query_projection): Linear(in_features=64, out_features=64, bias=True)
          (key_projection): Linear(in_features=64, out_features=64, bias=True)
          (value_projection): Linear(in_features=64, out_features=64, bias=True)
          (out_projection): Linear(in_features=64, out_features=64, bias=True)
        )
        (conv1): Conv1d(64, 3072, kernel_size=(1,), stride=(1,))
        (conv2): Conv1d(3072, 64, kernel_size=(1,), stride=(1,))
        (norm1): LayerNorm((64,), eps=1e-05, elementwise_affine=True)
        (norm2): LayerNorm((64,), eps=1e-05, elementwise_affine=True)
        (dropout): Dropout(p=0.5, inplace=False)
      )
    )
    (norm): LayerNorm((64,), eps=1e-05, elementwise_affine=True)
  )
  (prompt_encoder): Encoder(
    (attn_layers): ModuleList(
      (0-1): 2 x EncoderLayer(
        (attention): AttentionLayer(
          (inner_attention): FullAttention(
            (dropout): Dropout(p=0.5, inplace=False)
          )
          (query_projection): Linear(in_features=64, out_features=64, bias=True)
          (key_projection): Linear(in_features=64, out_features=64, bias=True)
          (value_projection): Linear(in_features=64, out_features=64, bias=True)
          (out_projection): Linear(in_features=64, out_features=64, bias=True)
        )
        (conv1): Conv1d(64, 3072, kernel_size=(1,), stride=(1,))
        (conv2): Conv1d(3072, 64, kernel_size=(1,), stride=(1,))
        (norm1): LayerNorm((64,), eps=1e-05, elementwise_affine=True)
        (norm2): LayerNorm((64,), eps=1e-05, elementwise_affine=True)
        (dropout): Dropout(p=0.5, inplace=False)
      )
    )
    (norm): LayerNorm((64,), eps=1e-05, elementwise_affine=True)
  )
  (ts_proj): Linear(in_features=64, out_features=36, bias=True)
  (prompt_proj): Linear(in_features=64, out_features=36, bias=True)
)
Start training...
Epoch: 001, Training Time: 6.6344 secs
Epoch: 001, Validation Time: 0.6052 secs
-----------------------
Epoch: 001, Train Loss: 0.3460, Train MSE: 0.1285, Train MAE: 0.2340
Epoch: 001, Valid Loss: 0.8699, Valid MSE: 0.1110, Valid MAE: 0.2447
###Update tasks appear###
Updating! Valid Loss:0.8699, epoch:  1
Epoch: 002, Training Time: 6.2696 secs
Epoch: 002, Validation Time: 0.5577 secs
-----------------------
Epoch: 002, Train Loss: 0.3209, Train MSE: 0.1195, Train MAE: 0.2259
Epoch: 002, Valid Loss: 0.8574, Valid MSE: 0.1041, Valid MAE: 0.2365
###Update tasks appear###
Updating! Valid Loss:0.8574, epoch:  2
Epoch: 003, Training Time: 6.0845 secs
Epoch: 003, Validation Time: 0.5903 secs
-----------------------
Epoch: 003, Train Loss: 0.3132, Train MSE: 0.1144, Train MAE: 0.2209
Epoch: 003, Valid Loss: 0.8455, Valid MSE: 0.0983, Valid MAE: 0.2289
###Update tasks appear###
Updating! Valid Loss:0.8455, epoch:  3
Epoch: 004, Training Time: 6.1588 secs
Epoch: 004, Validation Time: 0.5825 secs
-----------------------
Epoch: 004, Train Loss: 0.3075, Train MSE: 0.1094, Train MAE: 0.2161
Epoch: 004, Valid Loss: 0.8327, Valid MSE: 0.0931, Valid MAE: 0.2219
###Update tasks appear###
Updating! Valid Loss:0.8327, epoch:  4
Epoch: 005, Training Time: 6.6148 secs
Epoch: 005, Validation Time: 0.5973 secs
-----------------------
Epoch: 005, Train Loss: 0.3029, Train MSE: 0.1052, Train MAE: 0.2116
Epoch: 005, Valid Loss: 0.8222, Valid MSE: 0.0887, Valid MAE: 0.2156
###Update tasks appear###
Updating! Valid Loss:0.8222, epoch:  5
Epoch: 006, Training Time: 6.1000 secs
Epoch: 006, Validation Time: 0.5977 secs
-----------------------
Epoch: 006, Train Loss: 0.2986, Train MSE: 0.1008, Train MAE: 0.2072
Epoch: 006, Valid Loss: 0.8104, Valid MSE: 0.0847, Valid MAE: 0.2098
###Update tasks appear###
Updating! Valid Loss:0.8104, epoch:  6
Epoch: 007, Training Time: 6.1256 secs
Epoch: 007, Validation Time: 0.5724 secs
-----------------------
Epoch: 007, Train Loss: 0.2943, Train MSE: 0.0970, Train MAE: 0.2031
Epoch: 007, Valid Loss: 0.7982, Valid MSE: 0.0812, Valid MAE: 0.2045
###Update tasks appear###
Updating! Valid Loss:0.7982, epoch:  7
Epoch: 008, Training Time: 6.4049 secs
Epoch: 008, Validation Time: 0.6446 secs
-----------------------
Epoch: 008, Train Loss: 0.2900, Train MSE: 0.0931, Train MAE: 0.1990
Epoch: 008, Valid Loss: 0.7834, Valid MSE: 0.0782, Valid MAE: 0.1999
###Update tasks appear###
Updating! Valid Loss:0.7834, epoch:  8
Epoch: 009, Training Time: 6.4681 secs
Epoch: 009, Validation Time: 0.5735 secs
-----------------------
Epoch: 009, Train Loss: 0.2867, Train MSE: 0.0898, Train MAE: 0.1954
Epoch: 009, Valid Loss: 0.7710, Valid MSE: 0.0756, Valid MAE: 0.1958
###Update tasks appear###
Updating! Valid Loss:0.7710, epoch:  9
Epoch: 010, Training Time: 6.1058 secs
Epoch: 010, Validation Time: 0.5427 secs
-----------------------
Epoch: 010, Train Loss: 0.2833, Train MSE: 0.0869, Train MAE: 0.1921
Epoch: 010, Valid Loss: 0.7584, Valid MSE: 0.0733, Valid MAE: 0.1922
###Update tasks appear###
Updating! Valid Loss:0.7584, epoch:  10
Epoch: 011, Training Time: 6.1341 secs
Epoch: 011, Validation Time: 0.6026 secs
-----------------------
Epoch: 011, Train Loss: 0.2796, Train MSE: 0.0841, Train MAE: 0.1890
Epoch: 011, Valid Loss: 0.7462, Valid MSE: 0.0713, Valid MAE: 0.1887
###Update tasks appear###
Test low! Updating! Test MSE: 0.0456, Test MAE: 0.1519, Test low! Updating! Valid Loss: 0.7462, epoch:  11
Epoch: 012, Training Time: 6.4649 secs
Epoch: 012, Validation Time: 0.5803 secs
-----------------------
Epoch: 012, Train Loss: 0.2764, Train MSE: 0.0816, Train MAE: 0.1861
Epoch: 012, Valid Loss: 0.7390, Valid MSE: 0.0694, Valid MAE: 0.1856
###Update tasks appear###
Test low! Updating! Test MSE: 0.0442, Test MAE: 0.1494, Test low! Updating! Valid Loss: 0.7390, epoch:  12
Epoch: 013, Training Time: 6.0733 secs
Epoch: 013, Validation Time: 0.6058 secs
-----------------------
Epoch: 013, Train Loss: 0.2734, Train MSE: 0.0792, Train MAE: 0.1832
Epoch: 013, Valid Loss: 0.7368, Valid MSE: 0.0679, Valid MAE: 0.1829
###Update tasks appear###
Test low! Updating! Test MSE: 0.0430, Test MAE: 0.1473, Test low! Updating! Valid Loss: 0.7368, epoch:  13
Epoch: 014, Training Time: 6.6129 secs
Epoch: 014, Validation Time: 0.5577 secs
-----------------------
Epoch: 014, Train Loss: 0.2712, Train MSE: 0.0771, Train MAE: 0.1809
Epoch: 014, Valid Loss: 0.7364, Valid MSE: 0.0666, Valid MAE: 0.1807
###Update tasks appear###
Test low! Updating! Test MSE: 0.0420, Test MAE: 0.1454, Test low! Updating! Valid Loss: 0.7364, epoch:  14
Epoch: 015, Training Time: 6.1924 secs
Epoch: 015, Validation Time: 0.5946 secs
-----------------------
Epoch: 015, Train Loss: 0.2688, Train MSE: 0.0753, Train MAE: 0.1785
Epoch: 015, Valid Loss: 0.7304, Valid MSE: 0.0654, Valid MAE: 0.1786
###Update tasks appear###
Test low! Updating! Test MSE: 0.0412, Test MAE: 0.1438, Test low! Updating! Valid Loss: 0.7304, epoch:  15
Epoch: 016, Training Time: 6.7474 secs
Epoch: 016, Validation Time: 0.6299 secs
-----------------------
Epoch: 016, Train Loss: 0.2656, Train MSE: 0.0737, Train MAE: 0.1767
Epoch: 016, Valid Loss: 0.7102, Valid MSE: 0.0645, Valid MAE: 0.1770
###Update tasks appear###
Test low! Updating! Test MSE: 0.0404, Test MAE: 0.1422, Test low! Updating! Valid Loss: 0.7102, epoch:  16
Epoch: 017, Training Time: 6.1685 secs
Epoch: 017, Validation Time: 0.5664 secs
-----------------------
Epoch: 017, Train Loss: 0.2627, Train MSE: 0.0723, Train MAE: 0.1748
Epoch: 017, Valid Loss: 0.6881, Valid MSE: 0.0637, Valid MAE: 0.1756
###Update tasks appear###
Test low! Updating! Test MSE: 0.0397, Test MAE: 0.1409, Test low! Updating! Valid Loss: 0.6881, epoch:  17
Epoch: 018, Training Time: 6.7326 secs
Epoch: 018, Validation Time: 0.6131 secs
-----------------------
Epoch: 018, Train Loss: 0.2580, Train MSE: 0.0707, Train MAE: 0.1730
Epoch: 018, Valid Loss: 0.6582, Valid MSE: 0.0628, Valid MAE: 0.1739
###Update tasks appear###
Test low! Updating! Test MSE: 0.0391, Test MAE: 0.1397, Test low! Updating! Valid Loss: 0.6582, epoch:  18
Epoch: 019, Training Time: 6.2449 secs
Epoch: 019, Validation Time: 0.5897 secs
-----------------------
Epoch: 019, Train Loss: 0.2533, Train MSE: 0.0693, Train MAE: 0.1712
Epoch: 019, Valid Loss: 0.6399, Valid MSE: 0.0621, Valid MAE: 0.1723
###Update tasks appear###
Test low! Updating! Test MSE: 0.0385, Test MAE: 0.1386, Test low! Updating! Valid Loss: 0.6399, epoch:  19
Epoch: 020, Training Time: 6.5574 secs
Epoch: 020, Validation Time: 0.6685 secs
-----------------------
Epoch: 020, Train Loss: 0.2498, Train MSE: 0.0682, Train MAE: 0.1698
Epoch: 020, Valid Loss: 0.6309, Valid MSE: 0.0615, Valid MAE: 0.1712
###Update tasks appear###
Test low! Updating! Test MSE: 0.0381, Test MAE: 0.1377, Test low! Updating! Valid Loss: 0.6309, epoch:  20
Epoch: 021, Training Time: 6.0855 secs
Epoch: 021, Validation Time: 0.5645 secs
-----------------------
Epoch: 021, Train Loss: 0.2472, Train MSE: 0.0672, Train MAE: 0.1684
Epoch: 021, Valid Loss: 0.6241, Valid MSE: 0.0611, Valid MAE: 0.1704
###Update tasks appear###
Test low! Updating! Test MSE: 0.0377, Test MAE: 0.1369, Test low! Updating! Valid Loss: 0.6241, epoch:  21
Epoch: 022, Training Time: 6.3058 secs
Epoch: 022, Validation Time: 0.6873 secs
-----------------------
Epoch: 022, Train Loss: 0.2449, Train MSE: 0.0661, Train MAE: 0.1671
Epoch: 022, Valid Loss: 0.6202, Valid MSE: 0.0606, Valid MAE: 0.1697
###Update tasks appear###
Test low! Updating! Test MSE: 0.0373, Test MAE: 0.1361, Test low! Updating! Valid Loss: 0.6202, epoch:  22
Epoch: 023, Training Time: 6.1461 secs
Epoch: 023, Validation Time: 0.6044 secs
-----------------------
Epoch: 023, Train Loss: 0.2425, Train MSE: 0.0652, Train MAE: 0.1660
Epoch: 023, Valid Loss: 0.6163, Valid MSE: 0.0604, Valid MAE: 0.1691
###Update tasks appear###
Test low! Updating! Test MSE: 0.0370, Test MAE: 0.1356, Test low! Updating! Valid Loss: 0.6163, epoch:  23
Epoch: 024, Training Time: 6.2732 secs
Epoch: 024, Validation Time: 0.6465 secs
-----------------------
Epoch: 024, Train Loss: 0.2402, Train MSE: 0.0643, Train MAE: 0.1647
Epoch: 024, Valid Loss: 0.6137, Valid MSE: 0.0599, Valid MAE: 0.1681
###Update tasks appear###
Test low! Updating! Test MSE: 0.0368, Test MAE: 0.1350, Test low! Updating! Valid Loss: 0.6137, epoch:  24
Epoch: 025, Training Time: 6.1049 secs
Epoch: 025, Validation Time: 0.5719 secs
-----------------------
Epoch: 025, Train Loss: 0.2378, Train MSE: 0.0635, Train MAE: 0.1639
Epoch: 025, Valid Loss: 0.6096, Valid MSE: 0.0599, Valid MAE: 0.1681
###Update tasks appear###
Test low! Updating! Test MSE: 0.0365, Test MAE: 0.1346, Test low! Updating! Valid Loss: 0.6096, epoch:  25
Epoch: 026, Training Time: 6.1181 secs
Epoch: 026, Validation Time: 0.5841 secs
-----------------------
Epoch: 026, Train Loss: 0.2360, Train MSE: 0.0628, Train MAE: 0.1627
Epoch: 026, Valid Loss: 0.6070, Valid MSE: 0.0595, Valid MAE: 0.1672
###Update tasks appear###
Test low! Updating! Test MSE: 0.0363, Test MAE: 0.1342, Test low! Updating! Valid Loss: 0.6070, epoch:  26
Epoch: 027, Training Time: 6.0337 secs
Epoch: 027, Validation Time: 0.5890 secs
-----------------------
Epoch: 027, Train Loss: 0.2343, Train MSE: 0.0621, Train MAE: 0.1619
Epoch: 027, Valid Loss: 0.6053, Valid MSE: 0.0592, Valid MAE: 0.1667
###Update tasks appear###
Test low! Updating! Test MSE: 0.0361, Test MAE: 0.1337, Test low! Updating! Valid Loss: 0.6053, epoch:  27
Epoch: 028, Training Time: 6.1361 secs
Epoch: 028, Validation Time: 0.5862 secs
-----------------------
Epoch: 028, Train Loss: 0.2325, Train MSE: 0.0616, Train MAE: 0.1610
Epoch: 028, Valid Loss: 0.6013, Valid MSE: 0.0592, Valid MAE: 0.1667
###Update tasks appear###
Test low! Updating! Test MSE: 0.0360, Test MAE: 0.1335, Test low! Updating! Valid Loss: 0.6013, epoch:  28
Epoch: 029, Training Time: 6.0975 secs
Epoch: 029, Validation Time: 0.5806 secs
-----------------------
Epoch: 029, Train Loss: 0.2313, Train MSE: 0.0612, Train MAE: 0.1605
Epoch: 029, Valid Loss: 0.5991, Valid MSE: 0.0590, Valid MAE: 0.1663
###Update tasks appear###
Test low! Updating! Test MSE: 0.0359, Test MAE: 0.1332, Test low! Updating! Valid Loss: 0.5991, epoch:  29
Epoch: 030, Training Time: 6.2050 secs
Epoch: 030, Validation Time: 0.5800 secs
-----------------------
Epoch: 030, Train Loss: 0.2295, Train MSE: 0.0604, Train MAE: 0.1595
Epoch: 030, Valid Loss: 0.5989, Valid MSE: 0.0588, Valid MAE: 0.1658
###Update tasks appear###
Test low! Updating! Test MSE: 0.0358, Test MAE: 0.1329, Test low! Updating! Valid Loss: 0.5989, epoch:  30
Epoch: 031, Training Time: 6.2726 secs
Epoch: 031, Validation Time: 0.5903 secs
-----------------------
Epoch: 031, Train Loss: 0.2282, Train MSE: 0.0600, Train MAE: 0.1589
Epoch: 031, Valid Loss: 0.5960, Valid MSE: 0.0587, Valid MAE: 0.1656
###Update tasks appear###
Test low! Updating! Test MSE: 0.0356, Test MAE: 0.1326, Test low! Updating! Valid Loss: 0.5960, epoch:  31
Epoch: 032, Training Time: 6.1880 secs
Epoch: 032, Validation Time: 0.5864 secs
-----------------------
Epoch: 032, Train Loss: 0.2268, Train MSE: 0.0596, Train MAE: 0.1583
Epoch: 032, Valid Loss: 0.5950, Valid MSE: 0.0586, Valid MAE: 0.1656
###Update tasks appear###
Test low! Updating! Test MSE: 0.0355, Test MAE: 0.1324, Test low! Updating! Valid Loss: 0.5950, epoch:  32
Epoch: 033, Training Time: 6.4544 secs
Epoch: 033, Validation Time: 0.5781 secs
-----------------------
Epoch: 033, Train Loss: 0.2253, Train MSE: 0.0592, Train MAE: 0.1578
Epoch: 033, Valid Loss: 0.5950, Valid MSE: 0.0585, Valid MAE: 0.1652
No update
Epoch: 034, Training Time: 6.1305 secs
Epoch: 034, Validation Time: 0.5971 secs
-----------------------
Epoch: 034, Train Loss: 0.2245, Train MSE: 0.0586, Train MAE: 0.1569
Epoch: 034, Valid Loss: 0.5941, Valid MSE: 0.0584, Valid MAE: 0.1651
###Update tasks appear###
Test low! Updating! Test MSE: 0.0353, Test MAE: 0.1320, Test low! Updating! Valid Loss: 0.5941, epoch:  34
Epoch: 035, Training Time: 6.4715 secs
Epoch: 035, Validation Time: 0.6522 secs
-----------------------
Epoch: 035, Train Loss: 0.2234, Train MSE: 0.0583, Train MAE: 0.1566
Epoch: 035, Valid Loss: 0.5939, Valid MSE: 0.0582, Valid MAE: 0.1646
###Update tasks appear###
Test low! Updating! Test MSE: 0.0352, Test MAE: 0.1317, Test low! Updating! Valid Loss: 0.5939, epoch:  35
Epoch: 036, Training Time: 6.1086 secs
Epoch: 036, Validation Time: 0.5546 secs
-----------------------
Epoch: 036, Train Loss: 0.2222, Train MSE: 0.0581, Train MAE: 0.1564
Epoch: 036, Valid Loss: 0.5930, Valid MSE: 0.0583, Valid MAE: 0.1646
###Update tasks appear###
Test low! Updating! Test MSE: 0.0352, Test MAE: 0.1316, Test low! Updating! Valid Loss: 0.5930, epoch:  36
Epoch: 037, Training Time: 6.1949 secs
Epoch: 037, Validation Time: 0.6450 secs
-----------------------
Epoch: 037, Train Loss: 0.2209, Train MSE: 0.0577, Train MAE: 0.1557
Epoch: 037, Valid Loss: 0.5935, Valid MSE: 0.0584, Valid MAE: 0.1649
No update
Epoch: 038, Training Time: 6.5689 secs
Epoch: 038, Validation Time: 0.5762 secs
-----------------------
Epoch: 038, Train Loss: 0.2201, Train MSE: 0.0575, Train MAE: 0.1554
Epoch: 038, Valid Loss: 0.5927, Valid MSE: 0.0582, Valid MAE: 0.1644
###Update tasks appear###
Test low! Updating! Test MSE: 0.0351, Test MAE: 0.1314, Test low! Updating! Valid Loss: 0.5927, epoch:  38
Epoch: 039, Training Time: 6.1291 secs
Epoch: 039, Validation Time: 0.5743 secs
-----------------------
Epoch: 039, Train Loss: 0.2192, Train MSE: 0.0573, Train MAE: 0.1550
Epoch: 039, Valid Loss: 0.5941, Valid MSE: 0.0583, Valid MAE: 0.1647
No update
Epoch: 040, Training Time: 6.4090 secs
Epoch: 040, Validation Time: 0.6888 secs
-----------------------
Epoch: 040, Train Loss: 0.2182, Train MSE: 0.0569, Train MAE: 0.1545
Epoch: 040, Valid Loss: 0.5938, Valid MSE: 0.0581, Valid MAE: 0.1642
No update
Epoch: 041, Training Time: 6.2496 secs
Epoch: 041, Validation Time: 0.5716 secs
-----------------------
Epoch: 041, Train Loss: 0.2172, Train MSE: 0.0567, Train MAE: 0.1542
Epoch: 041, Valid Loss: 0.5940, Valid MSE: 0.0580, Valid MAE: 0.1642
No update
Epoch: 042, Training Time: 6.2606 secs
Epoch: 042, Validation Time: 0.5916 secs
-----------------------
Epoch: 042, Train Loss: 0.2161, Train MSE: 0.0566, Train MAE: 0.1540
Epoch: 042, Valid Loss: 0.5946, Valid MSE: 0.0580, Valid MAE: 0.1641
No update
Epoch: 043, Training Time: 6.2957 secs
Epoch: 043, Validation Time: 0.5953 secs
-----------------------
Epoch: 043, Train Loss: 0.2151, Train MSE: 0.0562, Train MAE: 0.1534
Epoch: 043, Valid Loss: 0.5960, Valid MSE: 0.0579, Valid MAE: 0.1640
No update
Epoch: 044, Training Time: 6.8425 secs
Epoch: 044, Validation Time: 0.5796 secs
-----------------------
Epoch: 044, Train Loss: 0.2141, Train MSE: 0.0558, Train MAE: 0.1532
Epoch: 044, Valid Loss: 0.5964, Valid MSE: 0.0577, Valid MAE: 0.1636
No update
Epoch: 045, Training Time: 6.1391 secs
Epoch: 045, Validation Time: 0.5684 secs
-----------------------
Epoch: 045, Train Loss: 0.2129, Train MSE: 0.0558, Train MAE: 0.1529
Epoch: 045, Valid Loss: 0.5980, Valid MSE: 0.0580, Valid MAE: 0.1640
No update
Epoch: 046, Training Time: 6.2923 secs
Epoch: 046, Validation Time: 0.5958 secs
-----------------------
Epoch: 046, Train Loss: 0.2120, Train MSE: 0.0554, Train MAE: 0.1525
Epoch: 046, Valid Loss: 0.5981, Valid MSE: 0.0578, Valid MAE: 0.1637
No update
Epoch: 047, Training Time: 6.3105 secs
Epoch: 047, Validation Time: 0.6435 secs
-----------------------
Epoch: 047, Train Loss: 0.2111, Train MSE: 0.0551, Train MAE: 0.1522
Epoch: 047, Valid Loss: 0.5984, Valid MSE: 0.0575, Valid MAE: 0.1633
No update
Epoch: 048, Training Time: 6.3937 secs
Epoch: 048, Validation Time: 0.5911 secs
-----------------------
Epoch: 048, Train Loss: 0.2106, Train MSE: 0.0553, Train MAE: 0.1522
Epoch: 048, Valid Loss: 0.5998, Valid MSE: 0.0579, Valid MAE: 0.1640
No update
Epoch: 049, Training Time: 6.1570 secs
Epoch: 049, Validation Time: 0.5624 secs
-----------------------
Epoch: 049, Train Loss: 0.2093, Train MSE: 0.0550, Train MAE: 0.1519
Epoch: 049, Valid Loss: 0.6017, Valid MSE: 0.0575, Valid MAE: 0.1630
No update
Epoch: 050, Training Time: 6.3451 secs
Epoch: 050, Validation Time: 0.5976 secs
-----------------------
Epoch: 050, Train Loss: 0.2083, Train MSE: 0.0550, Train MAE: 0.1517
Epoch: 050, Valid Loss: 0.6025, Valid MSE: 0.0577, Valid MAE: 0.1635
No update
Epoch: 051, Training Time: 6.4976 secs
Epoch: 051, Validation Time: 0.5580 secs
-----------------------
Epoch: 051, Train Loss: 0.2073, Train MSE: 0.0547, Train MAE: 0.1514
Epoch: 051, Valid Loss: 0.6042, Valid MSE: 0.0577, Valid MAE: 0.1636
No update
Epoch: 052, Training Time: 6.0794 secs
Epoch: 052, Validation Time: 0.5704 secs
-----------------------
Epoch: 052, Train Loss: 0.2063, Train MSE: 0.0547, Train MAE: 0.1513
Epoch: 052, Valid Loss: 0.6032, Valid MSE: 0.0575, Valid MAE: 0.1633
No update
Epoch: 053, Training Time: 6.1514 secs
Epoch: 053, Validation Time: 0.5726 secs
-----------------------
Epoch: 053, Train Loss: 0.2059, Train MSE: 0.0544, Train MAE: 0.1510
Epoch: 053, Valid Loss: 0.6057, Valid MSE: 0.0575, Valid MAE: 0.1632
No update
Epoch: 054, Training Time: 6.4744 secs
Epoch: 054, Validation Time: 0.6590 secs
-----------------------
Epoch: 054, Train Loss: 0.2047, Train MSE: 0.0542, Train MAE: 0.1506
Epoch: 054, Valid Loss: 0.6077, Valid MSE: 0.0572, Valid MAE: 0.1628
No update
Epoch: 055, Training Time: 6.4180 secs
Epoch: 055, Validation Time: 0.5808 secs
-----------------------
Epoch: 055, Train Loss: 0.2036, Train MSE: 0.0542, Train MAE: 0.1508
Epoch: 055, Valid Loss: 0.6083, Valid MSE: 0.0574, Valid MAE: 0.1632
No update
Epoch: 056, Training Time: 6.1146 secs
Epoch: 056, Validation Time: 0.5881 secs
-----------------------
Epoch: 056, Train Loss: 0.2032, Train MSE: 0.0543, Train MAE: 0.1507
Epoch: 056, Valid Loss: 0.6098, Valid MSE: 0.0574, Valid MAE: 0.1632
No update
Epoch: 057, Training Time: 6.1554 secs
Epoch: 057, Validation Time: 0.6012 secs
-----------------------
Epoch: 057, Train Loss: 0.2022, Train MSE: 0.0539, Train MAE: 0.1502
Epoch: 057, Valid Loss: 0.6103, Valid MSE: 0.0573, Valid MAE: 0.1631
No update
Epoch: 058, Training Time: 6.6726 secs
Epoch: 058, Validation Time: 0.5738 secs
-----------------------
Epoch: 058, Train Loss: 0.2014, Train MSE: 0.0539, Train MAE: 0.1502
Epoch: 058, Valid Loss: 0.6119, Valid MSE: 0.0571, Valid MAE: 0.1627
No update
Epoch: 059, Training Time: 6.1567 secs
Epoch: 059, Validation Time: 0.5582 secs
-----------------------
Epoch: 059, Train Loss: 0.2008, Train MSE: 0.0538, Train MAE: 0.1501
Epoch: 059, Valid Loss: 0.6130, Valid MSE: 0.0573, Valid MAE: 0.1630
No update
Epoch: 060, Training Time: 6.2051 secs
Epoch: 060, Validation Time: 0.5669 secs
-----------------------
Epoch: 060, Train Loss: 0.1999, Train MSE: 0.0537, Train MAE: 0.1499
Epoch: 060, Valid Loss: 0.6139, Valid MSE: 0.0571, Valid MAE: 0.1627
No update
Epoch: 061, Training Time: 6.4744 secs
Epoch: 061, Validation Time: 0.6252 secs
-----------------------
Epoch: 061, Train Loss: 0.1991, Train MSE: 0.0535, Train MAE: 0.1496
Epoch: 061, Valid Loss: 0.6142, Valid MSE: 0.0572, Valid MAE: 0.1628
No update
Epoch: 062, Training Time: 6.3582 secs
Epoch: 062, Validation Time: 0.5575 secs
-----------------------
Epoch: 062, Train Loss: 0.1984, Train MSE: 0.0535, Train MAE: 0.1496
Epoch: 062, Valid Loss: 0.6144, Valid MSE: 0.0571, Valid MAE: 0.1628
No update
Epoch: 063, Training Time: 6.0914 secs
Epoch: 063, Validation Time: 0.6122 secs
-----------------------
Epoch: 063, Train Loss: 0.1982, Train MSE: 0.0533, Train MAE: 0.1493
Epoch: 063, Valid Loss: 0.6143, Valid MSE: 0.0570, Valid MAE: 0.1626
No update
Epoch: 064, Training Time: 6.2642 secs
Epoch: 064, Validation Time: 0.5776 secs
-----------------------
Epoch: 064, Train Loss: 0.1976, Train MSE: 0.0533, Train MAE: 0.1494
Epoch: 064, Valid Loss: 0.6167, Valid MSE: 0.0570, Valid MAE: 0.1628
No update
Epoch: 065, Training Time: 6.7046 secs
Epoch: 065, Validation Time: 0.5887 secs
-----------------------
Epoch: 065, Train Loss: 0.1973, Train MSE: 0.0532, Train MAE: 0.1492
Epoch: 065, Valid Loss: 0.6160, Valid MSE: 0.0569, Valid MAE: 0.1625
No update
Epoch: 066, Training Time: 6.2420 secs
Epoch: 066, Validation Time: 0.5940 secs
-----------------------
Epoch: 066, Train Loss: 0.1967, Train MSE: 0.0532, Train MAE: 0.1494
Epoch: 066, Valid Loss: 0.6164, Valid MSE: 0.0569, Valid MAE: 0.1625
No update
Epoch: 067, Training Time: 6.2152 secs
Epoch: 067, Validation Time: 0.6006 secs
-----------------------
Epoch: 067, Train Loss: 0.1962, Train MSE: 0.0533, Train MAE: 0.1493
Epoch: 067, Valid Loss: 0.6186, Valid MSE: 0.0568, Valid MAE: 0.1624
No update
Epoch: 068, Training Time: 6.4214 secs
Epoch: 068, Validation Time: 0.6553 secs
-----------------------
Epoch: 068, Train Loss: 0.1958, Train MSE: 0.0531, Train MAE: 0.1491
Epoch: 068, Valid Loss: 0.6187, Valid MSE: 0.0569, Valid MAE: 0.1627
No update
Epoch: 069, Training Time: 6.4041 secs
Epoch: 069, Validation Time: 0.5489 secs
-----------------------
Epoch: 069, Train Loss: 0.1952, Train MSE: 0.0530, Train MAE: 0.1491
Epoch: 069, Valid Loss: 0.6188, Valid MSE: 0.0569, Valid MAE: 0.1625
No update
Epoch: 070, Training Time: 6.0935 secs
Epoch: 070, Validation Time: 0.5462 secs
-----------------------
Epoch: 070, Train Loss: 0.1947, Train MSE: 0.0528, Train MAE: 0.1488
Epoch: 070, Valid Loss: 0.6194, Valid MSE: 0.0568, Valid MAE: 0.1625
No update
Epoch: 071, Training Time: 6.2219 secs
Epoch: 071, Validation Time: 0.6052 secs
-----------------------
Epoch: 071, Train Loss: 0.1940, Train MSE: 0.0527, Train MAE: 0.1488
Epoch: 071, Valid Loss: 0.6196, Valid MSE: 0.0568, Valid MAE: 0.1624
No update
Epoch: 072, Training Time: 6.6979 secs
Epoch: 072, Validation Time: 0.5360 secs
-----------------------
Epoch: 072, Train Loss: 0.1934, Train MSE: 0.0527, Train MAE: 0.1485
Epoch: 072, Valid Loss: 0.6193, Valid MSE: 0.0567, Valid MAE: 0.1623
No update
Epoch: 073, Training Time: 6.2550 secs
Epoch: 073, Validation Time: 0.5798 secs
-----------------------
Epoch: 073, Train Loss: 0.1931, Train MSE: 0.0526, Train MAE: 0.1485
Epoch: 073, Valid Loss: 0.6197, Valid MSE: 0.0568, Valid MAE: 0.1624
No update
Epoch: 074, Training Time: 6.1769 secs
Epoch: 074, Validation Time: 0.5842 secs
-----------------------
Epoch: 074, Train Loss: 0.1930, Train MSE: 0.0529, Train MAE: 0.1488
Epoch: 074, Valid Loss: 0.6210, Valid MSE: 0.0567, Valid MAE: 0.1623
No update
Epoch: 075, Training Time: 6.2813 secs
Epoch: 075, Validation Time: 0.6576 secs
-----------------------
Epoch: 075, Train Loss: 0.1926, Train MSE: 0.0526, Train MAE: 0.1485
Epoch: 075, Valid Loss: 0.6207, Valid MSE: 0.0567, Valid MAE: 0.1623
No update
Epoch: 076, Training Time: 6.3997 secs
Epoch: 076, Validation Time: 0.5750 secs
-----------------------
Epoch: 076, Train Loss: 0.1924, Train MSE: 0.0526, Train MAE: 0.1485
Epoch: 076, Valid Loss: 0.6207, Valid MSE: 0.0566, Valid MAE: 0.1622
No update
Epoch: 077, Training Time: 6.1252 secs
Epoch: 077, Validation Time: 0.5813 secs
-----------------------
Epoch: 077, Train Loss: 0.1916, Train MSE: 0.0528, Train MAE: 0.1487
Epoch: 077, Valid Loss: 0.6208, Valid MSE: 0.0567, Valid MAE: 0.1623
No update
Epoch: 078, Training Time: 6.1883 secs
Epoch: 078, Validation Time: 0.5921 secs
-----------------------
Epoch: 078, Train Loss: 0.1912, Train MSE: 0.0526, Train MAE: 0.1486
Epoch: 078, Valid Loss: 0.6209, Valid MSE: 0.0567, Valid MAE: 0.1623
No update
Epoch: 079, Training Time: 6.3486 secs
Epoch: 079, Validation Time: 0.5850 secs
-----------------------
Epoch: 079, Train Loss: 0.1909, Train MSE: 0.0526, Train MAE: 0.1485
Epoch: 079, Valid Loss: 0.6212, Valid MSE: 0.0566, Valid MAE: 0.1622
No update
Epoch: 080, Training Time: 6.1716 secs
Epoch: 080, Validation Time: 0.5660 secs
-----------------------
Epoch: 080, Train Loss: 0.1907, Train MSE: 0.0525, Train MAE: 0.1484
Epoch: 080, Valid Loss: 0.6214, Valid MSE: 0.0566, Valid MAE: 0.1622
No update
Epoch: 081, Training Time: 6.2083 secs
Epoch: 081, Validation Time: 0.6134 secs
-----------------------
Epoch: 081, Train Loss: 0.1905, Train MSE: 0.0525, Train MAE: 0.1483
Epoch: 081, Valid Loss: 0.6213, Valid MSE: 0.0566, Valid MAE: 0.1622
No update
Epoch: 082, Training Time: 6.6218 secs
Epoch: 082, Validation Time: 0.5854 secs
-----------------------
Epoch: 082, Train Loss: 0.1897, Train MSE: 0.0525, Train MAE: 0.1484
Epoch: 082, Valid Loss: 0.6215, Valid MSE: 0.0565, Valid MAE: 0.1622
No update
Epoch: 083, Training Time: 6.1469 secs
Epoch: 083, Validation Time: 0.5657 secs
-----------------------
Epoch: 083, Train Loss: 0.1899, Train MSE: 0.0525, Train MAE: 0.1485
Epoch: 083, Valid Loss: 0.6214, Valid MSE: 0.0565, Valid MAE: 0.1621
No update
Epoch: 084, Training Time: 6.2095 secs
Epoch: 084, Validation Time: 0.5989 secs
-----------------------
Epoch: 084, Train Loss: 0.1893, Train MSE: 0.0523, Train MAE: 0.1482
Epoch: 084, Valid Loss: 0.6213, Valid MSE: 0.0565, Valid MAE: 0.1621
No update
Epoch: 085, Training Time: 6.5383 secs
Epoch: 085, Validation Time: 0.6593 secs
-----------------------
Epoch: 085, Train Loss: 0.1892, Train MSE: 0.0525, Train MAE: 0.1484
Epoch: 085, Valid Loss: 0.6215, Valid MSE: 0.0565, Valid MAE: 0.1622
No update
Epoch: 086, Training Time: 6.4223 secs
Epoch: 086, Validation Time: 0.5880 secs
-----------------------
Epoch: 086, Train Loss: 0.1890, Train MSE: 0.0524, Train MAE: 0.1484
Epoch: 086, Valid Loss: 0.6219, Valid MSE: 0.0565, Valid MAE: 0.1622
No update
Epoch: 087, Training Time: 6.1420 secs
Epoch: 087, Validation Time: 0.5842 secs
-----------------------
Epoch: 087, Train Loss: 0.1885, Train MSE: 0.0522, Train MAE: 0.1480
Epoch: 087, Valid Loss: 0.6218, Valid MSE: 0.0565, Valid MAE: 0.1622
No update
Epoch: 088, Training Time: 6.2849 secs
Epoch: 088, Validation Time: 0.5670 secs
-----------------------
Epoch: 088, Train Loss: 0.1885, Train MSE: 0.0525, Train MAE: 0.1483
Epoch: 088, Valid Loss: 0.6218, Valid MSE: 0.0565, Valid MAE: 0.1622
No update
Average Training Time: 6.2983 secs/epoch
Average Validation Time: 0.5928 secs
Training ends
The epoch of the best result： 38
The valid loss of the best model 0.5927
Test time (total): 4.8355 seconds
On average horizons, Test MSE: 0.0351, Test MAE: 0.1314
Average Testing Time: nan secs
Total time spent: 729.6538
