Namespace(att_w=0.01, batch_size=16, channel=64, d_llm=768, data_path='ETTm2', device='cuda:0', dropout_n=0.5, e_layer=2, epochs=100, es_patience=50, fcst_w=1, feature_w=0.01, head=4, lrate=0.0001, model_name='gpt2', num_nodes=7, num_workers=10, pred_len=24, recon_w=0.5, save='./logs/2025-10-10-02:09:38-', seed=6666, seq_len=96, weight_decay=0.001)
The number of trainable parameters: 1711792
The number of parameters: 1711792
Dual(
  (normalize_layers): Normalize()
  (length_to_feature): Linear(in_features=96, out_features=64, bias=True)
  (token_to_feature): Linear(in_features=768, out_features=64, bias=True)
  (ts_encoder): Encoder(
    (attn_layers): ModuleList(
      (0-1): 2 x EncoderLayer(
        (attention): AttentionLayer(
          (inner_attention): FullAttention(
            (dropout): Dropout(p=0.5, inplace=False)
          )
          (query_projection): Linear(in_features=64, out_features=64, bias=True)
          (key_projection): Linear(in_features=64, out_features=64, bias=True)
          (value_projection): Linear(in_features=64, out_features=64, bias=True)
          (out_projection): Linear(in_features=64, out_features=64, bias=True)
        )
        (conv1): Conv1d(64, 3072, kernel_size=(1,), stride=(1,))
        (conv2): Conv1d(3072, 64, kernel_size=(1,), stride=(1,))
        (norm1): LayerNorm((64,), eps=1e-05, elementwise_affine=True)
        (norm2): LayerNorm((64,), eps=1e-05, elementwise_affine=True)
        (dropout): Dropout(p=0.5, inplace=False)
      )
    )
    (norm): LayerNorm((64,), eps=1e-05, elementwise_affine=True)
  )
  (prompt_encoder): Encoder(
    (attn_layers): ModuleList(
      (0-1): 2 x EncoderLayer(
        (attention): AttentionLayer(
          (inner_attention): FullAttention(
            (dropout): Dropout(p=0.5, inplace=False)
          )
          (query_projection): Linear(in_features=64, out_features=64, bias=True)
          (key_projection): Linear(in_features=64, out_features=64, bias=True)
          (value_projection): Linear(in_features=64, out_features=64, bias=True)
          (out_projection): Linear(in_features=64, out_features=64, bias=True)
        )
        (conv1): Conv1d(64, 3072, kernel_size=(1,), stride=(1,))
        (conv2): Conv1d(3072, 64, kernel_size=(1,), stride=(1,))
        (norm1): LayerNorm((64,), eps=1e-05, elementwise_affine=True)
        (norm2): LayerNorm((64,), eps=1e-05, elementwise_affine=True)
        (dropout): Dropout(p=0.5, inplace=False)
      )
    )
    (norm): LayerNorm((64,), eps=1e-05, elementwise_affine=True)
  )
  (ts_proj): Linear(in_features=64, out_features=24, bias=True)
  (prompt_proj): Linear(in_features=64, out_features=24, bias=True)
)
Start training...
Epoch: 001, Training Time: 33.3709 secs
Epoch: 001, Validation Time: 4.3875 secs
-----------------------
Epoch: 001, Train Loss: 0.2019, Train MSE: 0.1659, Train MAE: 0.2492
Epoch: 001, Valid Loss: 0.3036, Valid MSE: 0.0903, Valid MAE: 0.2060
###Update tasks appear###
Updating! Valid Loss:0.3036, epoch:  1
Epoch: 002, Training Time: 32.8882 secs
Epoch: 002, Validation Time: 4.3714 secs
-----------------------
Epoch: 002, Train Loss: 0.1424, Train MSE: 0.1386, Train MAE: 0.2262
Epoch: 002, Valid Loss: 0.2587, Valid MSE: 0.0886, Valid MAE: 0.2029
###Update tasks appear###
Updating! Valid Loss:0.2587, epoch:  2
Epoch: 003, Training Time: 33.3704 secs
Epoch: 003, Validation Time: 4.3635 secs
-----------------------
Epoch: 003, Train Loss: 0.1216, Train MSE: 0.1289, Train MAE: 0.2186
Epoch: 003, Valid Loss: 0.2979, Valid MSE: 0.0881, Valid MAE: 0.2019
No update
Epoch: 004, Training Time: 33.0189 secs
Epoch: 004, Validation Time: 4.2368 secs
-----------------------
Epoch: 004, Train Loss: 0.1110, Train MSE: 0.1270, Train MAE: 0.2166
Epoch: 004, Valid Loss: 0.3262, Valid MSE: 0.0871, Valid MAE: 0.2008
No update
Epoch: 005, Training Time: 33.3139 secs
Epoch: 005, Validation Time: 4.3525 secs
-----------------------
Epoch: 005, Train Loss: 0.1032, Train MSE: 0.1232, Train MAE: 0.2130
Epoch: 005, Valid Loss: 0.3657, Valid MSE: 0.0876, Valid MAE: 0.2010
No update
Epoch: 006, Training Time: 32.8640 secs
Epoch: 006, Validation Time: 4.3701 secs
-----------------------
Epoch: 006, Train Loss: 0.0985, Train MSE: 0.1225, Train MAE: 0.2120
Epoch: 006, Valid Loss: 0.3369, Valid MSE: 0.0866, Valid MAE: 0.1998
No update
Epoch: 007, Training Time: 33.1383 secs
Epoch: 007, Validation Time: 4.2431 secs
-----------------------
Epoch: 007, Train Loss: 0.0933, Train MSE: 0.1187, Train MAE: 0.2089
Epoch: 007, Valid Loss: 0.3459, Valid MSE: 0.0867, Valid MAE: 0.1992
No update
Epoch: 008, Training Time: 33.2907 secs
Epoch: 008, Validation Time: 4.2596 secs
-----------------------
Epoch: 008, Train Loss: 0.0905, Train MSE: 0.1186, Train MAE: 0.2088
Epoch: 008, Valid Loss: 0.3174, Valid MSE: 0.0865, Valid MAE: 0.1992
No update
Epoch: 009, Training Time: 33.0464 secs
Epoch: 009, Validation Time: 4.2506 secs
-----------------------
Epoch: 009, Train Loss: 0.0873, Train MSE: 0.1161, Train MAE: 0.2064
Epoch: 009, Valid Loss: 0.4193, Valid MSE: 0.0862, Valid MAE: 0.1982
No update
Epoch: 010, Training Time: 33.2218 secs
Epoch: 010, Validation Time: 4.3106 secs
-----------------------
Epoch: 010, Train Loss: 0.0846, Train MSE: 0.1150, Train MAE: 0.2054
Epoch: 010, Valid Loss: 0.4089, Valid MSE: 0.0859, Valid MAE: 0.1978
No update
Epoch: 011, Training Time: 33.1923 secs
Epoch: 011, Validation Time: 4.3298 secs
-----------------------
Epoch: 011, Train Loss: 0.0818, Train MSE: 0.1128, Train MAE: 0.2034
Epoch: 011, Valid Loss: 0.3554, Valid MSE: 0.0867, Valid MAE: 0.1983
No update
Epoch: 012, Training Time: 33.6149 secs
Epoch: 012, Validation Time: 4.3349 secs
-----------------------
Epoch: 012, Train Loss: 0.0801, Train MSE: 0.1121, Train MAE: 0.2025
Epoch: 012, Valid Loss: 0.3685, Valid MSE: 0.0858, Valid MAE: 0.1970
No update
Epoch: 013, Training Time: 33.3556 secs
Epoch: 013, Validation Time: 4.3134 secs
-----------------------
Epoch: 013, Train Loss: 0.0783, Train MSE: 0.1103, Train MAE: 0.2009
Epoch: 013, Valid Loss: 0.4330, Valid MSE: 0.0854, Valid MAE: 0.1964
No update
Epoch: 014, Training Time: 33.2908 secs
Epoch: 014, Validation Time: 4.3572 secs
-----------------------
Epoch: 014, Train Loss: 0.0771, Train MSE: 0.1107, Train MAE: 0.2009
Epoch: 014, Valid Loss: 0.3777, Valid MSE: 0.0848, Valid MAE: 0.1961
No update
Epoch: 015, Training Time: 33.3294 secs
Epoch: 015, Validation Time: 4.3085 secs
-----------------------
Epoch: 015, Train Loss: 0.0749, Train MSE: 0.1084, Train MAE: 0.1988
Epoch: 015, Valid Loss: 0.3577, Valid MSE: 0.0848, Valid MAE: 0.1957
No update
Epoch: 016, Training Time: 33.0332 secs
Epoch: 016, Validation Time: 4.3835 secs
-----------------------
Epoch: 016, Train Loss: 0.0733, Train MSE: 0.1071, Train MAE: 0.1974
Epoch: 016, Valid Loss: 0.3788, Valid MSE: 0.0843, Valid MAE: 0.1948
No update
Epoch: 017, Training Time: 33.0787 secs
Epoch: 017, Validation Time: 4.3090 secs
-----------------------
Epoch: 017, Train Loss: 0.0721, Train MSE: 0.1063, Train MAE: 0.1966
Epoch: 017, Valid Loss: 0.4301, Valid MSE: 0.0840, Valid MAE: 0.1942
No update
Epoch: 018, Training Time: 33.3781 secs
Epoch: 018, Validation Time: 4.2080 secs
-----------------------
Epoch: 018, Train Loss: 0.0709, Train MSE: 0.1052, Train MAE: 0.1953
Epoch: 018, Valid Loss: 0.3748, Valid MSE: 0.0834, Valid MAE: 0.1934
No update
Epoch: 019, Training Time: 33.0803 secs
Epoch: 019, Validation Time: 4.2967 secs
-----------------------
Epoch: 019, Train Loss: 0.0701, Train MSE: 0.1048, Train MAE: 0.1946
Epoch: 019, Valid Loss: 0.4028, Valid MSE: 0.0829, Valid MAE: 0.1928
No update
Epoch: 020, Training Time: 33.1854 secs
Epoch: 020, Validation Time: 4.2331 secs
-----------------------
Epoch: 020, Train Loss: 0.0687, Train MSE: 0.1030, Train MAE: 0.1931
Epoch: 020, Valid Loss: 0.4079, Valid MSE: 0.0825, Valid MAE: 0.1923
No update
Epoch: 021, Training Time: 33.2907 secs
Epoch: 021, Validation Time: 4.2481 secs
-----------------------
Epoch: 021, Train Loss: 0.0678, Train MSE: 0.1027, Train MAE: 0.1925
Epoch: 021, Valid Loss: 0.3650, Valid MSE: 0.0821, Valid MAE: 0.1912
No update
Epoch: 022, Training Time: 33.0677 secs
Epoch: 022, Validation Time: 4.2915 secs
-----------------------
Epoch: 022, Train Loss: 0.0671, Train MSE: 0.1024, Train MAE: 0.1916
Epoch: 022, Valid Loss: 0.3992, Valid MSE: 0.0820, Valid MAE: 0.1910
No update
Epoch: 023, Training Time: 33.1759 secs
Epoch: 023, Validation Time: 4.4202 secs
-----------------------
Epoch: 023, Train Loss: 0.0660, Train MSE: 0.1014, Train MAE: 0.1907
Epoch: 023, Valid Loss: 0.5806, Valid MSE: 0.0820, Valid MAE: 0.1908
No update
Epoch: 024, Training Time: 33.3299 secs
Epoch: 024, Validation Time: 4.2852 secs
-----------------------
Epoch: 024, Train Loss: 0.0657, Train MSE: 0.1010, Train MAE: 0.1899
Epoch: 024, Valid Loss: 0.4933, Valid MSE: 0.0815, Valid MAE: 0.1904
No update
Epoch: 025, Training Time: 33.3651 secs
Epoch: 025, Validation Time: 4.2863 secs
-----------------------
Epoch: 025, Train Loss: 0.0649, Train MSE: 0.1002, Train MAE: 0.1891
Epoch: 025, Valid Loss: 0.4463, Valid MSE: 0.0815, Valid MAE: 0.1901
No update
Epoch: 026, Training Time: 32.9963 secs
Epoch: 026, Validation Time: 4.2223 secs
-----------------------
Epoch: 026, Train Loss: 0.0645, Train MSE: 0.0995, Train MAE: 0.1884
Epoch: 026, Valid Loss: 0.4064, Valid MSE: 0.0816, Valid MAE: 0.1899
No update
Epoch: 027, Training Time: 33.4506 secs
Epoch: 027, Validation Time: 4.2607 secs
-----------------------
Epoch: 027, Train Loss: 0.0642, Train MSE: 0.0992, Train MAE: 0.1879
Epoch: 027, Valid Loss: 0.6227, Valid MSE: 0.0817, Valid MAE: 0.1897
No update
Epoch: 028, Training Time: 33.2652 secs
Epoch: 028, Validation Time: 4.4008 secs
-----------------------
Epoch: 028, Train Loss: 0.0633, Train MSE: 0.0983, Train MAE: 0.1871
Epoch: 028, Valid Loss: 0.3937, Valid MSE: 0.0816, Valid MAE: 0.1897
No update
Epoch: 029, Training Time: 33.5016 secs
Epoch: 029, Validation Time: 4.3606 secs
-----------------------
Epoch: 029, Train Loss: 0.0624, Train MSE: 0.0981, Train MAE: 0.1867
Epoch: 029, Valid Loss: 0.4088, Valid MSE: 0.0812, Valid MAE: 0.1889
No update
Epoch: 030, Training Time: 33.4901 secs
Epoch: 030, Validation Time: 4.3005 secs
-----------------------
Epoch: 030, Train Loss: 0.0621, Train MSE: 0.0972, Train MAE: 0.1857
Epoch: 030, Valid Loss: 0.7148, Valid MSE: 0.0810, Valid MAE: 0.1886
No update
Epoch: 031, Training Time: 33.6518 secs
Epoch: 031, Validation Time: 4.2274 secs
-----------------------
Epoch: 031, Train Loss: 0.0613, Train MSE: 0.0961, Train MAE: 0.1850
Epoch: 031, Valid Loss: 0.4336, Valid MSE: 0.0810, Valid MAE: 0.1885
No update
Epoch: 032, Training Time: 33.1566 secs
Epoch: 032, Validation Time: 4.2946 secs
-----------------------
Epoch: 032, Train Loss: 0.0609, Train MSE: 0.0954, Train MAE: 0.1844
Epoch: 032, Valid Loss: 0.4369, Valid MSE: 0.0805, Valid MAE: 0.1880
No update
Epoch: 033, Training Time: 33.3552 secs
Epoch: 033, Validation Time: 4.2296 secs
-----------------------
Epoch: 033, Train Loss: 0.0602, Train MSE: 0.0957, Train MAE: 0.1844
Epoch: 033, Valid Loss: 0.3832, Valid MSE: 0.0807, Valid MAE: 0.1882
No update
Epoch: 034, Training Time: 33.0588 secs
Epoch: 034, Validation Time: 4.3008 secs
-----------------------
Epoch: 034, Train Loss: 0.0603, Train MSE: 0.0943, Train MAE: 0.1832
Epoch: 034, Valid Loss: 0.4749, Valid MSE: 0.0805, Valid MAE: 0.1878
No update
Epoch: 035, Training Time: 33.3744 secs
Epoch: 035, Validation Time: 4.2390 secs
-----------------------
Epoch: 035, Train Loss: 0.0595, Train MSE: 0.0943, Train MAE: 0.1831
Epoch: 035, Valid Loss: 0.4323, Valid MSE: 0.0807, Valid MAE: 0.1879
No update
Epoch: 036, Training Time: 33.4324 secs
Epoch: 036, Validation Time: 4.2886 secs
-----------------------
Epoch: 036, Train Loss: 0.0590, Train MSE: 0.0935, Train MAE: 0.1824
Epoch: 036, Valid Loss: 0.5157, Valid MSE: 0.0811, Valid MAE: 0.1880
No update
Epoch: 037, Training Time: 32.8427 secs
Epoch: 037, Validation Time: 4.2577 secs
-----------------------
Epoch: 037, Train Loss: 0.0588, Train MSE: 0.0924, Train MAE: 0.1817
Epoch: 037, Valid Loss: 0.4442, Valid MSE: 0.0803, Valid MAE: 0.1876
No update
Epoch: 038, Training Time: 33.0051 secs
Epoch: 038, Validation Time: 4.2463 secs
-----------------------
Epoch: 038, Train Loss: 0.0582, Train MSE: 0.0922, Train MAE: 0.1815
Epoch: 038, Valid Loss: 0.3478, Valid MSE: 0.0805, Valid MAE: 0.1876
No update
Epoch: 039, Training Time: 33.3931 secs
Epoch: 039, Validation Time: 4.2648 secs
-----------------------
Epoch: 039, Train Loss: 0.0575, Train MSE: 0.0921, Train MAE: 0.1811
Epoch: 039, Valid Loss: 0.4057, Valid MSE: 0.0800, Valid MAE: 0.1872
No update
Epoch: 040, Training Time: 33.5049 secs
Epoch: 040, Validation Time: 4.2090 secs
-----------------------
Epoch: 040, Train Loss: 0.0575, Train MSE: 0.0917, Train MAE: 0.1808
Epoch: 040, Valid Loss: 0.4720, Valid MSE: 0.0800, Valid MAE: 0.1872
No update
Epoch: 041, Training Time: 33.0455 secs
Epoch: 041, Validation Time: 4.3038 secs
-----------------------
Epoch: 041, Train Loss: 0.0568, Train MSE: 0.0911, Train MAE: 0.1802
Epoch: 041, Valid Loss: 0.4526, Valid MSE: 0.0802, Valid MAE: 0.1872
No update
Epoch: 042, Training Time: 33.2146 secs
Epoch: 042, Validation Time: 4.2321 secs
-----------------------
Epoch: 042, Train Loss: 0.0566, Train MSE: 0.0903, Train MAE: 0.1797
Epoch: 042, Valid Loss: 0.3840, Valid MSE: 0.0798, Valid MAE: 0.1870
No update
Epoch: 043, Training Time: 33.4714 secs
Epoch: 043, Validation Time: 4.3210 secs
-----------------------
Epoch: 043, Train Loss: 0.0560, Train MSE: 0.0900, Train MAE: 0.1793
Epoch: 043, Valid Loss: 0.3946, Valid MSE: 0.0801, Valid MAE: 0.1871
No update
Epoch: 044, Training Time: 33.1953 secs
Epoch: 044, Validation Time: 4.3276 secs
-----------------------
Epoch: 044, Train Loss: 0.0561, Train MSE: 0.0895, Train MAE: 0.1789
Epoch: 044, Valid Loss: 0.4770, Valid MSE: 0.0798, Valid MAE: 0.1869
No update
Epoch: 045, Training Time: 33.5114 secs
Epoch: 045, Validation Time: 4.2659 secs
-----------------------
Epoch: 045, Train Loss: 0.0560, Train MSE: 0.0893, Train MAE: 0.1789
Epoch: 045, Valid Loss: 0.4222, Valid MSE: 0.0803, Valid MAE: 0.1870
No update
Epoch: 046, Training Time: 33.1135 secs
Epoch: 046, Validation Time: 4.2731 secs
-----------------------
Epoch: 046, Train Loss: 0.0553, Train MSE: 0.0888, Train MAE: 0.1782
Epoch: 046, Valid Loss: 0.3503, Valid MSE: 0.0802, Valid MAE: 0.1868
No update
Epoch: 047, Training Time: 33.3104 secs
Epoch: 047, Validation Time: 4.2535 secs
-----------------------
Epoch: 047, Train Loss: 0.0548, Train MSE: 0.0883, Train MAE: 0.1778
Epoch: 047, Valid Loss: 0.3810, Valid MSE: 0.0799, Valid MAE: 0.1866
No update
Epoch: 048, Training Time: 33.2248 secs
Epoch: 048, Validation Time: 4.2910 secs
-----------------------
Epoch: 048, Train Loss: 0.0548, Train MSE: 0.0879, Train MAE: 0.1775
Epoch: 048, Valid Loss: 0.4370, Valid MSE: 0.0802, Valid MAE: 0.1870
No update
Epoch: 049, Training Time: 33.1730 secs
Epoch: 049, Validation Time: 4.2507 secs
-----------------------
Epoch: 049, Train Loss: 0.0555, Train MSE: 0.0878, Train MAE: 0.1775
Epoch: 049, Valid Loss: 0.4343, Valid MSE: 0.0802, Valid MAE: 0.1868
No update
Epoch: 050, Training Time: 33.1369 secs
Epoch: 050, Validation Time: 4.3070 secs
-----------------------
Epoch: 050, Train Loss: 0.0542, Train MSE: 0.0873, Train MAE: 0.1770
Epoch: 050, Valid Loss: 0.3721, Valid MSE: 0.0799, Valid MAE: 0.1866
No update
Epoch: 051, Training Time: 33.4320 secs
Epoch: 051, Validation Time: 4.2526 secs
-----------------------
Epoch: 051, Train Loss: 0.0545, Train MSE: 0.0868, Train MAE: 0.1766
Epoch: 051, Valid Loss: 0.4092, Valid MSE: 0.0796, Valid MAE: 0.1863
No update
Epoch: 052, Training Time: 33.3853 secs
Epoch: 052, Validation Time: 4.2937 secs
-----------------------
Epoch: 052, Train Loss: 0.0536, Train MSE: 0.0863, Train MAE: 0.1762
Epoch: 052, Valid Loss: 0.3645, Valid MSE: 0.0801, Valid MAE: 0.1867
No update
Average Training Time: 33.2497 secs/epoch
Average Validation Time: 4.2928 secs
Training ends
The epoch of the best result： 2
The valid loss of the best model 0.2587
Test time (total): 27.4524 seconds
On average horizons, Test MSE: 0.1105, Test MAE: 0.2091
Average Testing Time: nan secs
Total time spent: 1981.0534
