Namespace(att_w=0.01, batch_size=16, channel=64, d_llm=768, data_path='exchange_rate', device='cuda:1', dropout_n=0.5, e_layer=2, epochs=100, es_patience=50, fcst_w=1, feature_w=0.01, head=4, lrate=0.0001, model_name='gpt2', num_nodes=8, num_workers=10, pred_len=96, recon_w=0.5, save='./logs/2025-10-11-16:38:12-', seed=6666, seq_len=96, weight_decay=0.001)
The number of trainable parameters: 1721152
The number of parameters: 1721152
Dual(
  (normalize_layers): Normalize()
  (length_to_feature): Linear(in_features=96, out_features=64, bias=True)
  (token_to_feature): Linear(in_features=768, out_features=64, bias=True)
  (ts_encoder): Encoder(
    (attn_layers): ModuleList(
      (0-1): 2 x EncoderLayer(
        (attention): AttentionLayer(
          (inner_attention): FullAttention(
            (dropout): Dropout(p=0.5, inplace=False)
          )
          (query_projection): Linear(in_features=64, out_features=64, bias=True)
          (key_projection): Linear(in_features=64, out_features=64, bias=True)
          (value_projection): Linear(in_features=64, out_features=64, bias=True)
          (out_projection): Linear(in_features=64, out_features=64, bias=True)
        )
        (conv1): Conv1d(64, 3072, kernel_size=(1,), stride=(1,))
        (conv2): Conv1d(3072, 64, kernel_size=(1,), stride=(1,))
        (norm1): LayerNorm((64,), eps=1e-05, elementwise_affine=True)
        (norm2): LayerNorm((64,), eps=1e-05, elementwise_affine=True)
        (dropout): Dropout(p=0.5, inplace=False)
      )
    )
    (norm): LayerNorm((64,), eps=1e-05, elementwise_affine=True)
  )
  (prompt_encoder): Encoder(
    (attn_layers): ModuleList(
      (0-1): 2 x EncoderLayer(
        (attention): AttentionLayer(
          (inner_attention): FullAttention(
            (dropout): Dropout(p=0.5, inplace=False)
          )
          (query_projection): Linear(in_features=64, out_features=64, bias=True)
          (key_projection): Linear(in_features=64, out_features=64, bias=True)
          (value_projection): Linear(in_features=64, out_features=64, bias=True)
          (out_projection): Linear(in_features=64, out_features=64, bias=True)
        )
        (conv1): Conv1d(64, 3072, kernel_size=(1,), stride=(1,))
        (conv2): Conv1d(3072, 64, kernel_size=(1,), stride=(1,))
        (norm1): LayerNorm((64,), eps=1e-05, elementwise_affine=True)
        (norm2): LayerNorm((64,), eps=1e-05, elementwise_affine=True)
        (dropout): Dropout(p=0.5, inplace=False)
      )
    )
    (norm): LayerNorm((64,), eps=1e-05, elementwise_affine=True)
  )
  (ts_proj): Linear(in_features=64, out_features=96, bias=True)
  (prompt_proj): Linear(in_features=64, out_features=96, bias=True)
)
Start training...
Epoch: 001, Training Time: 6.4705 secs
Epoch: 001, Validation Time: 0.5526 secs
-----------------------
Epoch: 001, Train Loss: 0.2999, Train MSE: 0.2072, Train MAE: 0.2986
Epoch: 001, Valid Loss: 0.5949, Valid MSE: 0.1621, Valid MAE: 0.2921
###Update tasks appear###
Updating! Valid Loss:0.5949, epoch:  1
Epoch: 002, Training Time: 6.0054 secs
Epoch: 002, Validation Time: 0.5355 secs
-----------------------
Epoch: 002, Train Loss: 0.3095, Train MSE: 0.1798, Train MAE: 0.2757
Epoch: 002, Valid Loss: 0.5979, Valid MSE: 0.1457, Valid MAE: 0.2693
No update
Epoch: 003, Training Time: 6.0392 secs
Epoch: 003, Validation Time: 0.5660 secs
-----------------------
Epoch: 003, Train Loss: 0.3096, Train MSE: 0.1632, Train MAE: 0.2612
Epoch: 003, Valid Loss: 0.6234, Valid MSE: 0.1419, Valid MAE: 0.2614
No update
Epoch: 004, Training Time: 6.5424 secs
Epoch: 004, Validation Time: 0.5548 secs
-----------------------
Epoch: 004, Train Loss: 0.2966, Train MSE: 0.1541, Train MAE: 0.2532
Epoch: 004, Valid Loss: 0.6232, Valid MSE: 0.1433, Valid MAE: 0.2605
No update
Epoch: 005, Training Time: 6.1129 secs
Epoch: 005, Validation Time: 0.5628 secs
-----------------------
Epoch: 005, Train Loss: 0.2966, Train MSE: 0.1481, Train MAE: 0.2478
Epoch: 005, Valid Loss: 0.6263, Valid MSE: 0.1461, Valid MAE: 0.2615
No update
Epoch: 006, Training Time: 6.1558 secs
Epoch: 006, Validation Time: 0.5347 secs
-----------------------
Epoch: 006, Train Loss: 0.3013, Train MSE: 0.1436, Train MAE: 0.2440
Epoch: 006, Valid Loss: 0.6987, Valid MSE: 0.1451, Valid MAE: 0.2591
No update
Epoch: 007, Training Time: 6.3451 secs
Epoch: 007, Validation Time: 0.5963 secs
-----------------------
Epoch: 007, Train Loss: 0.3040, Train MSE: 0.1407, Train MAE: 0.2417
Epoch: 007, Valid Loss: 0.7944, Valid MSE: 0.1489, Valid MAE: 0.2622
No update
Epoch: 008, Training Time: 6.2543 secs
Epoch: 008, Validation Time: 0.5626 secs
-----------------------
Epoch: 008, Train Loss: 0.3000, Train MSE: 0.1388, Train MAE: 0.2401
Epoch: 008, Valid Loss: 0.8343, Valid MSE: 0.1519, Valid MAE: 0.2643
No update
Epoch: 009, Training Time: 6.0241 secs
Epoch: 009, Validation Time: 0.5439 secs
-----------------------
Epoch: 009, Train Loss: 0.2916, Train MSE: 0.1372, Train MAE: 0.2388
Epoch: 009, Valid Loss: 0.7708, Valid MSE: 0.1586, Valid MAE: 0.2704
No update
Epoch: 010, Training Time: 6.0189 secs
Epoch: 010, Validation Time: 0.5912 secs
-----------------------
Epoch: 010, Train Loss: 0.2938, Train MSE: 0.1358, Train MAE: 0.2379
Epoch: 010, Valid Loss: 0.8101, Valid MSE: 0.1576, Valid MAE: 0.2692
No update
Epoch: 011, Training Time: 6.4612 secs
Epoch: 011, Validation Time: 0.5398 secs
-----------------------
Epoch: 011, Train Loss: 0.2930, Train MSE: 0.1349, Train MAE: 0.2368
Epoch: 011, Valid Loss: 0.8393, Valid MSE: 0.1601, Valid MAE: 0.2713
No update
Epoch: 012, Training Time: 6.0399 secs
Epoch: 012, Validation Time: 0.5712 secs
-----------------------
Epoch: 012, Train Loss: 0.2905, Train MSE: 0.1341, Train MAE: 0.2361
Epoch: 012, Valid Loss: 0.8513, Valid MSE: 0.1635, Valid MAE: 0.2741
No update
Epoch: 013, Training Time: 6.0936 secs
Epoch: 013, Validation Time: 0.5559 secs
-----------------------
Epoch: 013, Train Loss: 0.2886, Train MSE: 0.1338, Train MAE: 0.2356
Epoch: 013, Valid Loss: 0.8433, Valid MSE: 0.1674, Valid MAE: 0.2776
No update
Epoch: 014, Training Time: 6.3117 secs
Epoch: 014, Validation Time: 0.6153 secs
-----------------------
Epoch: 014, Train Loss: 0.2853, Train MSE: 0.1322, Train MAE: 0.2343
Epoch: 014, Valid Loss: 0.7877, Valid MSE: 0.1691, Valid MAE: 0.2788
No update
Epoch: 015, Training Time: 6.1576 secs
Epoch: 015, Validation Time: 0.5587 secs
-----------------------
Epoch: 015, Train Loss: 0.2797, Train MSE: 0.1314, Train MAE: 0.2337
Epoch: 015, Valid Loss: 0.7475, Valid MSE: 0.1664, Valid MAE: 0.2768
No update
Epoch: 016, Training Time: 6.1109 secs
Epoch: 016, Validation Time: 0.5740 secs
-----------------------
Epoch: 016, Train Loss: 0.2907, Train MSE: 0.1309, Train MAE: 0.2330
Epoch: 016, Valid Loss: 0.8790, Valid MSE: 0.1681, Valid MAE: 0.2778
No update
Epoch: 017, Training Time: 6.1157 secs
Epoch: 017, Validation Time: 0.5664 secs
-----------------------
Epoch: 017, Train Loss: 0.2862, Train MSE: 0.1304, Train MAE: 0.2325
Epoch: 017, Valid Loss: 0.8953, Valid MSE: 0.1671, Valid MAE: 0.2772
No update
Epoch: 018, Training Time: 6.5888 secs
Epoch: 018, Validation Time: 0.5572 secs
-----------------------
Epoch: 018, Train Loss: 0.2842, Train MSE: 0.1298, Train MAE: 0.2317
Epoch: 018, Valid Loss: 0.8886, Valid MSE: 0.1701, Valid MAE: 0.2796
No update
Epoch: 019, Training Time: 6.0369 secs
Epoch: 019, Validation Time: 0.5408 secs
-----------------------
Epoch: 019, Train Loss: 0.2831, Train MSE: 0.1293, Train MAE: 0.2316
Epoch: 019, Valid Loss: 0.8789, Valid MSE: 0.1668, Valid MAE: 0.2770
No update
Epoch: 020, Training Time: 6.0580 secs
Epoch: 020, Validation Time: 0.5561 secs
-----------------------
Epoch: 020, Train Loss: 0.2787, Train MSE: 0.1289, Train MAE: 0.2311
Epoch: 020, Valid Loss: 0.8183, Valid MSE: 0.1729, Valid MAE: 0.2824
No update
Epoch: 021, Training Time: 6.2581 secs
Epoch: 021, Validation Time: 0.6180 secs
-----------------------
Epoch: 021, Train Loss: 0.2705, Train MSE: 0.1277, Train MAE: 0.2304
Epoch: 021, Valid Loss: 0.7245, Valid MSE: 0.1664, Valid MAE: 0.2773
No update
Epoch: 022, Training Time: 6.5008 secs
Epoch: 022, Validation Time: 0.5489 secs
-----------------------
Epoch: 022, Train Loss: 0.2885, Train MSE: 0.1278, Train MAE: 0.2300
Epoch: 022, Valid Loss: 0.8741, Valid MSE: 0.1629, Valid MAE: 0.2743
No update
Epoch: 023, Training Time: 6.0380 secs
Epoch: 023, Validation Time: 0.5581 secs
-----------------------
Epoch: 023, Train Loss: 0.2837, Train MSE: 0.1266, Train MAE: 0.2290
Epoch: 023, Valid Loss: 0.9250, Valid MSE: 0.1675, Valid MAE: 0.2777
No update
Epoch: 024, Training Time: 6.0278 secs
Epoch: 024, Validation Time: 0.5742 secs
-----------------------
Epoch: 024, Train Loss: 0.2805, Train MSE: 0.1274, Train MAE: 0.2299
Epoch: 024, Valid Loss: 0.9110, Valid MSE: 0.1721, Valid MAE: 0.2820
No update
Epoch: 025, Training Time: 6.5778 secs
Epoch: 025, Validation Time: 0.6048 secs
-----------------------
Epoch: 025, Train Loss: 0.2784, Train MSE: 0.1263, Train MAE: 0.2289
Epoch: 025, Valid Loss: 0.8774, Valid MSE: 0.1687, Valid MAE: 0.2789
No update
Epoch: 026, Training Time: 6.1180 secs
Epoch: 026, Validation Time: 0.5624 secs
-----------------------
Epoch: 026, Train Loss: 0.2792, Train MSE: 0.1259, Train MAE: 0.2284
Epoch: 026, Valid Loss: 0.8840, Valid MSE: 0.1668, Valid MAE: 0.2771
No update
Epoch: 027, Training Time: 6.0560 secs
Epoch: 027, Validation Time: 0.5281 secs
-----------------------
Epoch: 027, Train Loss: 0.2781, Train MSE: 0.1249, Train MAE: 0.2276
Epoch: 027, Valid Loss: 0.8809, Valid MSE: 0.1665, Valid MAE: 0.2770
No update
Epoch: 028, Training Time: 6.1058 secs
Epoch: 028, Validation Time: 0.5765 secs
-----------------------
Epoch: 028, Train Loss: 0.2784, Train MSE: 0.1252, Train MAE: 0.2278
Epoch: 028, Valid Loss: 0.8983, Valid MSE: 0.1710, Valid MAE: 0.2804
No update
Epoch: 029, Training Time: 6.5512 secs
Epoch: 029, Validation Time: 0.5252 secs
-----------------------
Epoch: 029, Train Loss: 0.2761, Train MSE: 0.1241, Train MAE: 0.2269
Epoch: 029, Valid Loss: 0.8729, Valid MSE: 0.1627, Valid MAE: 0.2738
No update
Epoch: 030, Training Time: 6.1039 secs
Epoch: 030, Validation Time: 0.5480 secs
-----------------------
Epoch: 030, Train Loss: 0.2740, Train MSE: 0.1242, Train MAE: 0.2269
Epoch: 030, Valid Loss: 0.8490, Valid MSE: 0.1688, Valid MAE: 0.2780
No update
Epoch: 031, Training Time: 6.0383 secs
Epoch: 031, Validation Time: 0.5641 secs
-----------------------
Epoch: 031, Train Loss: 0.2718, Train MSE: 0.1231, Train MAE: 0.2262
Epoch: 031, Valid Loss: 0.8222, Valid MSE: 0.1705, Valid MAE: 0.2794
No update
Epoch: 032, Training Time: 6.3388 secs
Epoch: 032, Validation Time: 0.6370 secs
-----------------------
Epoch: 032, Train Loss: 0.2558, Train MSE: 0.1233, Train MAE: 0.2262
Epoch: 032, Valid Loss: 0.6616, Valid MSE: 0.1638, Valid MAE: 0.2745
No update
Epoch: 033, Training Time: 6.3719 secs
Epoch: 033, Validation Time: 0.5682 secs
-----------------------
Epoch: 033, Train Loss: 0.2663, Train MSE: 0.1221, Train MAE: 0.2250
Epoch: 033, Valid Loss: 0.6765, Valid MSE: 0.1643, Valid MAE: 0.2746
No update
Epoch: 034, Training Time: 6.0472 secs
Epoch: 034, Validation Time: 0.5452 secs
-----------------------
Epoch: 034, Train Loss: 0.2870, Train MSE: 0.1220, Train MAE: 0.2251
Epoch: 034, Valid Loss: 0.8818, Valid MSE: 0.1621, Valid MAE: 0.2724
No update
Epoch: 035, Training Time: 6.0644 secs
Epoch: 035, Validation Time: 0.5731 secs
-----------------------
Epoch: 035, Train Loss: 0.2722, Train MSE: 0.1215, Train MAE: 0.2245
Epoch: 035, Valid Loss: 0.8846, Valid MSE: 0.1677, Valid MAE: 0.2770
No update
Epoch: 036, Training Time: 6.6522 secs
Epoch: 036, Validation Time: 0.5953 secs
-----------------------
Epoch: 036, Train Loss: 0.2562, Train MSE: 0.1217, Train MAE: 0.2247
Epoch: 036, Valid Loss: 0.6846, Valid MSE: 0.1713, Valid MAE: 0.2794
No update
Epoch: 037, Training Time: 6.0331 secs
Epoch: 037, Validation Time: 0.5477 secs
-----------------------
Epoch: 037, Train Loss: 0.2659, Train MSE: 0.1211, Train MAE: 0.2240
Epoch: 037, Valid Loss: 0.7259, Valid MSE: 0.1644, Valid MAE: 0.2739
No update
Epoch: 038, Training Time: 6.0884 secs
Epoch: 038, Validation Time: 0.5515 secs
-----------------------
Epoch: 038, Train Loss: 0.2632, Train MSE: 0.1208, Train MAE: 0.2240
Epoch: 038, Valid Loss: 0.7199, Valid MSE: 0.1624, Valid MAE: 0.2729
No update
Epoch: 039, Training Time: 6.0775 secs
Epoch: 039, Validation Time: 0.5560 secs
-----------------------
Epoch: 039, Train Loss: 0.2453, Train MSE: 0.1210, Train MAE: 0.2239
Epoch: 039, Valid Loss: 0.6657, Valid MSE: 0.1666, Valid MAE: 0.2758
No update
Epoch: 040, Training Time: 6.5653 secs
Epoch: 040, Validation Time: 0.5287 secs
-----------------------
Epoch: 040, Train Loss: 0.2459, Train MSE: 0.1198, Train MAE: 0.2230
Epoch: 040, Valid Loss: 0.6165, Valid MSE: 0.1577, Valid MAE: 0.2682
No update
Epoch: 041, Training Time: 5.9835 secs
Epoch: 041, Validation Time: 0.5475 secs
-----------------------
Epoch: 041, Train Loss: 0.2424, Train MSE: 0.1195, Train MAE: 0.2224
Epoch: 041, Valid Loss: 0.6502, Valid MSE: 0.1677, Valid MAE: 0.2762
No update
Epoch: 042, Training Time: 6.0213 secs
Epoch: 042, Validation Time: 0.5601 secs
-----------------------
Epoch: 042, Train Loss: 0.2399, Train MSE: 0.1193, Train MAE: 0.2226
Epoch: 042, Valid Loss: 0.6182, Valid MSE: 0.1667, Valid MAE: 0.2758
No update
Epoch: 043, Training Time: 6.3407 secs
Epoch: 043, Validation Time: 0.6125 secs
-----------------------
Epoch: 043, Train Loss: 0.2379, Train MSE: 0.1184, Train MAE: 0.2218
Epoch: 043, Valid Loss: 0.5969, Valid MSE: 0.1648, Valid MAE: 0.2737
No update
Epoch: 044, Training Time: 6.1555 secs
Epoch: 044, Validation Time: 0.5681 secs
-----------------------
Epoch: 044, Train Loss: 0.2343, Train MSE: 0.1180, Train MAE: 0.2214
Epoch: 044, Valid Loss: 0.5934, Valid MSE: 0.1607, Valid MAE: 0.2707
###Update tasks appear###
Test low! Updating! Test MSE: 0.0926, Test MAE: 0.2134, Test low! Updating! Valid Loss: 0.5934, epoch:  44
Epoch: 045, Training Time: 6.1594 secs
Epoch: 045, Validation Time: 0.5679 secs
-----------------------
Epoch: 045, Train Loss: 0.2348, Train MSE: 0.1181, Train MAE: 0.2215
Epoch: 045, Valid Loss: 0.5727, Valid MSE: 0.1624, Valid MAE: 0.2722
###Update tasks appear###
Test low! Updating! Test MSE: 0.0924, Test MAE: 0.2127, Test low! Updating! Valid Loss: 0.5727, epoch:  45
Epoch: 046, Training Time: 6.4662 secs
Epoch: 046, Validation Time: 0.5716 secs
-----------------------
Epoch: 046, Train Loss: 0.2330, Train MSE: 0.1183, Train MAE: 0.2216
Epoch: 046, Valid Loss: 0.5909, Valid MSE: 0.1656, Valid MAE: 0.2748
No update
Epoch: 047, Training Time: 6.2044 secs
Epoch: 047, Validation Time: 0.5624 secs
-----------------------
Epoch: 047, Train Loss: 0.2319, Train MSE: 0.1173, Train MAE: 0.2208
Epoch: 047, Valid Loss: 0.5673, Valid MSE: 0.1617, Valid MAE: 0.2714
###Update tasks appear###
Test low! Updating! Test MSE: 0.0921, Test MAE: 0.2125, Test low! Updating! Valid Loss: 0.5673, epoch:  47
Epoch: 048, Training Time: 6.2955 secs
Epoch: 048, Validation Time: 0.6346 secs
-----------------------
Epoch: 048, Train Loss: 0.2321, Train MSE: 0.1177, Train MAE: 0.2209
Epoch: 048, Valid Loss: 0.5750, Valid MSE: 0.1601, Valid MAE: 0.2704
No update
Epoch: 049, Training Time: 6.3424 secs
Epoch: 049, Validation Time: 0.5487 secs
-----------------------
Epoch: 049, Train Loss: 0.2306, Train MSE: 0.1174, Train MAE: 0.2206
Epoch: 049, Valid Loss: 0.5575, Valid MSE: 0.1627, Valid MAE: 0.2726
###Update tasks appear###
No update
Epoch: 050, Training Time: 6.2341 secs
Epoch: 050, Validation Time: 0.5619 secs
-----------------------
Epoch: 050, Train Loss: 0.2295, Train MSE: 0.1166, Train MAE: 0.2202
Epoch: 050, Valid Loss: 0.5642, Valid MSE: 0.1611, Valid MAE: 0.2711
###Update tasks appear###
No update
Epoch: 051, Training Time: 6.5790 secs
Epoch: 051, Validation Time: 0.5572 secs
-----------------------
Epoch: 051, Train Loss: 0.2297, Train MSE: 0.1165, Train MAE: 0.2199
Epoch: 051, Valid Loss: 0.5597, Valid MSE: 0.1578, Valid MAE: 0.2682
###Update tasks appear###
No update
Epoch: 052, Training Time: 6.1044 secs
Epoch: 052, Validation Time: 0.5369 secs
-----------------------
Epoch: 052, Train Loss: 0.2287, Train MSE: 0.1157, Train MAE: 0.2190
Epoch: 052, Valid Loss: 0.5673, Valid MSE: 0.1605, Valid MAE: 0.2706
No update
Epoch: 053, Training Time: 6.1699 secs
Epoch: 053, Validation Time: 0.6535 secs
-----------------------
Epoch: 053, Train Loss: 0.2267, Train MSE: 0.1157, Train MAE: 0.2193
Epoch: 053, Valid Loss: 0.5655, Valid MSE: 0.1576, Valid MAE: 0.2680
###Update tasks appear###
Test low! Updating! Test MSE: 0.0917, Test MAE: 0.2111, Test low! Updating! Valid Loss: 0.5655, epoch:  53
Epoch: 054, Training Time: 6.1208 secs
Epoch: 054, Validation Time: 0.5749 secs
-----------------------
Epoch: 054, Train Loss: 0.2264, Train MSE: 0.1155, Train MAE: 0.2191
Epoch: 054, Valid Loss: 0.5753, Valid MSE: 0.1611, Valid MAE: 0.2711
No update
Epoch: 055, Training Time: 6.1703 secs
Epoch: 055, Validation Time: 0.5409 secs
-----------------------
Epoch: 055, Train Loss: 0.2265, Train MSE: 0.1156, Train MAE: 0.2190
Epoch: 055, Valid Loss: 0.5654, Valid MSE: 0.1583, Valid MAE: 0.2686
###Update tasks appear###
No update
Epoch: 056, Training Time: 6.6902 secs
Epoch: 056, Validation Time: 0.5243 secs
-----------------------
Epoch: 056, Train Loss: 0.2257, Train MSE: 0.1153, Train MAE: 0.2185
Epoch: 056, Valid Loss: 0.5622, Valid MSE: 0.1605, Valid MAE: 0.2706
###Update tasks appear###
No update
Epoch: 057, Training Time: 6.1699 secs
Epoch: 057, Validation Time: 0.5470 secs
-----------------------
Epoch: 057, Train Loss: 0.2251, Train MSE: 0.1147, Train MAE: 0.2182
Epoch: 057, Valid Loss: 0.5492, Valid MSE: 0.1578, Valid MAE: 0.2684
###Update tasks appear###
Test low! Updating! Test MSE: 0.0916, Test MAE: 0.2109, Test low! Updating! Valid Loss: 0.5492, epoch:  57
Epoch: 058, Training Time: 6.6451 secs
Epoch: 058, Validation Time: 0.5418 secs
-----------------------
Epoch: 058, Train Loss: 0.2244, Train MSE: 0.1143, Train MAE: 0.2180
Epoch: 058, Valid Loss: 0.5462, Valid MSE: 0.1596, Valid MAE: 0.2697
###Update tasks appear###
No update
Epoch: 059, Training Time: 6.0858 secs
Epoch: 059, Validation Time: 0.5597 secs
-----------------------
Epoch: 059, Train Loss: 0.2239, Train MSE: 0.1150, Train MAE: 0.2181
Epoch: 059, Valid Loss: 0.5387, Valid MSE: 0.1585, Valid MAE: 0.2687
###Update tasks appear###
No update
Epoch: 060, Training Time: 6.5226 secs
Epoch: 060, Validation Time: 0.6005 secs
-----------------------
Epoch: 060, Train Loss: 0.2234, Train MSE: 0.1145, Train MAE: 0.2181
Epoch: 060, Valid Loss: 0.5241, Valid MSE: 0.1526, Valid MAE: 0.2642
###Update tasks appear###
No update
Epoch: 061, Training Time: 6.0695 secs
Epoch: 061, Validation Time: 0.5521 secs
-----------------------
Epoch: 061, Train Loss: 0.2217, Train MSE: 0.1135, Train MAE: 0.2170
Epoch: 061, Valid Loss: 0.5419, Valid MSE: 0.1541, Valid MAE: 0.2655
###Update tasks appear###
No update
Epoch: 062, Training Time: 6.1677 secs
Epoch: 062, Validation Time: 0.5614 secs
-----------------------
Epoch: 062, Train Loss: 0.2219, Train MSE: 0.1140, Train MAE: 0.2174
Epoch: 062, Valid Loss: 0.5215, Valid MSE: 0.1584, Valid MAE: 0.2688
###Update tasks appear###
No update
Epoch: 063, Training Time: 6.0274 secs
Epoch: 063, Validation Time: 0.5629 secs
-----------------------
Epoch: 063, Train Loss: 0.2206, Train MSE: 0.1139, Train MAE: 0.2175
Epoch: 063, Valid Loss: 0.5115, Valid MSE: 0.1554, Valid MAE: 0.2663
###Update tasks appear###
Test low! Updating! Test MSE: 0.0914, Test MAE: 0.2103, Test low! Updating! Valid Loss: 0.5115, epoch:  63
Epoch: 064, Training Time: 6.1621 secs
Epoch: 064, Validation Time: 0.5708 secs
-----------------------
Epoch: 064, Train Loss: 0.2199, Train MSE: 0.1136, Train MAE: 0.2172
Epoch: 064, Valid Loss: 0.5155, Valid MSE: 0.1537, Valid MAE: 0.2654
No update
Epoch: 065, Training Time: 6.6853 secs
Epoch: 065, Validation Time: 0.5529 secs
-----------------------
Epoch: 065, Train Loss: 0.2190, Train MSE: 0.1129, Train MAE: 0.2163
Epoch: 065, Valid Loss: 0.4994, Valid MSE: 0.1510, Valid MAE: 0.2631
###Update tasks appear###
No update
Epoch: 066, Training Time: 6.0938 secs
Epoch: 066, Validation Time: 0.5637 secs
-----------------------
Epoch: 066, Train Loss: 0.2181, Train MSE: 0.1132, Train MAE: 0.2166
Epoch: 066, Valid Loss: 0.5065, Valid MSE: 0.1514, Valid MAE: 0.2635
###Update tasks appear###
Test low! Updating! Test MSE: 0.0911, Test MAE: 0.2096, Test low! Updating! Valid Loss: 0.5065, epoch:  66
Epoch: 067, Training Time: 6.4718 secs
Epoch: 067, Validation Time: 0.5997 secs
-----------------------
Epoch: 067, Train Loss: 0.2183, Train MSE: 0.1129, Train MAE: 0.2163
Epoch: 067, Valid Loss: 0.5047, Valid MSE: 0.1519, Valid MAE: 0.2641
###Update tasks appear###
No update
Epoch: 068, Training Time: 6.1078 secs
Epoch: 068, Validation Time: 0.5469 secs
-----------------------
Epoch: 068, Train Loss: 0.2168, Train MSE: 0.1125, Train MAE: 0.2160
Epoch: 068, Valid Loss: 0.4987, Valid MSE: 0.1528, Valid MAE: 0.2646
###Update tasks appear###
No update
Epoch: 069, Training Time: 6.1415 secs
Epoch: 069, Validation Time: 0.6183 secs
-----------------------
Epoch: 069, Train Loss: 0.2171, Train MSE: 0.1125, Train MAE: 0.2160
Epoch: 069, Valid Loss: 0.5026, Valid MSE: 0.1554, Valid MAE: 0.2672
###Update tasks appear###
No update
Epoch: 070, Training Time: 6.0392 secs
Epoch: 070, Validation Time: 0.5544 secs
-----------------------
Epoch: 070, Train Loss: 0.2160, Train MSE: 0.1122, Train MAE: 0.2159
Epoch: 070, Valid Loss: 0.4938, Valid MSE: 0.1530, Valid MAE: 0.2651
###Update tasks appear###
No update
Epoch: 071, Training Time: 6.2035 secs
Epoch: 071, Validation Time: 0.5536 secs
-----------------------
Epoch: 071, Train Loss: 0.2157, Train MSE: 0.1122, Train MAE: 0.2158
Epoch: 071, Valid Loss: 0.4971, Valid MSE: 0.1530, Valid MAE: 0.2651
###Update tasks appear###
Test low! Updating! Test MSE: 0.0910, Test MAE: 0.2099, Test low! Updating! Valid Loss: 0.4971, epoch:  71
Epoch: 072, Training Time: 6.0778 secs
Epoch: 072, Validation Time: 0.5523 secs
-----------------------
Epoch: 072, Train Loss: 0.2153, Train MSE: 0.1120, Train MAE: 0.2155
Epoch: 072, Valid Loss: 0.4956, Valid MSE: 0.1512, Valid MAE: 0.2639
###Update tasks appear###
No update
Epoch: 073, Training Time: 6.2247 secs
Epoch: 073, Validation Time: 0.5813 secs
-----------------------
Epoch: 073, Train Loss: 0.2144, Train MSE: 0.1119, Train MAE: 0.2155
Epoch: 073, Valid Loss: 0.4850, Valid MSE: 0.1513, Valid MAE: 0.2644
###Update tasks appear###
Test low! Updating! Test MSE: 0.0906, Test MAE: 0.2094, Test low! Updating! Valid Loss: 0.4850, epoch:  73
Epoch: 074, Training Time: 6.1598 secs
Epoch: 074, Validation Time: 0.5209 secs
-----------------------
Epoch: 074, Train Loss: 0.2140, Train MSE: 0.1116, Train MAE: 0.2151
Epoch: 074, Valid Loss: 0.4929, Valid MSE: 0.1538, Valid MAE: 0.2660
No update
Epoch: 075, Training Time: 6.1012 secs
Epoch: 075, Validation Time: 0.5305 secs
-----------------------
Epoch: 075, Train Loss: 0.2131, Train MSE: 0.1114, Train MAE: 0.2150
Epoch: 075, Valid Loss: 0.4851, Valid MSE: 0.1476, Valid MAE: 0.2612
No update
Epoch: 076, Training Time: 6.1957 secs
Epoch: 076, Validation Time: 0.5816 secs
-----------------------
Epoch: 076, Train Loss: 0.2124, Train MSE: 0.1113, Train MAE: 0.2150
Epoch: 076, Valid Loss: 0.4872, Valid MSE: 0.1506, Valid MAE: 0.2639
No update
Epoch: 077, Training Time: 6.5950 secs
Epoch: 077, Validation Time: 0.5449 secs
-----------------------
Epoch: 077, Train Loss: 0.2122, Train MSE: 0.1115, Train MAE: 0.2153
Epoch: 077, Valid Loss: 0.4895, Valid MSE: 0.1511, Valid MAE: 0.2642
No update
Epoch: 078, Training Time: 6.1168 secs
Epoch: 078, Validation Time: 0.5508 secs
-----------------------
Epoch: 078, Train Loss: 0.2118, Train MSE: 0.1110, Train MAE: 0.2148
Epoch: 078, Valid Loss: 0.4886, Valid MSE: 0.1505, Valid MAE: 0.2640
No update
Epoch: 079, Training Time: 6.2484 secs
Epoch: 079, Validation Time: 0.5817 secs
-----------------------
Epoch: 079, Train Loss: 0.2104, Train MSE: 0.1109, Train MAE: 0.2148
Epoch: 079, Valid Loss: 0.4857, Valid MSE: 0.1502, Valid MAE: 0.2638
No update
Epoch: 080, Training Time: 6.4214 secs
Epoch: 080, Validation Time: 0.6017 secs
-----------------------
Epoch: 080, Train Loss: 0.2102, Train MSE: 0.1108, Train MAE: 0.2147
Epoch: 080, Valid Loss: 0.4739, Valid MSE: 0.1499, Valid MAE: 0.2637
###Update tasks appear###
Test low! Updating! Test MSE: 0.0898, Test MAE: 0.2086, Test low! Updating! Valid Loss: 0.4739, epoch:  80
Epoch: 081, Training Time: 6.0562 secs
Epoch: 081, Validation Time: 0.5533 secs
-----------------------
Epoch: 081, Train Loss: 0.2087, Train MSE: 0.1103, Train MAE: 0.2144
Epoch: 081, Valid Loss: 0.4753, Valid MSE: 0.1494, Valid MAE: 0.2633
No update
Epoch: 082, Training Time: 6.1756 secs
Epoch: 082, Validation Time: 0.5549 secs
-----------------------
Epoch: 082, Train Loss: 0.2088, Train MSE: 0.1103, Train MAE: 0.2142
Epoch: 082, Valid Loss: 0.4769, Valid MSE: 0.1505, Valid MAE: 0.2642
No update
Epoch: 083, Training Time: 6.4782 secs
Epoch: 083, Validation Time: 0.6357 secs
-----------------------
Epoch: 083, Train Loss: 0.2087, Train MSE: 0.1102, Train MAE: 0.2140
Epoch: 083, Valid Loss: 0.4746, Valid MSE: 0.1482, Valid MAE: 0.2624
No update
Epoch: 084, Training Time: 6.3086 secs
Epoch: 084, Validation Time: 0.5698 secs
-----------------------
Epoch: 084, Train Loss: 0.2078, Train MSE: 0.1105, Train MAE: 0.2146
Epoch: 084, Valid Loss: 0.4742, Valid MSE: 0.1498, Valid MAE: 0.2638
No update
Epoch: 085, Training Time: 6.1229 secs
Epoch: 085, Validation Time: 0.5429 secs
-----------------------
Epoch: 085, Train Loss: 0.2075, Train MSE: 0.1102, Train MAE: 0.2141
Epoch: 085, Valid Loss: 0.4741, Valid MSE: 0.1489, Valid MAE: 0.2632
No update
Epoch: 086, Training Time: 6.0754 secs
Epoch: 086, Validation Time: 0.5685 secs
-----------------------
Epoch: 086, Train Loss: 0.2066, Train MSE: 0.1099, Train MAE: 0.2139
Epoch: 086, Valid Loss: 0.4741, Valid MSE: 0.1484, Valid MAE: 0.2629
No update
Epoch: 087, Training Time: 6.5606 secs
Epoch: 087, Validation Time: 0.5586 secs
-----------------------
Epoch: 087, Train Loss: 0.2063, Train MSE: 0.1098, Train MAE: 0.2139
Epoch: 087, Valid Loss: 0.4737, Valid MSE: 0.1491, Valid MAE: 0.2636
###Update tasks appear###
Test low! Updating! Test MSE: 0.0893, Test MAE: 0.2082, Test low! Updating! Valid Loss: 0.4737, epoch:  87
Epoch: 088, Training Time: 6.1318 secs
Epoch: 088, Validation Time: 0.5488 secs
-----------------------
Epoch: 088, Train Loss: 0.2057, Train MSE: 0.1100, Train MAE: 0.2140
Epoch: 088, Valid Loss: 0.4717, Valid MSE: 0.1483, Valid MAE: 0.2630
###Update tasks appear###
Test low! Updating! Test MSE: 0.0893, Test MAE: 0.2082, Test low! Updating! Valid Loss: 0.4717, epoch:  88
Epoch: 089, Training Time: 6.6482 secs
Epoch: 089, Validation Time: 0.6273 secs
-----------------------
Epoch: 089, Train Loss: 0.2060, Train MSE: 0.1100, Train MAE: 0.2139
Epoch: 089, Valid Loss: 0.4701, Valid MSE: 0.1487, Valid MAE: 0.2633
###Update tasks appear###
Test low! Updating! Test MSE: 0.0892, Test MAE: 0.2082, Test low! Updating! Valid Loss: 0.4701, epoch:  89
Epoch: 090, Training Time: 6.0945 secs
Epoch: 090, Validation Time: 0.5841 secs
-----------------------
Epoch: 090, Train Loss: 0.2050, Train MSE: 0.1100, Train MAE: 0.2139
Epoch: 090, Valid Loss: 0.4687, Valid MSE: 0.1481, Valid MAE: 0.2629
###Update tasks appear###
Test low! Updating! Test MSE: 0.0892, Test MAE: 0.2081, Test low! Updating! Valid Loss: 0.4687, epoch:  90
Epoch: 091, Training Time: 6.3639 secs
Epoch: 091, Validation Time: 0.6665 secs
-----------------------
Epoch: 091, Train Loss: 0.2045, Train MSE: 0.1096, Train MAE: 0.2137
Epoch: 091, Valid Loss: 0.4701, Valid MSE: 0.1480, Valid MAE: 0.2629
No update
Epoch: 092, Training Time: 6.3492 secs
Epoch: 092, Validation Time: 0.5455 secs
-----------------------
Epoch: 092, Train Loss: 0.2041, Train MSE: 0.1099, Train MAE: 0.2138
Epoch: 092, Valid Loss: 0.4697, Valid MSE: 0.1487, Valid MAE: 0.2634
No update
Epoch: 093, Training Time: 6.1664 secs
Epoch: 093, Validation Time: 0.5433 secs
-----------------------
Epoch: 093, Train Loss: 0.2041, Train MSE: 0.1097, Train MAE: 0.2137
Epoch: 093, Valid Loss: 0.4700, Valid MSE: 0.1486, Valid MAE: 0.2633
No update
Epoch: 094, Training Time: 6.1466 secs
Epoch: 094, Validation Time: 0.5790 secs
-----------------------
Epoch: 094, Train Loss: 0.2042, Train MSE: 0.1097, Train MAE: 0.2137
Epoch: 094, Valid Loss: 0.4694, Valid MSE: 0.1487, Valid MAE: 0.2634
No update
Epoch: 095, Training Time: 6.4904 secs
Epoch: 095, Validation Time: 0.5413 secs
-----------------------
Epoch: 095, Train Loss: 0.2039, Train MSE: 0.1091, Train MAE: 0.2134
Epoch: 095, Valid Loss: 0.4694, Valid MSE: 0.1487, Valid MAE: 0.2635
No update
Epoch: 096, Training Time: 6.0748 secs
Epoch: 096, Validation Time: 0.5701 secs
-----------------------
Epoch: 096, Train Loss: 0.2040, Train MSE: 0.1098, Train MAE: 0.2139
Epoch: 096, Valid Loss: 0.4690, Valid MSE: 0.1486, Valid MAE: 0.2634
No update
Epoch: 097, Training Time: 6.2426 secs
Epoch: 097, Validation Time: 0.5660 secs
-----------------------
Epoch: 097, Train Loss: 0.2031, Train MSE: 0.1093, Train MAE: 0.2135
Epoch: 097, Valid Loss: 0.4690, Valid MSE: 0.1486, Valid MAE: 0.2634
No update
Epoch: 098, Training Time: 6.5067 secs
Epoch: 098, Validation Time: 0.5858 secs
-----------------------
Epoch: 098, Train Loss: 0.2035, Train MSE: 0.1095, Train MAE: 0.2136
Epoch: 098, Valid Loss: 0.4691, Valid MSE: 0.1485, Valid MAE: 0.2633
No update
Epoch: 099, Training Time: 6.4047 secs
Epoch: 099, Validation Time: 0.5592 secs
-----------------------
Epoch: 099, Train Loss: 0.2031, Train MSE: 0.1096, Train MAE: 0.2138
Epoch: 099, Valid Loss: 0.4691, Valid MSE: 0.1485, Valid MAE: 0.2633
No update
Epoch: 100, Training Time: 6.0479 secs
Epoch: 100, Validation Time: 0.5718 secs
-----------------------
Epoch: 100, Train Loss: 0.2030, Train MSE: 0.1089, Train MAE: 0.2131
Epoch: 100, Valid Loss: 0.4691, Valid MSE: 0.1485, Valid MAE: 0.2633
No update
Average Training Time: 6.2377 secs/epoch
Average Validation Time: 0.5667 secs
Training ends
The epoch of the best result： 90
The valid loss of the best model 0.4687
Test time (total): 4.3803 seconds
On average horizons, Test MSE: 0.0892, Test MAE: 0.2081
Average Testing Time: nan secs
Total time spent: 816.5659
